Sep 16 23:59:59 RUP2103-2-A7280-1 stm[2144]: <501100> <2144> <NOTI> <RUP2103-2-A7280-1 10.47.0.32>  Assoc success @ 23:59:59.967402: 14:c2:13:cc:3b:74: AP 10.45.81.54-38:17:c3:82:d7:21-StuU140-AP345-3
Sep 16 23:59:59 RUP2103-2-A7280-1 stm[2144]: <501080> <2144> <NOTI> <RUP2103-2-A7280-1 10.47.0.32>  Deauth to sta: 14:c2:13:cc:3b:74: Ageout AP 10.45.81.10-38:17:c3:82:d4:71-StuU140-AP345-2 STA has roamed to another AP
Sep 16 23:59:59 10.45.83.70 stm[2978]:  <501080> <NOTI> |AP Wood330-AP345-2@10.45.83.70 stm|  Deauth to sta: 3c:15:c2:ca:b2:12: Ageout AP 10.45.83.70-90:4c:81:8e:8a:01-Wood330-AP345-2 Client Match
Sep 16 23:59:59 10.44.134.236 stm[4650]:  <501105> <NOTI> |AP Colv2102-AP325-1@10.44.134.236 stm|  Deauth from sta: 90:cd:b6:13:87:89: AP 10.44.134.236-40:e3:d6:51:c0:c2-Colv2102-AP325-1 Reason Ptk Challenge Failed
Sep 16 23:59:59 10.47.0.22 stm[1806]: <501080> <3789> <NOTI> < 10.47.0.22>  Deauth to sta: 90:cd:b6:13:87:89: Ageout AP 10.44.134.236-40:e3:d6:51:c0:c2-Colv2102-AP325-1 Ptk Challenge Failed
Sep 16 23:59:59 10.47.0.22 stm[1806]: <501106> <3789> <NOTI> < 10.47.0.22>  Deauth to sta: 90:cd:b6:13:87:89: Ageout AP 10.44.134.236-40:e3:d6:51:c0:c2-Colv2102-AP325-1 wifi_deauth_sta
Sep 16 23:59:59 RUP2103-2-A7280-2 stm[7160]: <501100> <7160> <NOTI> <RUP2103-2-A7280-2 10.47.0.33>  Assoc success @ 23:59:59.292236: d8:9c:67:3c:6d:53: AP 10.44.196.134-40:e3:d6:52:93:50-McEn307-AP325-1
Sep 16 23:59:59 AtkiG20-C5-A7280-2 stm[2085]: <501100> <2085> <NOTI> <AtkiG20-C5-A7280-2 10.47.0.23>  Assoc success @ 23:59:59.186330: 00:17:23:e2:08:52: AP 10.44.26.82-f0:5c:19:b9:0d:20-EXT-McCoC126-AP277-1
Sep 16 23:59:59 10.45.65.64 stm[1693]:  <501105> <NOTI> |AP Atki105D-AP345-2@10.45.65.64 stm|  Deauth from sta: a4:d9:31:02:f4:3f: AP 10.45.65.64-38:17:c3:82:df:11-Atki105D-AP345-2 Reason STA has roamed to another AP
Sep 16 23:59:59 10.45.65.70 stm[1694]:  <501100> <NOTI> |AP Atki102-AP345-1@10.45.65.70 stm|  Assoc success @ 23:59:59.039448: a4:d9:31:02:f4:3f: AP 10.45.65.70-38:17:c3:84:54:71-Atki102-AP345-1
Sep 16 23:59:59 10.47.0.22 stm[1806]: <501100> <1806> <NOTI> < 10.47.0.22>  Assoc success @ 23:59:59.037987: a4:d9:31:02:f4:3f: AP 10.45.65.70-38:17:c3:84:54:71-Atki102-AP345-1
Sep 16 23:59:59 10.45.65.70 stm[1694]:  <501095> <NOTI> |AP Atki102-AP345-1@10.45.65.70 stm|  Assoc request @ 23:59:59.036081: a4:d9:31:02:f4:3f (SN 3016): AP 10.45.65.70-38:17:c3:84:54:71-Atki102-AP345-1
Sep 16 23:59:59 10.47.0.22 stm[1806]: <501080> <1806> <NOTI> < 10.47.0.22>  Deauth to sta: a4:d9:31:02:f4:3f: Ageout AP 10.45.65.64-38:17:c3:82:df:11-Atki105D-AP345-2 STA has roamed to another AP
Sep 16 23:59:59 10.45.65.70 stm[1694]:  <501093> <NOTI> |AP Atki102-AP345-1@10.45.65.70 stm|  Auth success: a4:d9:31:02:f4:3f: AP 10.45.65.70-38:17:c3:84:54:71-Atki102-AP345-1
Sep 16 23:59:58 RUP2103-2-A7280-2 stm[7160]: <501100> <7160> <NOTI> <RUP2103-2-A7280-2 10.47.0.33>  Assoc success @ 23:59:58.982251: 00:9d:6b:ec:67:13: AP 10.45.81.22-48:4a:e9:d5:d1:b1-EXT-StuU140A-AP375-1
Sep 16 23:59:58 RUP2103-2-A7280-2 stm[7160]: <501080> <7160> <NOTI> <RUP2103-2-A7280-2 10.47.0.33>  Deauth to sta: 00:9d:6b:ec:67:13: Ageout AP 10.45.81.54-38:17:c3:82:d7:31-StuU140-AP345-3 STA has roamed to another AP
Sep 16 23:59:58 10.44.84.235 stm[3381]:  <501106> <NOTI> |AP Foun112-AP325-1@10.44.84.235 stm|  Deauth to sta: 00:80:92:dc:35:bd: Ageout AP 10.44.84.235-ac:a3:1e:58:50:80-Foun112-AP325-1 handle_sapcp
Sep 16 23:59:58 RUP2103-2-A7280-2 stm[7160]: <501100> <7160> <NOTI> <RUP2103-2-A7280-2 10.47.0.33>  Assoc success @ 23:59:58.805207: d0:d2:b0:92:df:70: AP 10.44.6.54-ac:a3:1e:5a:58:b1-Faci208-AP325-1
Sep 16 23:59:58 10.45.64.202 stm[1684]:  <501105> <NOTI> |AP Atki110A-AP345-1@10.45.64.202 stm|  Deauth from sta: 48:89:e7:e4:69:70: AP 10.45.64.202-90:4c:81:8b:c3:50-Atki110A-AP345-1 Reason Unspecified Failure
Sep 16 23:59:58 RUP2103-2-A7280-2 stm[7160]: <501100> <7160> <NOTI> <RUP2103-2-A7280-2 10.47.0.33>  Assoc success @ 23:59:58.651019: 28:ff:3c:44:c5:59: AP 10.44.6.50-b4:5d:50:13:49:11-EXT-Faci131-AP275-1
Sep 16 23:59:58 RUP2103-2-A7280-2 stm[7160]: <501100> <7160> <NOTI> <RUP2103-2-A7280-2 10.47.0.33>  Assoc success @ 23:59:58.495138: 84:41:67:b7:8f:62: AP 10.44.134.216-40:e3:d6:51:94:70-Colv1003A-AP325-1
Sep 16 23:59:58 RUP2103-2-A7280-2 stm[7160]: <501080> <7160> <NOTI> <RUP2103-2-A7280-2 10.47.0.33>  Deauth to sta: 84:41:67:b7:8f:62: Ageout AP 10.44.134.226-40:e3:d6:51:ec:b0-Colv1044A-AP325-1 STA has roamed to another AP
Sep 16 23:59:58 RUP2103-2-A7280-2 stm[7160]: <501100> <7160> <NOTI> <RUP2103-2-A7280-2 10.47.0.33>  Assoc success @ 23:59:58.483483: 40:cb:c0:74:5c:1c: AP 10.45.81.22-48:4a:e9:d5:d1:a1-EXT-StuU140A-AP375-1
Sep 16 23:59:58 RUP2103-2-A7280-2 stm[7160]: <501080> <7160> <NOTI> <RUP2103-2-A7280-2 10.47.0.33>  Deauth to sta: 40:cb:c0:74:5c:1c: Ageout AP 10.45.81.10-38:17:c3:82:d4:61-StuU140-AP345-2 STA has roamed to another AP
Sep 16 23:59:58 RUP2103-2-A7280-2 stm[7160]: <501100> <7160> <NOTI> <RUP2103-2-A7280-2 10.47.0.33>  Assoc success @ 23:59:58.450630: 00:80:92:68:92:7e: AP 10.44.56.41-b4:5d:50:13:2d:40-EXT-JBui100B-AP275-1
Sep 16 23:59:58 10.44.192.120 stm[1695]:  <501100> <NOTI> |AP Pros114-AP345-1@10.44.192.120 stm|  Assoc success @ 23:59:58.243699: 40:83:de:f6:d9:f9: AP 10.44.192.120-38:17:c3:82:de:70-Pros114-AP345-1
Sep 16 23:59:58 10.47.0.22 stm[1806]: <501100> <1806> <NOTI> < 10.47.0.22>  Assoc success @ 23:59:58.243038: 40:83:de:f6:d9:f9: AP 10.44.192.120-38:17:c3:82:de:70-Pros114-AP345-1
Sep 16 23:59:58 10.44.192.120 stm[1695]:  <501095> <NOTI> |AP Pros114-AP345-1@10.44.192.120 stm|  Assoc request @ 23:59:58.240457: 40:83:de:f6:d9:f9 (SN 75): AP 10.44.192.120-38:17:c3:82:de:70-Pros114-AP345-1
Sep 16 23:59:58 10.44.192.120 stm[1695]:  <501093> <NOTI> |AP Pros114-AP345-1@10.44.192.120 stm|  Auth success: 40:83:de:f6:d9:f9: AP 10.44.192.120-38:17:c3:82:de:70-Pros114-AP345-1
Sep 16 23:59:58 AtkiG20-C5-A7280-2 stm[2085]: <501100> <2085> <NOTI> <AtkiG20-C5-A7280-2 10.47.0.23>  Assoc success @ 23:59:58.160935: 68:14:01:26:b9:ed: AP 10.44.134.150-ac:a3:1e:5a:a0:c0-Colv4035-AP325-1
Sep 16 23:59:58 10.44.84.240 stm[2422]:  <501106> <NOTI> |AP Foun120-AP325-1@10.44.84.240 stm|  Deauth to sta: 00:80:92:dc:35:bd: Ageout AP 10.44.84.240-40:e3:d6:52:8f:e0-Foun120-AP325-1 handle_sapcp
Sep 16 23:59:57 AtkiG20-C5-A7280-2 stm[2085]: <501080> <5061> <NOTI> <AtkiG20-C5-A7280-2 10.47.0.23>  Deauth to sta: 68:14:01:26:b9:ed: Ageout AP 10.44.134.150-ac:a3:1e:5a:a0:c0-Colv4035-AP325-1 APAE Disconnect
Sep 16 23:59:57 AtkiG20-C5-A7280-2 stm[2085]: <501106> <5061> <NOTI> <AtkiG20-C5-A7280-2 10.47.0.23>  Deauth to sta: 68:14:01:26:b9:ed: Ageout AP 10.44.134.150-ac:a3:1e:5a:a0:c0-Colv4035-AP325-1 wifi_deauth_sta
Sep 16 23:59:57 RUP2103-2-A7280-2 stm[7160]: <501100> <7160> <NOTI> <RUP2103-2-A7280-2 10.47.0.33>  Assoc success @ 23:59:57.719092: 58:cb:52:38:44:9f: AP 10.44.18.127-a8:bd:27:e3:cb:30-Duke201-AP335-1
Sep 16 23:59:57 RUP2103-2-A7280-2 stm[7160]: <501080> <7160> <NOTI> <RUP2103-2-A7280-2 10.47.0.33>  Deauth to sta: 58:cb:52:38:44:9f: Ageout AP 10.44.18.123-a8:bd:27:e3:da:d0-Duke208-AP335-2 STA has roamed to another AP
Sep 16 23:59:57 AtkiG20-C5-A7280-2 stm[2085]: <501100> <2085> <NOTI> <AtkiG20-C5-A7280-2 10.47.0.23>  Assoc success @ 23:59:57.419556: 00:17:23:e2:08:52: AP 10.44.26.82-f0:5c:19:b9:0d:20-EXT-McCoC126-AP277-1
Sep 16 23:59:57 10.44.84.242 stm[2422]:  <501080> <NOTI> |AP Foun104-AP325-1@10.44.84.242 stm|  Deauth to sta: 00:80:92:dc:35:bd: Ageout AP 10.44.84.242-40:e3:d6:54:f7:c0-Foun104-AP325-1 Sapcp Ageout (internal ageout) 
Sep 16 23:59:57 10.44.84.242 stm[2422]:  <501106> <NOTI> |AP Foun104-AP325-1@10.44.84.242 stm|  Deauth to sta: 00:80:92:dc:35:bd: Ageout AP 10.44.84.242-40:e3:d6:54:f7:c0-Foun104-AP325-1 handle_sapcp
Sep 16 23:59:57 10.44.84.236 stm[4622]:  <501106> <NOTI> |AP Foun206A-AP325-1@10.44.84.236 stm|  Deauth to sta: 00:80:92:dc:35:bd: Ageout AP 10.44.84.236-40:e3:d6:52:aa:e0-Foun206A-AP325-1 handle_sapcp
Sep 16 23:59:57 AtkiG20-C5-A7280-2 stm[2085]: <501080> <5061> <NOTI> <AtkiG20-C5-A7280-2 10.47.0.23>  Deauth to sta: b8:63:4d:45:b9:80: Ageout AP 10.44.125.26-b4:5d:50:13:4a:f0-EXT-HunH215A-AP275-1 Ptk Challenge Failed
Sep 16 23:59:57 AtkiG20-C5-A7280-2 stm[2085]: <501106> <5061> <NOTI> <AtkiG20-C5-A7280-2 10.47.0.23>  Deauth to sta: b8:63:4d:45:b9:80: Ageout AP 10.44.125.26-b4:5d:50:13:4a:f0-EXT-HunH215A-AP275-1 wifi_deauth_sta
Sep 16 23:59:56 RUP2103-2-A7280-1 stm[2144]: <501100> <2144> <NOTI> <RUP2103-2-A7280-1 10.47.0.32>  Assoc success @ 23:59:56.634204: f4:0f:24:0f:bd:01: AP 10.45.64.211-38:17:c3:82:8d:10-Atki225-AP345-2
Sep 16 23:59:56 RUP2103-2-A7280-1 stm[2144]: <501080> <2144> <NOTI> <RUP2103-2-A7280-1 10.47.0.32>  Deauth to sta: f4:0f:24:0f:bd:01: Ageout AP 10.45.64.187-38:17:c3:82:90:20-Atki236-AP345-1 STA has roamed to another AP
Sep 16 23:59:56 RUP2103-2-A7280-1 stm[2144]: <501100> <2144> <NOTI> <RUP2103-2-A7280-1 10.47.0.32>  Assoc success @ 23:59:56.612130: 94:b0:1f:3f:90:70: AP 10.44.70.60-b4:5d:50:13:2a:b1-EXT-Memo110-AP275-1
Sep 16 23:59:56 AtkiG20-C5-A7280-2 stm[2085]: <501100> <2085> <NOTI> <AtkiG20-C5-A7280-2 10.47.0.23>  Assoc success @ 23:59:56.590157: f0:8a:76:7b:f0:6a: AP 10.45.81.68-38:17:c3:84:89:21-StuU241-AP345-1
Sep 16 23:59:56 AtkiG20-C5-A7280-2 stm[2085]: <501080> <2085> <NOTI> <AtkiG20-C5-A7280-2 10.47.0.23>  Deauth to sta: f0:8a:76:7b:f0:6a: Ageout AP 10.45.81.13-38:17:c3:82:97:e1-StuU240-AP345-1 STA has roamed to another AP
Sep 16 23:59:56 10.44.84.245 stm[2423]:  <501106> <NOTI> |AP Foun111-AP325-1@10.44.84.245 stm|  Deauth to sta: 00:80:92:dc:35:bd: Ageout AP 10.44.84.245-ac:a3:1e:58:49:00-Foun111-AP325-1 handle_sapcp
Sep 16 23:59:56 10.44.84.247 stm[2734]:  <501080> <NOTI> |AP Foun103-AP325-1@10.44.84.247 stm|  Deauth to sta: 00:80:92:dc:35:bd: Ageout AP 10.44.84.247-ac:a3:1e:54:14:60-Foun103-AP325-1 Sapcp Ageout (internal ageout) 
Sep 16 23:59:56 10.44.84.247 stm[2734]:  <501106> <NOTI> |AP Foun103-AP325-1@10.44.84.247 stm|  Deauth to sta: 00:80:92:dc:35:bd: Ageout AP 10.44.84.247-ac:a3:1e:54:14:60-Foun103-AP325-1 handle_sapcp
Sep 16 23:59:56 AtkiG20-C5-A7280-2 stm[2085]: <501100> <2085> <NOTI> <AtkiG20-C5-A7280-2 10.47.0.23>  Assoc success @ 23:59:56.128795: d4:53:83:f9:0f:d2: AP 10.44.128.156-40:e3:d6:52:23:51-Robi157-AP325-2
Sep 16 23:59:55 10.44.134.210 stm[4003]:  <501100> <NOTI> |AP Colv5021-AP325-1@10.44.134.210 stm|  Assoc success @ 23:59:55.951628: 90:cd:b6:2b:6e:48: AP 10.44.134.210-40:e3:d6:52:44:c2-Colv5021-AP325-1
Sep 16 23:59:55 10.47.0.22 stm[1806]: <501100> <1806> <NOTI> < 10.47.0.22>  Assoc success @ 23:59:55.954175: 90:cd:b6:2b:6e:48: AP 10.44.134.210-40:e3:d6:52:44:c2-Colv5021-AP325-1
Sep 16 23:59:55 10.44.134.210 stm[4003]:  <501095> <NOTI> |AP Colv5021-AP325-1@10.44.134.210 stm|  Assoc request @ 23:59:55.947192: 90:cd:b6:2b:6e:48 (SN 0): AP 10.44.134.210-40:e3:d6:52:44:c2-Colv5021-AP325-1
Sep 16 23:59:55 10.44.134.210 stm[4003]:  <501093> <NOTI> |AP Colv5021-AP325-1@10.44.134.210 stm|  Auth success: 90:cd:b6:2b:6e:48: AP 10.44.134.210-40:e3:d6:52:44:c2-Colv5021-AP325-1
Sep 16 23:59:55 10.44.134.210 stm[4003]:  <501105> <NOTI> |AP Colv5021-AP325-1@10.44.134.210 stm|  Deauth from sta: 90:cd:b6:2b:6e:48: AP 10.44.134.210-40:e3:d6:52:44:c2-Colv5021-AP325-1 Reason Ptk Challenge Failed
Sep 16 23:59:55 10.47.0.22 stm[1806]: <501080> <3789> <NOTI> < 10.47.0.22>  Deauth to sta: 90:cd:b6:2b:6e:48: Ageout AP 10.44.134.210-40:e3:d6:52:44:c2-Colv5021-AP325-1 Ptk Challenge Failed
Sep 16 23:59:55 10.47.0.22 stm[1806]: <501106> <3789> <NOTI> < 10.47.0.22>  Deauth to sta: 90:cd:b6:2b:6e:48: Ageout AP 10.44.134.210-40:e3:d6:52:44:c2-Colv5021-AP325-1 wifi_deauth_sta
Sep 16 23:59:55 AtkiG20-C5-A7280-2 stm[2085]: <501100> <2085> <NOTI> <AtkiG20-C5-A7280-2 10.47.0.23>  Assoc success @ 23:59:55.506201: 00:17:23:e2:08:52: AP 10.44.26.82-f0:5c:19:b9:0d:20-EXT-McCoC126-AP277-1
Sep 16 23:59:55 10.44.134.236 stm[4650]:  <501100> <NOTI> |AP Colv2102-AP325-1@10.44.134.236 stm|  Assoc success @ 23:59:55.421289: 90:cd:b6:13:87:89: AP 10.44.134.236-40:e3:d6:51:c0:c2-Colv2102-AP325-1
Sep 16 23:59:55 10.47.0.22 stm[1806]: <501100> <1806> <NOTI> < 10.47.0.22>  Assoc success @ 23:59:55.423161: 90:cd:b6:13:87:89: AP 10.44.134.236-40:e3:d6:51:c0:c2-Colv2102-AP325-1
Sep 16 23:59:55 10.44.134.236 stm[4650]:  <501095> <NOTI> |AP Colv2102-AP325-1@10.44.134.236 stm|  Assoc request @ 23:59:55.417009: 90:cd:b6:13:87:89 (SN 0): AP 10.44.134.236-40:e3:d6:51:c0:c2-Colv2102-AP325-1
Sep 16 23:59:55 10.44.134.236 stm[4650]:  <501093> <NOTI> |AP Colv2102-AP325-1@10.44.134.236 stm|  Auth success: 90:cd:b6:13:87:89: AP 10.44.134.236-40:e3:d6:51:c0:c2-Colv2102-AP325-1
Sep 16 23:59:55 AtkiG20-C5-A7280-2 stm[2085]: <501100> <2085> <NOTI> <AtkiG20-C5-A7280-2 10.47.0.23>  Assoc success @ 23:59:55.337702: 9c:e3:3f:c9:2f:30: AP 10.44.24.169-b4:5d:50:13:2b:c1-EXT-Bioi208-AP275-1
Sep 16 23:59:55 10.44.134.236 stm[4650]:  <501105> <NOTI> |AP Colv2102-AP325-1@10.44.134.236 stm|  Deauth from sta: 90:cd:b6:13:87:89: AP 10.44.134.236-40:e3:d6:51:c0:c2-Colv2102-AP325-1 Reason Ptk Challenge Failed
Sep 16 23:59:55 10.47.0.22 stm[1806]: <501080> <3789> <NOTI> < 10.47.0.22>  Deauth to sta: 90:cd:b6:13:87:89: Ageout AP 10.44.134.236-40:e3:d6:51:c0:c2-Colv2102-AP325-1 Ptk Challenge Failed
Sep 16 23:59:55 10.47.0.22 stm[1806]: <501106> <3789> <NOTI> < 10.47.0.22>  Deauth to sta: 90:cd:b6:13:87:89: Ageout AP 10.44.134.236-40:e3:d6:51:c0:c2-Colv2102-AP325-1 wifi_deauth_sta
Sep 16 23:59:54 AtkiG20-C5-A7280-2 stm[2085]: <501100> <2085> <NOTI> <AtkiG20-C5-A7280-2 10.47.0.23>  Assoc success @ 23:59:54.972243: 9c:e3:3f:c9:2f:30: AP 10.44.24.169-b4:5d:50:13:2b:d1-EXT-Bioi208-AP275-1
Sep 16 23:59:54 AtkiG20-C5-A7280-2 stm[2085]: <501080> <2085> <NOTI> <AtkiG20-C5-A7280-2 10.47.0.23>  Deauth to sta: 9c:e3:3f:c9:2f:30: Ageout AP 10.44.24.133-b4:5d:50:13:43:31-EXT-Bioi104-AP275-1 STA has roamed to another AP
Sep 16 23:59:54 AtkiG20-C5-A7280-2 stm[2085]: <501100> <2085> <NOTI> <AtkiG20-C5-A7280-2 10.47.0.23>  Assoc success @ 23:59:54.451940: 00:17:23:e2:08:52: AP 10.44.26.82-f0:5c:19:b9:0d:20-EXT-McCoC126-AP277-1
Sep 16 23:59:54 RUP2103-2-A7280-1 stm[2144]: <501100> <2144> <NOTI> <RUP2103-2-A7280-1 10.47.0.32>  Assoc success @ 23:59:54.387499: 40:83:de:a5:cb:ad: AP 10.44.192.120-38:17:c3:82:de:70-Pros114-AP345-1
Sep 16 23:59:54 RUP2103-2-A7280-2 stm[7160]: <501100> <7160> <NOTI> <RUP2103-2-A7280-2 10.47.0.33>  Assoc success @ 23:59:54.317702: 00:80:92:68:92:7e: AP 10.44.6.60-b4:5d:50:13:75:40-EXT-Faci168-AP275-1
Sep 16 23:59:54 AtkiG20-C5-A7280-2 stm[2085]: <501100> <2085> <NOTI> <AtkiG20-C5-A7280-2 10.47.0.23>  Assoc success @ 23:59:54.162108: b8:63:4d:45:b9:80: AP 10.44.125.26-b4:5d:50:13:4a:f0-EXT-HunH215A-AP275-1
Sep 16 23:59:53 10.44.15.244 stm[2107]:  <501080> <NOTI> |AP EXT-EPIC1424-AP275-2@10.44.15.244 stm|  Deauth to sta: 2c:20:0b:c2:86:29: Ageout AP 10.44.15.244-b4:5d:50:13:2c:a0-EXT-EPIC1424-AP275-2 Sapcp Ageout (internal ageout) 
Sep 16 23:59:53 10.44.15.244 stm[2107]:  <501106> <NOTI> |AP EXT-EPIC1424-AP275-2@10.44.15.244 stm|  Deauth to sta: 2c:20:0b:c2:86:29: Ageout AP 10.44.15.244-b4:5d:50:13:2c:a0-EXT-EPIC1424-AP275-2 handle_sapcp
Sep 16 23:59:53 RUP2103-2-A7280-1 stm[2144]: <501100> <2144> <NOTI> <RUP2103-2-A7280-1 10.47.0.32>  Assoc success @ 23:59:53.591306: 34:08:bc:e9:d2:b8: AP 10.45.81.35-f0:5c:19:b8:45:a1-EXT-StuU012-AP275-1
Sep 16 23:59:53 RUP2103-2-A7280-1 stm[2144]: <501080> <2144> <NOTI> <RUP2103-2-A7280-1 10.47.0.32>  Deauth to sta: 34:08:bc:e9:d2:b8: Ageout AP 10.45.83.95-b4:5d:50:12:c1:01-EXT-Wood161C-AP275-1 STA has roamed to another AP
Sep 16 23:59:53 RUP2103-2-A7280-2 stm[7160]: <501100> <7160> <NOTI> <RUP2103-2-A7280-2 10.47.0.33>  Assoc success @ 23:59:53.423172: e4:b2:fb:c4:f4:6d: AP 10.44.78.181-40:e3:d6:1d:33:11-EXT-SVDH201-AP277-1
Sep 16 23:59:53 10.44.28.25 stm[2105]:  <501100> <NOTI> |AP EXT-BelH151-AP275-1@10.44.28.25 stm|  Assoc success @ 23:59:53.105669: 40:4e:36:1e:55:b5: AP 10.44.28.25-b4:5d:50:13:49:d1-EXT-BelH151-AP275-1
Sep 16 23:59:53 10.47.0.22 stm[1806]: <501100> <1806> <NOTI> < 10.47.0.22>  Assoc success @ 23:59:53.107497: 40:4e:36:1e:55:b5: AP 10.44.28.25-b4:5d:50:13:49:d1-EXT-BelH151-AP275-1
Sep 16 23:59:53 10.44.28.25 stm[2105]:  <501095> <NOTI> |AP EXT-BelH151-AP275-1@10.44.28.25 stm|  Assoc request @ 23:59:53.101177: 40:4e:36:1e:55:b5 (SN 2408): AP 10.44.28.25-b4:5d:50:13:49:d1-EXT-BelH151-AP275-1
Sep 16 23:59:53 10.44.28.25 stm[2105]:  <501093> <NOTI> |AP EXT-BelH151-AP275-1@10.44.28.25 stm|  Auth success: 40:4e:36:1e:55:b5: AP 10.44.28.25-b4:5d:50:13:49:d1-EXT-BelH151-AP275-1
Sep 16 23:59:52 10.45.64.218 stm[1688]:  <501105> <NOTI> |AP Atki300-AP345-4@10.45.64.218 stm|  Deauth from sta: a4:d9:31:ab:f0:34: AP 10.45.64.218-38:17:c3:82:ad:91-Atki300-AP345-4 Reason STA has roamed to another AP
Sep 16 23:59:52 10.45.65.80 stm[1686]:  <501100> <NOTI> |AP Atki300-AP345-6@10.45.65.80 stm|  Assoc success @ 23:59:52.910874: a4:d9:31:ab:f0:34: AP 10.45.65.80-38:17:c3:82:b3:91-Atki300-AP345-6
Sep 16 23:59:52 10.47.0.22 stm[1806]: <501100> <1806> <NOTI> < 10.47.0.22>  Assoc success @ 23:59:52.912068: a4:d9:31:ab:f0:34: AP 10.45.65.80-38:17:c3:82:b3:91-Atki300-AP345-6
Sep 16 23:59:52 10.47.0.22 stm[1806]: <501080> <1806> <NOTI> < 10.47.0.22>  Deauth to sta: a4:d9:31:ab:f0:34: Ageout AP 10.45.64.218-38:17:c3:82:ad:91-Atki300-AP345-4 STA has roamed to another AP
Sep 16 23:59:52 10.45.65.80 stm[1686]:  <501095> <NOTI> |AP Atki300-AP345-6@10.45.65.80 stm|  Assoc request @ 23:59:52.908285: a4:d9:31:ab:f0:34 (SN 3483): AP 10.45.65.80-38:17:c3:82:b3:91-Atki300-AP345-6
Sep 16 23:59:52 10.45.65.80 stm[1686]:  <501093> <NOTI> |AP Atki300-AP345-6@10.45.65.80 stm|  Auth success: a4:d9:31:ab:f0:34: AP 10.45.65.80-38:17:c3:82:b3:91-Atki300-AP345-6
Sep 16 23:59:52 AtkiG20-C5-A7280-2 stm[2085]: <501100> <2085> <NOTI> <AtkiG20-C5-A7280-2 10.47.0.23>  Assoc success @ 23:59:52.601723: e0:33:8e:41:5e:1f: AP 10.44.15.150-ac:a3:1e:5a:5f:11-EPIC1225-AP325-1
Sep 16 23:59:52 AtkiG20-C5-A7280-2 stm[2085]: <501080> <2085> <NOTI> <AtkiG20-C5-A7280-2 10.47.0.23>  Deauth to sta: e0:33:8e:41:5e:1f: Ageout AP 10.44.15.190-ac:a3:1e:5a:68:31-EPIC2289-AP325-1 STA has roamed to another AP
Sep 16 23:59:52 AtkiG20-C5-A7280-2 stm[2085]: <501100> <2085> <NOTI> <AtkiG20-C5-A7280-2 10.47.0.23>  Assoc success @ 23:59:52.591898: 00:17:23:e2:08:52: AP 10.44.26.82-f0:5c:19:b9:0d:20-EXT-McCoC126-AP277-1
Sep 16 23:59:52 RUP2103-2-A7280-2 stm[7160]: <501100> <7160> <NOTI> <RUP2103-2-A7280-2 10.47.0.33>  Assoc success @ 23:59:52.308700: 98:b8:e3:9b:08:81: AP 10.44.136.226-80:8d:b7:7d:59:71-EXT-Gage105-AP375-1
Sep 16 23:59:52 RUP2103-2-A7280-2 stm[7160]: <501100> <7160> <NOTI> <RUP2103-2-A7280-2 10.47.0.33>  Assoc success @ 23:59:52.302048: e4:9a:dc:82:38:31: AP 10.45.64.135-38:17:c3:89:e6:90-Atki205-AP345-1
Sep 16 23:59:51 RUP2103-2-A7280-1 stm[2144]: <501100> <2144> <NOTI> <RUP2103-2-A7280-1 10.47.0.32>  Assoc success @ 23:59:51.971812: 78:4f:43:ca:5d:c7: AP 10.44.62.57-b4:5d:50:18:13:50-EXT-Tenn201-AP277-1
Sep 16 23:59:51 RUP2103-2-A7280-1 stm[2144]: <501080> <2144> <NOTI> <RUP2103-2-A7280-1 10.47.0.32>  Deauth to sta: 78:4f:43:ca:5d:c7: Ageout AP 10.45.83.33-b4:5d:50:12:c4:90-EXT-Wood140-AP275-1 STA has roamed to another AP
Sep 16 23:59:51 10.44.192.120 stm[1695]:  <501100> <NOTI> |AP Pros114-AP345-1@10.44.192.120 stm|  Assoc success @ 23:59:51.944030: 40:83:de:f6:d9:f9: AP 10.44.192.120-38:17:c3:82:de:70-Pros114-AP345-1
Sep 16 23:59:51 10.44.192.120 stm[1695]:  <501095> <NOTI> |AP Pros114-AP345-1@10.44.192.120 stm|  Assoc request @ 23:59:51.940822: 40:83:de:f6:d9:f9 (SN 3892): AP 10.44.192.120-38:17:c3:82:de:70-Pros114-AP345-1
Sep 16 23:59:51 10.47.0.22 stm[1806]: <501100> <1806> <NOTI> < 10.47.0.22>  Assoc success @ 23:59:51.942809: 40:83:de:f6:d9:f9: AP 10.44.192.120-38:17:c3:82:de:70-Pros114-AP345-1
Sep 16 23:59:51 10.44.192.120 stm[1695]:  <501093> <NOTI> |AP Pros114-AP345-1@10.44.192.120 stm|  Auth success: 40:83:de:f6:d9:f9: AP 10.44.192.120-38:17:c3:82:de:70-Pros114-AP345-1
Sep 16 23:59:51 RUP2103-2-A7280-2 stm[7160]: <501100> <7160> <NOTI> <RUP2103-2-A7280-2 10.47.0.33>  Assoc success @ 23:59:51.893066: 28:ff:3c:20:62:a9: AP 10.44.60.17-b4:5d:50:13:7a:31-EXT-Lync101-AP275-1
Sep 16 23:59:51 RUP2103-2-A7280-1 stm[2144]: <501100> <2144> <NOTI> <RUP2103-2-A7280-1 10.47.0.32>  Assoc success @ 23:59:51.564057: 94:bf:2d:4a:0b:22: AP 10.44.28.25-b4:5d:50:13:49:d1-EXT-BelH151-AP275-1
Sep 16 23:59:51 10.44.134.210 stm[4003]:  <501100> <NOTI> |AP Colv5021-AP325-1@10.44.134.210 stm|  Assoc success @ 23:59:51.510016: 90:cd:b6:2b:6e:48: AP 10.44.134.210-40:e3:d6:52:44:c2-Colv5021-AP325-1
Sep 16 23:59:51 10.47.0.22 stm[1806]: <501100> <1806> <NOTI> < 10.47.0.22>  Assoc success @ 23:59:51.513415: 90:cd:b6:2b:6e:48: AP 10.44.134.210-40:e3:d6:52:44:c2-Colv5021-AP325-1
Sep 16 23:59:51 10.44.134.210 stm[4003]:  <501095> <NOTI> |AP Colv5021-AP325-1@10.44.134.210 stm|  Assoc request @ 23:59:51.507048: 90:cd:b6:2b:6e:48 (SN 0): AP 10.44.134.210-40:e3:d6:52:44:c2-Colv5021-AP325-1
Sep 16 23:59:51 10.44.134.210 stm[4003]:  <501093> <NOTI> |AP Colv5021-AP325-1@10.44.134.210 stm|  Auth success: 90:cd:b6:2b:6e:48: AP 10.44.134.210-40:e3:d6:52:44:c2-Colv5021-AP325-1
Sep 16 23:59:51 RUP2103-2-A7280-2 stm[7160]: <501100> <7160> <NOTI> <RUP2103-2-A7280-2 10.47.0.33>  Assoc success @ 23:59:51.278257: 98:b8:e3:9b:08:81: AP 10.44.136.226-80:8d:b7:7d:59:61-EXT-Gage105-AP375-1
Sep 16 23:59:51 10.44.134.210 stm[4003]:  <501105> <NOTI> |AP Colv5021-AP325-1@10.44.134.210 stm|  Deauth from sta: 90:cd:b6:2b:6e:48: AP 10.44.134.210-40:e3:d6:52:44:c2-Colv5021-AP325-1 Reason Ptk Challenge Failed
Sep 16 23:59:51 AtkiG20-C5-A7280-2 stm[2085]: <501100> <2085> <NOTI> <AtkiG20-C5-A7280-2 10.47.0.23>  Assoc success @ 23:59:51.208360: 00:17:23:e2:08:52: AP 10.44.26.82-f0:5c:19:b9:0d:20-EXT-McCoC126-AP277-1
Sep 16 23:59:51 10.47.0.22 stm[1806]: <501080> <3789> <NOTI> < 10.47.0.22>  Deauth to sta: 90:cd:b6:2b:6e:48: Ageout AP 10.44.134.210-40:e3:d6:52:44:c2-Colv5021-AP325-1 Ptk Challenge Failed
Sep 16 23:59:51 10.47.0.22 stm[1806]: <501106> <3789> <NOTI> < 10.47.0.22>  Deauth to sta: 90:cd:b6:2b:6e:48: Ageout AP 10.44.134.210-40:e3:d6:52:44:c2-Colv5021-AP325-1 wifi_deauth_sta
Sep 16 23:59:50 RUP2103-2-A7280-2 stm[7160]: <501100> <7160> <NOTI> <RUP2103-2-A7280-2 10.47.0.33>  Assoc success @ 23:59:50.950921: 8c:45:00:34:3c:be: AP 10.45.65.8-38:17:c3:82:af:11-Atki2COR1-AP345-3
Sep 16 23:59:50 10.44.134.236 stm[4650]:  <501100> <NOTI> |AP Colv2102-AP325-1@10.44.134.236 stm|  Assoc success @ 23:59:50.813572: 90:cd:b6:13:87:89: AP 10.44.134.236-40:e3:d6:51:c0:c2-Colv2102-AP325-1
Sep 16 23:59:50 10.47.0.22 stm[1806]: <501100> <1806> <NOTI> < 10.47.0.22>  Assoc success @ 23:59:50.816945: 90:cd:b6:13:87:89: AP 10.44.134.236-40:e3:d6:51:c0:c2-Colv2102-AP325-1
Sep 16 23:59:50 10.44.134.236 stm[4650]:  <501095> <NOTI> |AP Colv2102-AP325-1@10.44.134.236 stm|  Assoc request @ 23:59:50.810479: 90:cd:b6:13:87:89 (SN 2056): AP 10.44.134.236-40:e3:d6:51:c0:c2-Colv2102-AP325-1
Sep 16 23:59:50 RUP2103-2-A7280-2 stm[7160]: <501100> <7160> <NOTI> <RUP2103-2-A7280-2 10.47.0.33>  Assoc success @ 23:59:50.813502: 58:cb:52:38:44:9f: AP 10.44.18.123-a8:bd:27:e3:da:d0-Duke208-AP335-2
Sep 16 23:59:50 RUP2103-2-A7280-2 stm[7160]: <501080> <7160> <NOTI> <RUP2103-2-A7280-2 10.47.0.33>  Deauth to sta: 58:cb:52:38:44:9f: Ageout AP 10.44.18.180-a8:bd:27:e3:c1:b0-Duke241-AP335-1 STA has roamed to another AP
Sep 16 23:59:50 10.44.134.236 stm[4650]:  <501093> <NOTI> |AP Colv2102-AP325-1@10.44.134.236 stm|  Auth success: 90:cd:b6:13:87:89: AP 10.44.134.236-40:e3:d6:51:c0:c2-Colv2102-AP325-1
Sep 16 23:59:50 AtkiG20-C5-A7280-2 stm[2085]: <501100> <2085> <NOTI> <AtkiG20-C5-A7280-2 10.47.0.23>  Assoc success @ 23:59:50.804811: fc:18:3c:d3:e5:29: AP 10.45.4.92-b4:5d:50:13:79:91-EXT-Cato111-AP275-1
Sep 16 23:59:50 AtkiG20-C5-A7280-2 stm[2085]: <501080> <2085> <NOTI> <AtkiG20-C5-A7280-2 10.47.0.23>  Deauth to sta: fc:18:3c:d3:e5:29: Ageout AP 10.45.2.144-b4:5d:50:13:4b:11-EXT-Fret100-AP275-1 STA has roamed to another AP
Sep 16 23:59:50 RUP2103-2-A7280-2 stm[7160]: <501100> <7160> <NOTI> <RUP2103-2-A7280-2 10.47.0.33>  Assoc success @ 23:59:50.714590: 84:41:67:b7:8f:62: AP 10.44.134.226-40:e3:d6:51:ec:b0-Colv1044A-AP325-1
Sep 16 23:59:50 RUP2103-2-A7280-2 stm[7160]: <501080> <7160> <NOTI> <RUP2103-2-A7280-2 10.47.0.33>  Deauth to sta: 84:41:67:b7:8f:62: Ageout AP 10.44.134.245-40:e3:d6:54:eb:90-Colv1021-AP325-1 STA has roamed to another AP
Sep 16 23:59:50 10.44.134.236 stm[4650]:  <501105> <NOTI> |AP Colv2102-AP325-1@10.44.134.236 stm|  Deauth from sta: 90:cd:b6:13:87:89: AP 10.44.134.236-40:e3:d6:51:c0:c2-Colv2102-AP325-1 Reason Ptk Challenge Failed
Sep 16 23:59:50 10.47.0.22 stm[1806]: <501080> <3789> <NOTI> < 10.47.0.22>  Deauth to sta: 90:cd:b6:13:87:89: Ageout AP 10.44.134.236-40:e3:d6:51:c0:c2-Colv2102-AP325-1 Ptk Challenge Failed
Sep 16 23:59:50 10.47.0.22 stm[1806]: <501106> <3789> <NOTI> < 10.47.0.22>  Deauth to sta: 90:cd:b6:13:87:89: Ageout AP 10.44.134.236-40:e3:d6:51:c0:c2-Colv2102-AP325-1 wifi_deauth_sta
Sep 16 23:59:49 AtkiG20-C5-A7280-2 stm[2085]: <501100> <2085> <NOTI> <AtkiG20-C5-A7280-2 10.47.0.23>  Assoc success @ 23:59:49.964791: 00:17:23:e2:08:52: AP 10.44.26.82-f0:5c:19:b9:0d:20-EXT-McCoC126-AP277-1
Sep 16 23:59:49 RUP2103-2-A7280-1 stm[2144]: <501100> <2144> <NOTI> <RUP2103-2-A7280-1 10.47.0.32>  Assoc success @ 23:59:49.927176: 24:f0:94:9a:da:81: AP 10.44.128.103-ac:a3:1e:5a:52:f1-Robi212-AP325-1
Sep 16 23:59:49 RUP2103-2-A7280-1 stm[2144]: <501080> <2144> <NOTI> <RUP2103-2-A7280-1 10.47.0.32>  Deauth to sta: 24:f0:94:9a:da:81: Ageout AP 10.44.128.101-ac:a3:1e:5a:55:31-Robi220-AP325-1 STA has roamed to another AP
Sep 16 23:59:49 RUP2103-2-A7280-2 stm[7160]: <501100> <7160> <NOTI> <RUP2103-2-A7280-2 10.47.0.33>  Assoc success @ 23:59:49.813633: e4:9a:dc:82:38:31: AP 10.45.64.135-38:17:c3:89:e6:80-Atki205-AP345-1
Sep 16 23:59:49 AtkiG20-C5-A7280-2 stm[2085]: <501100> <2085> <NOTI> <AtkiG20-C5-A7280-2 10.47.0.23>  Assoc success @ 23:59:49.422836: ec:2c:e2:02:09:fc: AP 10.45.72.119-b4:5d:50:13:88:10-EXT-BelG129-AP275-1
Sep 16 23:59:49 AtkiG20-C5-A7280-2 stm[2085]: <501080> <2085> <NOTI> <AtkiG20-C5-A7280-2 10.47.0.23>  Deauth to sta: ec:2c:e2:02:09:fc: Ageout AP 10.45.72.107-ac:a3:1e:59:a9:00-BelG201-AP325-1 STA has roamed to another AP
Sep 16 23:59:49 AtkiG20-C5-A7280-2 stm[2085]: <501100> <2085> <NOTI> <AtkiG20-C5-A7280-2 10.47.0.23>  Assoc success @ 23:59:49.336626: b8:e8:56:03:ac:84: AP 10.45.64.183-38:17:c3:84:68:a1-Atki245-AP345-1
Sep 16 23:59:49 AtkiG20-C5-A7280-2 stm[2085]: <501100> <2085> <NOTI> <AtkiG20-C5-A7280-2 10.47.0.23>  Assoc success @ 23:59:49.205832: d4:53:83:f9:0f:d2: AP 10.44.128.156-40:e3:d6:52:23:41-Robi157-AP325-2
Sep 16 23:59:49 AtkiG20-C5-A7280-2 stm[2085]: <501100> <2085> <NOTI> <AtkiG20-C5-A7280-2 10.47.0.23>  Assoc success @ 23:59:49.127649: 08:f6:9c:19:f7:91: AP 10.44.18.127-a8:bd:27:e3:cb:31-Duke201-AP335-1
Sep 16 23:59:49 AtkiG20-C5-A7280-2 stm[2085]: <501080> <2085> <NOTI> <AtkiG20-C5-A7280-2 10.47.0.23>  Deauth to sta: 08:f6:9c:19:f7:91: Ageout AP 10.44.18.180-a8:bd:27:e3:c1:b1-Duke241-AP335-1 STA has roamed to another AP
Sep 16 23:59:48 AtkiG20-C5-A7280-2 stm[2085]: <501100> <2085> <NOTI> <AtkiG20-C5-A7280-2 10.47.0.23>  Assoc success @ 23:59:48.983315: 88:19:08:af:43:10: AP 10.44.70.60-b4:5d:50:13:2a:b0-EXT-Memo110-AP275-1
Sep 16 23:59:48 AtkiG20-C5-A7280-2 stm[2085]: <501100> <2085> <NOTI> <AtkiG20-C5-A7280-2 10.47.0.23>  Assoc success @ 23:59:48.892772: d4:53:83:f9:0f:d2: AP 10.44.128.156-40:e3:d6:52:23:41-Robi157-AP325-2
Sep 16 23:59:48 AtkiG20-C5-A7280-2 stm[2085]: <501080> <2085> <NOTI> <AtkiG20-C5-A7280-2 10.47.0.23>  Deauth to sta: d4:53:83:f9:0f:d2: Ageout AP 10.44.190.23-b4:5d:50:13:2e:f1-EXT-BandCor2-AP275-1 STA has roamed to another AP
Sep 16 23:59:48 RUP2103-2-A7280-1 stm[2144]: <501100> <2144> <NOTI> <RUP2103-2-A7280-1 10.47.0.32>  Assoc success @ 23:59:48.829560: 40:83:de:a5:cb:ad: AP 10.44.192.120-38:17:c3:82:de:70-Pros114-AP345-1
Sep 16 23:59:48 10.44.132.197 stm[3641]:  <501105> <NOTI> |AP EXT-Rowe183-AP275-1@10.44.132.197 stm|  Deauth from sta: dc:bf:e9:e1:19:ba: AP 10.44.132.197-f0:5c:19:b8:49:11-EXT-Rowe183-AP275-1 Reason STA has roamed to another AP
Sep 16 23:59:48 10.44.128.117 stm[4234]:  <501100> <NOTI> |AP EXT-Robi013-AP275-1@10.44.128.117 stm|  Assoc success @ 23:59:48.365156: dc:bf:e9:e1:19:ba: AP 10.44.128.117-b4:5d:50:13:2e:41-EXT-Robi013-AP275-1
Sep 16 23:59:48 10.47.0.22 stm[1806]: <501100> <1806> <NOTI> < 10.47.0.22>  Assoc success @ 23:59:48.368003: dc:bf:e9:e1:19:ba: AP 10.44.128.117-b4:5d:50:13:2e:41-EXT-Robi013-AP275-1
Sep 16 23:59:48 10.47.0.22 stm[1806]: <501080> <1806> <NOTI> < 10.47.0.22>  Deauth to sta: dc:bf:e9:e1:19:ba: Ageout AP 10.44.132.197-f0:5c:19:b8:49:11-EXT-Rowe183-AP275-1 STA has roamed to another AP
Sep 16 23:59:48 10.44.128.117 stm[4234]:  <501095> <NOTI> |AP EXT-Robi013-AP275-1@10.44.128.117 stm|  Assoc request @ 23:59:48.358300: dc:bf:e9:e1:19:ba (SN 2605): AP 10.44.128.117-b4:5d:50:13:2e:41-EXT-Robi013-AP275-1
Sep 16 23:59:48 RUP2103-2-A7280-2 stm[7160]: <501100> <7160> <NOTI> <RUP2103-2-A7280-2 10.47.0.33>  Assoc success @ 23:59:48.347621: 38:f9:d3:db:d4:99: AP 10.45.65.84-38:17:c3:82:aa:21-Atki300-AP345-3
Sep 16 23:59:48 RUP2103-2-A7280-2 stm[7160]: <501080> <7160> <NOTI> <RUP2103-2-A7280-2 10.47.0.33>  Deauth to sta: 38:f9:d3:db:d4:99: Ageout AP 10.45.64.138-38:17:c3:8a:09:71-Atki312A-AP345-1 STA has roamed to another AP
Sep 16 23:59:48 10.44.128.117 stm[4234]:  <501093> <NOTI> |AP EXT-Robi013-AP275-1@10.44.128.117 stm|  Auth success: dc:bf:e9:e1:19:ba: AP 10.44.128.117-b4:5d:50:13:2e:41-EXT-Robi013-AP275-1
Sep 16 23:59:48 10.44.128.117 stm[4234]:  <501105> <NOTI> |AP EXT-Robi013-AP275-1@10.44.128.117 stm|  Deauth from sta: f0:18:98:31:88:30: AP 10.44.128.117-b4:5d:50:13:2e:51-EXT-Robi013-AP275-1 Reason STA has roamed to another AP
Sep 16 23:59:48 10.44.190.23 stm[4833]:  <501100> <NOTI> |AP EXT-BandCor2-AP275-1@10.44.190.23 stm|  Assoc success @ 23:59:48.158065: f0:18:98:31:88:30: AP 10.44.190.23-b4:5d:50:13:2e:f1-EXT-BandCor2-AP275-1
Sep 16 23:59:48 10.47.0.22 stm[1806]: <501100> <1806> <NOTI> < 10.47.0.22>  Assoc success @ 23:59:48.160176: f0:18:98:31:88:30: AP 10.44.190.23-b4:5d:50:13:2e:f1-EXT-BandCor2-AP275-1
Sep 16 23:59:48 10.44.190.23 stm[4833]:  <501095> <NOTI> |AP EXT-BandCor2-AP275-1@10.44.190.23 stm|  Assoc request @ 23:59:48.153500: f0:18:98:31:88:30 (SN 1150): AP 10.44.190.23-b4:5d:50:13:2e:f1-EXT-BandCor2-AP275-1
Sep 16 23:59:48 10.47.0.22 stm[1806]: <501080> <1806> <NOTI> < 10.47.0.22>  Deauth to sta: f0:18:98:31:88:30: Ageout AP 10.44.128.117-b4:5d:50:13:2e:51-EXT-Robi013-AP275-1 STA has roamed to another AP
Sep 16 23:59:48 10.44.190.23 stm[4833]:  <501093> <NOTI> |AP EXT-BandCor2-AP275-1@10.44.190.23 stm|  Auth success: f0:18:98:31:88:30: AP 10.44.190.23-b4:5d:50:13:2e:f1-EXT-BandCor2-AP275-1
Sep 16 23:59:48 RUP2103-2-A7280-2 stm[7160]: <501100> <7160> <NOTI> <RUP2103-2-A7280-2 10.47.0.33>  Assoc success @ 23:59:48.044856: 00:80:92:68:92:7e: AP 10.44.48.233-38:17:c3:84:7d:60-EHS2COR1-AP345-1
Sep 16 23:59:48 AtkiG20-C5-A7280-2 stm[2085]: <501100> <2085> <NOTI> <AtkiG20-C5-A7280-2 10.47.0.23>  Assoc success @ 23:59:48.027199: 00:17:23:e2:08:52: AP 10.44.26.82-f0:5c:19:b9:0d:20-EXT-McCoC126-AP277-1
Sep 16 23:59:47 10.44.70.59 stm[2109]:  <501105> <NOTI> |AP EXT-Memo124-AP275-1@10.44.70.59 stm|  Deauth from sta: 38:89:2c:ee:d4:1c: AP 10.44.70.59-b4:5d:50:13:2f:e1-EXT-Memo124-AP275-1 Reason STA has roamed to another AP
Sep 16 23:59:47 10.47.0.22 stm[1806]: <501100> <1806> <NOTI> < 10.47.0.22>  Assoc success @ 23:59:47.853021: 38:89:2c:ee:d4:1c: AP 10.44.78.145-40:e3:d6:1d:2e:71-EXT-SVDH266-AP277-1
Sep 16 23:59:47 10.47.0.22 stm[1806]: <501080> <1806> <NOTI> < 10.47.0.22>  Deauth to sta: 38:89:2c:ee:d4:1c: Ageout AP 10.44.70.59-b4:5d:50:13:2f:e1-EXT-Memo124-AP275-1 STA has roamed to another AP
Sep 16 23:59:47 RUP2103-2-A7280-2 stm[7160]: <501100> <7160> <NOTI> <RUP2103-2-A7280-2 10.47.0.33>  Assoc success @ 23:59:47.791115: c4:98:80:72:f0:35: AP 10.45.81.45-38:17:c3:82:d3:f1-StuU140-AP345-1
Sep 16 23:59:47 RUP2103-2-A7280-2 stm[7160]: <501080> <7160> <NOTI> <RUP2103-2-A7280-2 10.47.0.33>  Deauth to sta: c4:98:80:72:f0:35: Ageout AP 10.45.81.54-38:17:c3:82:d7:31-StuU140-AP345-3 STA has roamed to another AP
Sep 16 23:59:47 10.44.78.145 stm[2105]:  <501100> <NOTI> |AP EXT-SVDH266-AP277-1@10.44.78.145 stm|  Assoc success @ 23:59:47.769620: 38:89:2c:ee:d4:1c: AP 10.44.78.145-40:e3:d6:1d:2e:71-EXT-SVDH266-AP277-1
Sep 16 23:59:47 10.44.78.145 stm[2105]:  <501095> <NOTI> |AP EXT-SVDH266-AP277-1@10.44.78.145 stm|  Assoc request @ 23:59:47.762489: 38:89:2c:ee:d4:1c (SN 3740): AP 10.44.78.145-40:e3:d6:1d:2e:71-EXT-SVDH266-AP277-1
Sep 16 23:59:47 RUP2103-2-A7280-2 stm[7160]: <501100> <7160> <NOTI> <RUP2103-2-A7280-2 10.47.0.33>  Assoc success @ 23:59:47.588895: 34:08:bc:d6:1d:5c: AP 10.44.134.246-b4:5d:50:13:24:b0-EXT-Colv2105-AP275-1
Sep 16 23:59:47 10.44.78.145 stm[2105]:  <501093> <NOTI> |AP EXT-SVDH266-AP277-1@10.44.78.145 stm|  Auth success: 38:89:2c:ee:d4:1c: AP 10.44.78.145-40:e3:d6:1d:2e:71-EXT-SVDH266-AP277-1
Sep 16 23:59:47 10.45.64.187 stm[1692]:  <501080> <NOTI> |AP Atki236-AP345-1@10.45.64.187 stm|  Deauth to sta: 88:e9:fe:6a:03:3d: Ageout AP 10.45.64.187-38:17:c3:82:90:21-Atki236-AP345-1 Client Match
Sep 16 23:59:47 10.44.134.210 stm[4003]:  <501100> <NOTI> |AP Colv5021-AP325-1@10.44.134.210 stm|  Assoc success @ 23:59:47.101800: 90:cd:b6:2b:6e:48: AP 10.44.134.210-40:e3:d6:52:44:c2-Colv5021-AP325-1
Sep 16 23:59:47 10.44.134.210 stm[4003]:  <501095> <NOTI> |AP Colv5021-AP325-1@10.44.134.210 stm|  Assoc request @ 23:59:47.098863: 90:cd:b6:2b:6e:48 (SN 2056): AP 10.44.134.210-40:e3:d6:52:44:c2-Colv5021-AP325-1
Sep 16 23:59:47 10.47.0.22 stm[1806]: <501100> <1806> <NOTI> < 10.47.0.22>  Assoc success @ 23:59:47.104277: 90:cd:b6:2b:6e:48: AP 10.44.134.210-40:e3:d6:52:44:c2-Colv5021-AP325-1
Sep 16 23:59:47 10.44.134.210 stm[4003]:  <501093> <NOTI> |AP Colv5021-AP325-1@10.44.134.210 stm|  Auth success: 90:cd:b6:2b:6e:48: AP 10.44.134.210-40:e3:d6:52:44:c2-Colv5021-AP325-1
Sep 16 23:59:47 AtkiG20-C5-A7280-2 stm[2085]: <501100> <2085> <NOTI> <AtkiG20-C5-A7280-2 10.47.0.23>  Assoc success @ 23:59:47.011685: a4:83:e7:63:c5:84: AP 10.45.65.97-38:17:c3:82:de:91-AtkiG37A-AP345-2
Sep 16 23:59:47 AtkiG20-C5-A7280-2 stm[2085]: <501080> <2085> <NOTI> <AtkiG20-C5-A7280-2 10.47.0.23>  Deauth to sta: a4:83:e7:63:c5:84: Ageout AP 10.45.65.47-38:17:c3:82:dc:91-Atki1COR4-AP345-2 STA has roamed to another AP
Sep 16 23:59:46 RUP2103-2-A7280-1 stm[2144]: <501100> <2144> <NOTI> <RUP2103-2-A7280-1 10.47.0.32>  Assoc success @ 23:59:46.949540: 34:08:bc:e9:d2:b8: AP 10.45.83.95-b4:5d:50:12:c1:01-EXT-Wood161C-AP275-1
Sep 16 23:59:46 RUP2103-2-A7280-1 stm[2144]: <501080> <2144> <NOTI> <RUP2103-2-A7280-1 10.47.0.32>  Deauth to sta: 34:08:bc:e9:d2:b8: Ageout AP 10.45.83.33-b4:5d:50:12:c4:91-EXT-Wood140-AP275-1 STA has roamed to another AP
Sep 16 23:59:46 RUP2103-2-A7280-1 stm[2144]: <501100> <2144> <NOTI> <RUP2103-2-A7280-1 10.47.0.32>  Assoc success @ 23:59:46.943167: 64:5a:ed:92:e7:39: AP 10.44.18.127-a8:bd:27:e3:cb:21-Duke201-AP335-1
Sep 16 23:59:46 RUP2103-2-A7280-1 stm[2144]: <501080> <2144> <NOTI> <RUP2103-2-A7280-1 10.47.0.32>  Deauth to sta: 64:5a:ed:92:e7:39: Ageout AP 10.44.18.180-a8:bd:27:e3:c1:a1-Duke241-AP335-1 STA has roamed to another AP
Sep 16 23:59:46 AtkiG20-C5-A7280-2 stm[2085]: <501100> <2085> <NOTI> <AtkiG20-C5-A7280-2 10.47.0.23>  Assoc success @ 23:59:46.843360: 80:b0:3d:d4:33:e4: AP 10.44.208.131-70:3a:0e:53:45:f1-Smit267-AP335-1
Sep 16 23:59:46 RUP2103-2-A7280-2 stm[7160]: <501100> <7160> <NOTI> <RUP2103-2-A7280-2 10.47.0.33>  Assoc success @ 23:59:46.840133: 34:a8:eb:2d:d9:41: AP 10.44.128.117-b4:5d:50:13:2e:40-EXT-Robi013-AP275-1
Sep 16 23:59:46 10.44.134.210 stm[4003]:  <501105> <NOTI> |AP Colv5021-AP325-1@10.44.134.210 stm|  Deauth from sta: 90:cd:b6:2b:6e:48: AP 10.44.134.210-40:e3:d6:52:44:c2-Colv5021-AP325-1 Reason Ptk Challenge Failed
Sep 16 23:59:46 10.47.0.22 stm[1806]: <501080> <3789> <NOTI> < 10.47.0.22>  Deauth to sta: 90:cd:b6:2b:6e:48: Ageout AP 10.44.134.210-40:e3:d6:52:44:c2-Colv5021-AP325-1 Ptk Challenge Failed
Sep 16 23:59:46 10.47.0.22 stm[1806]: <501106> <3789> <NOTI> < 10.47.0.22>  Deauth to sta: 90:cd:b6:2b:6e:48: Ageout AP 10.44.134.210-40:e3:d6:52:44:c2-Colv5021-AP325-1 wifi_deauth_sta
Sep 16 23:59:46 10.44.72.180 stm[2734]:  <501105> <NOTI> |AP EXT-Cone244-AP275-1@10.44.72.180 stm|  Deauth from sta: 88:19:08:c3:a9:28: AP 10.44.72.180-b4:5d:50:13:75:81-EXT-Cone244-AP275-1 Reason STA has roamed to another AP
Sep 16 23:59:46 10.47.0.22 stm[1806]: <501100> <1806> <NOTI> < 10.47.0.22>  Assoc success @ 23:59:46.783171: 88:19:08:c3:a9:28: AP 10.44.72.166-ac:a3:1e:5a:59:71-Cone247-AP325-1
Sep 16 23:59:46 10.44.72.166 stm[3068]:  <501100> <NOTI> |AP Cone247-AP325-1@10.44.72.166 stm|  Assoc success @ 23:59:46.778129: 88:19:08:c3:a9:28: AP 10.44.72.166-ac:a3:1e:5a:59:71-Cone247-AP325-1
Sep 16 23:59:46 10.47.0.22 stm[1806]: <501080> <1806> <NOTI> < 10.47.0.22>  Deauth to sta: 88:19:08:c3:a9:28: Ageout AP 10.44.72.180-b4:5d:50:13:75:81-EXT-Cone244-AP275-1 STA has roamed to another AP
Sep 16 23:59:46 10.44.72.166 stm[3068]:  <501095> <NOTI> |AP Cone247-AP325-1@10.44.72.166 stm|  Assoc request @ 23:59:46.775224: 88:19:08:c3:a9:28 (SN 2056): AP 10.44.72.166-ac:a3:1e:5a:59:71-Cone247-AP325-1
Sep 16 23:59:46 10.44.72.166 stm[3068]:  <501093> <NOTI> |AP Cone247-AP325-1@10.44.72.166 stm|  Auth success: 88:19:08:c3:a9:28: AP 10.44.72.166-ac:a3:1e:5a:59:71-Cone247-AP325-1
Sep 16 23:59:46 10.44.192.120 stm[1695]:  <501100> <NOTI> |AP Pros114-AP345-1@10.44.192.120 stm|  Assoc success @ 23:59:46.643311: 40:83:de:f6:d9:f9: AP 10.44.192.120-38:17:c3:82:de:70-Pros114-AP345-1
Sep 16 23:59:46 10.47.0.22 stm[1806]: <501100> <1806> <NOTI> < 10.47.0.22>  Assoc success @ 23:59:46.642910: 40:83:de:f6:d9:f9: AP 10.44.192.120-38:17:c3:82:de:70-Pros114-AP345-1
Sep 16 23:59:46 10.44.192.120 stm[1695]:  <501095> <NOTI> |AP Pros114-AP345-1@10.44.192.120 stm|  Assoc request @ 23:59:46.640077: 40:83:de:f6:d9:f9 (SN 3618): AP 10.44.192.120-38:17:c3:82:de:70-Pros114-AP345-1
Sep 16 23:59:46 10.44.192.120 stm[1695]:  <501093> <NOTI> |AP Pros114-AP345-1@10.44.192.120 stm|  Auth success: 40:83:de:f6:d9:f9: AP 10.44.192.120-38:17:c3:82:de:70-Pros114-AP345-1
Sep 16 23:59:46 AtkiG20-C5-A7280-2 stm[2085]: <501100> <2085> <NOTI> <AtkiG20-C5-A7280-2 10.47.0.23>  Assoc success @ 23:59:46.310604: 88:19:08:af:43:10: AP 10.44.70.60-b4:5d:50:13:2a:a0-EXT-Memo110-AP275-1
Sep 16 23:59:46 AtkiG20-C5-A7280-2 stm[2085]: <501100> <2085> <NOTI> <AtkiG20-C5-A7280-2 10.47.0.23>  Assoc success @ 23:59:46.279723: f4:5c:89:b0:b0:f5: AP 10.45.83.70-90:4c:81:8e:8a:00-Wood330-AP345-2
Sep 16 23:59:46 AtkiG20-C5-A7280-2 stm[2085]: <501100> <2085> <NOTI> <AtkiG20-C5-A7280-2 10.47.0.23>  Assoc success @ 23:59:46.253771: f0:8a:76:7b:f0:6a: AP 10.45.81.13-38:17:c3:82:97:e1-StuU240-AP345-1
Sep 16 23:59:46 AtkiG20-C5-A7280-2 stm[2085]: <501080> <2085> <NOTI> <AtkiG20-C5-A7280-2 10.47.0.23>  Deauth to sta: f0:8a:76:7b:f0:6a: Ageout AP 10.45.81.68-38:17:c3:84:89:21-StuU241-AP345-1 STA has roamed to another AP
Sep 16 23:59:46 10.44.134.236 stm[4650]:  <501100> <NOTI> |AP Colv2102-AP325-1@10.44.134.236 stm|  Assoc success @ 23:59:46.205169: 90:cd:b6:13:87:89: AP 10.44.134.236-40:e3:d6:51:c0:c2-Colv2102-AP325-1
Sep 16 23:59:46 10.47.0.22 stm[1806]: <501100> <1806> <NOTI> < 10.47.0.22>  Assoc success @ 23:59:46.209051: 90:cd:b6:13:87:89: AP 10.44.134.236-40:e3:d6:51:c0:c2-Colv2102-AP325-1
Sep 16 23:59:46 10.44.134.236 stm[4650]:  <501095> <NOTI> |AP Colv2102-AP325-1@10.44.134.236 stm|  Assoc request @ 23:59:46.201139: 90:cd:b6:13:87:89 (SN 0): AP 10.44.134.236-40:e3:d6:51:c0:c2-Colv2102-AP325-1
Sep 16 23:59:46 10.44.134.236 stm[4650]:  <501093> <NOTI> |AP Colv2102-AP325-1@10.44.134.236 stm|  Auth success: 90:cd:b6:13:87:89: AP 10.44.134.236-40:e3:d6:51:c0:c2-Colv2102-AP325-1
Sep 16 23:59:46 AtkiG20-C5-A7280-2 stm[2085]: <501100> <2085> <NOTI> <AtkiG20-C5-A7280-2 10.47.0.23>  Assoc success @ 23:59:46.179476: 00:17:23:e2:08:52: AP 10.44.26.82-f0:5c:19:b9:0d:20-EXT-McCoC126-AP277-1
Sep 16 23:59:46 10.45.65.39 stm[1690]:  <501105> <NOTI> |AP AtkiG37A-AP345-1@10.45.65.39 stm|  Deauth from sta: 64:c7:53:6a:11:be: AP 10.45.65.39-38:17:c3:82:dd:21-AtkiG37A-AP345-1 Reason STA has roamed to another AP
Sep 16 23:59:46 10.47.0.22 stm[1806]: <501100> <1806> <NOTI> < 10.47.0.22>  Assoc success @ 23:59:46.036975: 64:c7:53:6a:11:be: AP 10.45.65.100-38:17:c3:82:b5:31-AtkiG32-AP345-2
Sep 16 23:59:46 10.45.65.100 stm[1692]:  <501100> <NOTI> |AP AtkiG32-AP345-2@10.45.65.100 stm|  Assoc success @ 23:59:46.038228: 64:c7:53:6a:11:be: AP 10.45.65.100-38:17:c3:82:b5:31-AtkiG32-AP345-2
Sep 16 23:59:46 10.47.0.22 stm[1806]: <501080> <1806> <NOTI> < 10.47.0.22>  Deauth to sta: 64:c7:53:6a:11:be: Ageout AP 10.45.65.39-38:17:c3:82:dd:21-AtkiG37A-AP345-1 STA has roamed to another AP
Sep 16 23:59:46 10.45.65.100 stm[1692]:  <501095> <NOTI> |AP AtkiG32-AP345-2@10.45.65.100 stm|  Assoc request @ 23:59:46.034920: 64:c7:53:6a:11:be (SN 3940): AP 10.45.65.100-38:17:c3:82:b5:31-AtkiG32-AP345-2
Sep 16 23:59:46 10.45.65.100 stm[1692]:  <501093> <NOTI> |AP AtkiG32-AP345-2@10.45.65.100 stm|  Auth success: 64:c7:53:6a:11:be: AP 10.45.65.100-38:17:c3:82:b5:31-AtkiG32-AP345-2
Sep 16 23:59:45 RUP2103-2-A7280-2 stm[7160]: <501100> <7160> <NOTI> <RUP2103-2-A7280-2 10.47.0.33>  Assoc success @ 23:59:45.993931: 74:b5:87:0b:b7:cd: AP 10.44.125.27-b4:5d:50:13:76:f1-EXT-HunH138-AP275-1
Sep 16 23:59:45 RUP2103-2-A7280-2 stm[7160]: <501080> <7160> <NOTI> <RUP2103-2-A7280-2 10.47.0.33>  Deauth to sta: 74:b5:87:0b:b7:cd: Ageout AP 10.44.125.26-b4:5d:50:13:4a:f1-EXT-HunH215A-AP275-1 STA has roamed to another AP
Sep 16 23:59:45 RUP2103-2-A7280-1 stm[2144]: <501100> <2144> <NOTI> <RUP2103-2-A7280-1 10.47.0.32>  Assoc success @ 23:59:45.920515: 98:01:a7:9a:eb:45: AP 10.45.83.70-90:4c:81:8e:8a:00-Wood330-AP345-2
Sep 16 23:59:45 10.44.134.236 stm[4650]:  <501105> <NOTI> |AP Colv2102-AP325-1@10.44.134.236 stm|  Deauth from sta: 90:cd:b6:13:87:89: AP 10.44.134.236-40:e3:d6:51:c0:c2-Colv2102-AP325-1 Reason Ptk Challenge Failed
Sep 16 23:59:45 10.47.0.22 stm[1806]: <501080> <3789> <NOTI> < 10.47.0.22>  Deauth to sta: 90:cd:b6:13:87:89: Ageout AP 10.44.134.236-40:e3:d6:51:c0:c2-Colv2102-AP325-1 Ptk Challenge Failed
Sep 16 23:59:45 10.47.0.22 stm[1806]: <501106> <3789> <NOTI> < 10.47.0.22>  Deauth to sta: 90:cd:b6:13:87:89: Ageout AP 10.44.134.236-40:e3:d6:51:c0:c2-Colv2102-AP325-1 wifi_deauth_sta
Sep 16 23:59:45 10.45.83.70 stm[2978]:  <501100> <NOTI> |AP Wood330-AP345-2@10.45.83.70 stm|  Assoc success @ 23:59:45.837673: a0:99:9b:1d:ce:73: AP 10.45.83.70-90:4c:81:8e:8a:00-Wood330-AP345-2
Sep 16 23:59:45 10.47.0.22 stm[1806]: <501100> <1806> <NOTI> < 10.47.0.22>  Assoc success @ 23:59:45.836159: a0:99:9b:1d:ce:73: AP 10.45.83.70-90:4c:81:8e:8a:00-Wood330-AP345-2
Sep 16 23:59:45 10.45.83.70 stm[2978]:  <501095> <NOTI> |AP Wood330-AP345-2@10.45.83.70 stm|  Assoc request @ 23:59:45.834495: a0:99:9b:1d:ce:73 (SN 2219): AP 10.45.83.70-90:4c:81:8e:8a:00-Wood330-AP345-2
Sep 16 23:59:45 10.45.83.70 stm[2978]:  <501093> <NOTI> |AP Wood330-AP345-2@10.45.83.70 stm|  Auth success: a0:99:9b:1d:ce:73: AP 10.45.83.70-90:4c:81:8e:8a:00-Wood330-AP345-2
Sep 16 23:59:45 AtkiG20-C5-A7280-2 stm[2085]: <501100> <2085> <NOTI> <AtkiG20-C5-A7280-2 10.47.0.23>  Assoc success @ 23:59:45.770126: 68:fe:f7:c4:bb:a9: AP 10.44.251.16-b4:5d:50:13:72:c1-EXT-Mart283-AP275-1
Sep 16 23:59:45 10.44.18.150 stm[1095]:  <501105> <NOTI> |AP Duke242-AP335-1@10.44.18.150 stm|  Deauth from sta: c8:3c:85:ba:ff:02: AP 10.44.18.150-a8:bd:27:e3:c1:f1-Duke242-AP335-1 Reason STA has roamed to another AP
Sep 16 23:59:45 10.44.18.182 stm[1101]:  <501100> <NOTI> |AP Duke303-AP335-1@10.44.18.182 stm|  Assoc success @ 23:59:45.752411: c8:3c:85:ba:ff:02: AP 10.44.18.182-a8:bd:27:e4:3a:91-Duke303-AP335-1
Sep 16 23:59:45 10.47.0.22 stm[1806]: <501100> <1806> <NOTI> < 10.47.0.22>  Assoc success @ 23:59:45.758061: c8:3c:85:ba:ff:02: AP 10.44.18.182-a8:bd:27:e4:3a:91-Duke303-AP335-1
Sep 16 23:59:45 10.47.0.22 stm[1806]: <501080> <1806> <NOTI> < 10.47.0.22>  Deauth to sta: c8:3c:85:ba:ff:02: Ageout AP 10.44.18.150-a8:bd:27:e3:c1:f1-Duke242-AP335-1 STA has roamed to another AP
Sep 16 23:59:45 10.44.18.182 stm[1101]:  <501095> <NOTI> |AP Duke303-AP335-1@10.44.18.182 stm|  Assoc request @ 23:59:45.746394: c8:3c:85:ba:ff:02 (SN 0): AP 10.44.18.182-a8:bd:27:e4:3a:91-Duke303-AP335-1
Sep 16 23:59:45 10.44.18.182 stm[1101]:  <501093> <NOTI> |AP Duke303-AP335-1@10.44.18.182 stm|  Auth success: c8:3c:85:ba:ff:02: AP 10.44.18.182-a8:bd:27:e4:3a:91-Duke303-AP335-1
Sep 16 23:59:45 RUP2103-2-A7280-1 stm[2144]: <501100> <2144> <NOTI> <RUP2103-2-A7280-1 10.47.0.32>  Assoc success @ 23:59:45.484915: 90:e1:7b:5f:ba:f4: AP 10.44.15.185-ac:a3:1e:5a:65:51-EPIC2218-AP325-1
Sep 16 23:59:45 10.45.83.70 stm[2978]:  <501100> <NOTI> |AP Wood330-AP345-2@10.45.83.70 stm|  Assoc success @ 23:59:45.414704: 3c:15:c2:ca:b2:12: AP 10.45.83.70-90:4c:81:8e:8a:01-Wood330-AP345-2
Sep 16 23:59:45 10.47.0.22 stm[1806]: <501100> <1806> <NOTI> < 10.47.0.22>  Assoc success @ 23:59:45.413645: 3c:15:c2:ca:b2:12: AP 10.45.83.70-90:4c:81:8e:8a:01-Wood330-AP345-2
Sep 16 23:59:45 10.45.83.70 stm[2978]:  <501095> <NOTI> |AP Wood330-AP345-2@10.45.83.70 stm|  Assoc request @ 23:59:45.411600: 3c:15:c2:ca:b2:12 (SN 2502): AP 10.45.83.70-90:4c:81:8e:8a:01-Wood330-AP345-2
Sep 16 23:59:45 10.45.83.70 stm[2978]:  <501093> <NOTI> |AP Wood330-AP345-2@10.45.83.70 stm|  Auth success: 3c:15:c2:ca:b2:12: AP 10.45.83.70-90:4c:81:8e:8a:01-Wood330-AP345-2
Sep 16 23:59:44 10.44.70.59 stm[2109]:  <501100> <NOTI> |AP EXT-Memo124-AP275-1@10.44.70.59 stm|  Assoc success @ 23:59:44.893573: 38:89:2c:ee:d4:1c: AP 10.44.70.59-b4:5d:50:13:2f:e1-EXT-Memo124-AP275-1
Sep 16 23:59:44 10.44.72.210 stm[2409]:  <501105> <NOTI> |AP EXT-Cone175D-AP375-1@10.44.72.210 stm|  Deauth from sta: 38:89:2c:ee:d4:1c: AP 10.44.72.210-48:4a:e9:d5:40:71-EXT-Cone175D-AP375-1 Reason STA has roamed to another AP
Sep 16 23:59:44 10.47.0.22 stm[1806]: <501100> <1806> <NOTI> < 10.47.0.22>  Assoc success @ 23:59:44.896396: 38:89:2c:ee:d4:1c: AP 10.44.70.59-b4:5d:50:13:2f:e1-EXT-Memo124-AP275-1
Sep 16 23:59:44 10.44.70.59 stm[2109]:  <501095> <NOTI> |AP EXT-Memo124-AP275-1@10.44.70.59 stm|  Assoc request @ 23:59:44.886974: 38:89:2c:ee:d4:1c (SN 3963): AP 10.44.70.59-b4:5d:50:13:2f:e1-EXT-Memo124-AP275-1
Sep 16 23:59:44 10.47.0.22 stm[1806]: <501080> <1806> <NOTI> < 10.47.0.22>  Deauth to sta: 38:89:2c:ee:d4:1c: Ageout AP 10.44.72.210-48:4a:e9:d5:40:71-EXT-Cone175D-AP375-1 STA has roamed to another AP
Sep 16 23:59:44 10.44.70.59 stm[2109]:  <501093> <NOTI> |AP EXT-Memo124-AP275-1@10.44.70.59 stm|  Auth success: 38:89:2c:ee:d4:1c: AP 10.44.70.59-b4:5d:50:13:2f:e1-EXT-Memo124-AP275-1
Sep 16 23:59:44 10.45.78.63 stm[2107]:  <501100> <NOTI> |AP EXT-Harr102-AP275-1@10.45.78.63 stm|  Assoc success @ 23:59:44.837152: f0:18:98:0c:1e:be: AP 10.45.78.63-b4:5d:50:13:2b:70-EXT-Harr102-AP275-1
Sep 16 23:59:44 10.47.0.22 stm[1806]: <501100> <1806> <NOTI> < 10.47.0.22>  Assoc success @ 23:59:44.840131: f0:18:98:0c:1e:be: AP 10.45.78.63-b4:5d:50:13:2b:70-EXT-Harr102-AP275-1
Sep 16 23:59:44 10.45.78.63 stm[2107]:  <501095> <NOTI> |AP EXT-Harr102-AP275-1@10.45.78.63 stm|  Assoc request @ 23:59:44.830147: f0:18:98:0c:1e:be (SN 3500): AP 10.45.78.63-b4:5d:50:13:2b:70-EXT-Harr102-AP275-1
Sep 16 23:59:44 10.45.78.63 stm[2107]:  <501093> <NOTI> |AP EXT-Harr102-AP275-1@10.45.78.63 stm|  Auth success: f0:18:98:0c:1e:be: AP 10.45.78.63-b4:5d:50:13:2b:70-EXT-Harr102-AP275-1
Sep 16 23:59:44 RUP2103-2-A7280-2 stm[7160]: <501100> <7160> <NOTI> <RUP2103-2-A7280-2 10.47.0.33>  Assoc success @ 23:59:44.419329: e4:98:d6:90:0b:02: AP 10.45.64.195-90:4c:81:8e:dd:b1-Atki139B-AP345-1
Sep 16 23:59:44 10.44.84.246 stm[2423]:  <501106> <NOTI> |AP Foun212-AP325-1@10.44.84.246 stm|  Deauth to sta: 00:80:92:dc:35:bd: Ageout AP 10.44.84.246-40:e3:d6:54:e8:40-Foun212-AP325-1 handle_sapcp
Sep 16 23:59:44 AtkiG20-C5-A7280-2 stm[2085]: <501100> <2085> <NOTI> <AtkiG20-C5-A7280-2 10.47.0.23>  Assoc success @ 23:59:44.326559: 00:17:23:e2:08:52: AP 10.44.26.82-f0:5c:19:b9:0d:20-EXT-McCoC126-AP277-1
Sep 16 23:59:44 10.44.84.239 stm[2422]:  <501106> <NOTI> |AP Foun223-AP325-1@10.44.84.239 stm|  Deauth to sta: 00:80:92:dc:35:bd: Ageout AP 10.44.84.239-40:e3:d6:54:f1:a0-Foun223-AP325-1 handle_sapcp
Sep 16 23:59:44 10.44.84.244 stm[4624]:  <501080> <NOTI> |AP Foun205-AP325-1@10.44.84.244 stm|  Deauth to sta: 00:80:92:dc:35:bd: Ageout AP 10.44.84.244-40:e3:d6:4f:b3:20-Foun205-AP325-1 Sapcp Ageout (internal ageout) 
Sep 16 23:59:44 10.44.84.244 stm[4624]:  <501106> <NOTI> |AP Foun205-AP325-1@10.44.84.244 stm|  Deauth to sta: 00:80:92:dc:35:bd: Ageout AP 10.44.84.244-40:e3:d6:4f:b3:20-Foun205-AP325-1 handle_sapcp
Sep 16 23:59:44 RUP2103-2-A7280-2 stm[7160]: <501100> <7160> <NOTI> <RUP2103-2-A7280-2 10.47.0.33>  Assoc success @ 23:59:44.011883: bc:a9:20:d9:75:98: AP 10.45.65.97-38:17:c3:82:de:91-AtkiG37A-AP345-2
Sep 16 23:59:44 RUP2103-2-A7280-2 stm[7160]: <501080> <7160> <NOTI> <RUP2103-2-A7280-2 10.47.0.33>  Deauth to sta: bc:a9:20:d9:75:98: Ageout AP 10.45.65.47-38:17:c3:82:dc:91-Atki1COR4-AP345-2 STA has roamed to another AP
Sep 16 23:59:43 10.44.84.238 stm[2756]:  <501106> <NOTI> |AP Foun119-AP325-1@10.44.84.238 stm|  Deauth to sta: 00:80:92:dc:35:bd: Ageout AP 10.44.84.238-ac:a3:1e:54:16:20-Foun119-AP325-1 handle_sapcp
Sep 16 23:59:43 AtkiG20-C5-A7280-2 stm[2085]: <501100> <2085> <NOTI> <AtkiG20-C5-A7280-2 10.47.0.23>  Assoc success @ 23:59:43.888132: f0:8a:76:7b:f0:6a: AP 10.45.81.68-38:17:c3:84:89:21-StuU241-AP345-1
Sep 16 23:59:43 AtkiG20-C5-A7280-2 stm[2085]: <501080> <2085> <NOTI> <AtkiG20-C5-A7280-2 10.47.0.23>  Deauth to sta: f0:8a:76:7b:f0:6a: Ageout AP 10.45.81.13-38:17:c3:82:97:e1-StuU240-AP345-1 STA has roamed to another AP
