Sep 16 23:59:43 RUP2103-2-A7280-1 stm[2144]: <501100> <2144> <NOTI> <RUP2103-2-A7280-1 10.47.0.32>  Assoc success @ 23:59:43.631657: ec:2c:e2:c9:fa:f9: AP 10.45.68.52-b4:5d:50:13:4a:30-EXT-RUP1201-AP275-1
Sep 16 23:59:43 RUP2103-2-A7280-1 stm[2144]: <501080> <2144> <NOTI> <RUP2103-2-A7280-1 10.47.0.32>  Deauth to sta: ec:2c:e2:c9:fa:f9: Ageout AP 10.45.66.87-70:3a:0e:4f:53:f0-StuA-AP335-FC-West STA has roamed to another AP
Sep 16 23:59:43 10.44.84.241 stm[2423]:  <501080> <NOTI> |AP Foun216-AP325-1@10.44.84.241 stm|  Deauth to sta: 00:80:92:dc:35:bd: Ageout AP 10.44.84.241-40:e3:d6:54:ea:20-Foun216-AP325-1 Sapcp Ageout (internal ageout) 
Sep 16 23:59:43 10.44.84.241 stm[2423]:  <501106> <NOTI> |AP Foun216-AP325-1@10.44.84.241 stm|  Deauth to sta: 00:80:92:dc:35:bd: Ageout AP 10.44.84.241-40:e3:d6:54:ea:20-Foun216-AP325-1 handle_sapcp
Sep 16 23:59:43 RUP2103-2-A7280-1 stm[2144]: <501100> <2144> <NOTI> <RUP2103-2-A7280-1 10.47.0.32>  Assoc success @ 23:59:43.275194: b0:70:2d:47:8f:5c: AP 10.44.125.26-b4:5d:50:13:4a:f1-EXT-HunH215A-AP275-1
Sep 16 23:59:43 RUP2103-2-A7280-1 stm[2144]: <501080> <2144> <NOTI> <RUP2103-2-A7280-1 10.47.0.32>  Deauth to sta: b0:70:2d:47:8f:5c: Ageout AP 10.44.125.27-b4:5d:50:13:76:f1-EXT-HunH138-AP275-1 STA has roamed to another AP
Sep 16 23:59:42 RUP2103-2-A7280-2 stm[7160]: <501100> <7160> <NOTI> <RUP2103-2-A7280-2 10.47.0.33>  Assoc success @ 23:59:42.995268: 94:bf:2d:37:af:e7: AP 10.44.204.44-b4:5d:50:13:24:d0-EXT-StuH158-AP275-1
Sep 16 23:59:42 RUP2103-2-A7280-2 stm[7160]: <501080> <7160> <NOTI> <RUP2103-2-A7280-2 10.47.0.33>  Deauth to sta: 94:bf:2d:37:af:e7: Ageout AP 10.44.204.59-40:e3:d6:54:dc:90-StuH102-AP325-1 STA has roamed to another AP
Sep 16 23:59:42 10.44.84.237 stm[2770]:  <501106> <NOTI> |AP Foun202-AP325-1@10.44.84.237 stm|  Deauth to sta: 00:80:92:dc:35:bd: Ageout AP 10.44.84.237-ac:a3:1e:54:1e:a0-Foun202-AP325-1 handle_sapcp
Sep 16 23:59:42 RUP2103-2-A7280-1 stm[2144]: <501100> <2144> <NOTI> <RUP2103-2-A7280-1 10.47.0.32>  Assoc success @ 23:59:42.930273: 90:e1:7b:5f:ba:f4: AP 10.44.15.185-ac:a3:1e:5a:65:50-EPIC2218-AP325-1
Sep 16 23:59:42 10.45.83.70 stm[2978]:  <501100> <NOTI> |AP Wood330-AP345-2@10.45.83.70 stm|  Assoc success @ 23:59:42.848878: 3c:15:c2:ca:b2:12: AP 10.45.83.70-90:4c:81:8e:8a:01-Wood330-AP345-2
Sep 16 23:59:42 10.47.0.22 stm[1806]: <501100> <1806> <NOTI> < 10.47.0.22>  Assoc success @ 23:59:42.849154: 3c:15:c2:ca:b2:12: AP 10.45.83.70-90:4c:81:8e:8a:01-Wood330-AP345-2
Sep 16 23:59:42 10.45.83.70 stm[2978]:  <501095> <NOTI> |AP Wood330-AP345-2@10.45.83.70 stm|  Assoc request @ 23:59:42.846940: 3c:15:c2:ca:b2:12 (SN 2469): AP 10.45.83.70-90:4c:81:8e:8a:01-Wood330-AP345-2
Sep 16 23:59:42 10.45.83.70 stm[2978]:  <501093> <NOTI> |AP Wood330-AP345-2@10.45.83.70 stm|  Auth success: 3c:15:c2:ca:b2:12: AP 10.45.83.70-90:4c:81:8e:8a:01-Wood330-AP345-2
Sep 16 23:59:42 RUP2103-2-A7280-2 stm[7160]: <501100> <7160> <NOTI> <RUP2103-2-A7280-2 10.47.0.33>  Assoc success @ 23:59:42.751955: 3c:15:c2:ca:b2:14: AP 10.45.83.70-90:4c:81:8e:8a:00-Wood330-AP345-2
Sep 16 23:59:42 RUP2103-2-A7280-1 stm[2144]: <501100> <2144> <NOTI> <RUP2103-2-A7280-1 10.47.0.32>  Assoc success @ 23:59:42.735081: 40:83:de:a5:cb:ad: AP 10.44.192.120-38:17:c3:82:de:70-Pros114-AP345-1
Sep 16 23:59:42 10.47.0.22 stm[1806]: <501100> <1806> <NOTI> < 10.47.0.22>  Assoc success @ 23:59:42.700216: 90:cd:b6:2b:6e:48: AP 10.44.134.210-40:e3:d6:52:44:c2-Colv5021-AP325-1
Sep 16 23:59:42 RUP2103-2-A7280-2 stm[7160]: <501100> <7160> <NOTI> <RUP2103-2-A7280-2 10.47.0.33>  Assoc success @ 23:59:42.694000: e4:9a:dc:82:38:31: AP 10.45.64.135-38:17:c3:89:e6:90-Atki205-AP345-1
Sep 16 23:59:42 RUP2103-2-A7280-2 stm[7160]: <501080> <7160> <NOTI> <RUP2103-2-A7280-2 10.47.0.33>  Deauth to sta: e4:9a:dc:82:38:31: Ageout AP 10.45.65.31-38:17:c3:82:98:70-Atki2COR1-AP345-1 STA has roamed to another AP
Sep 16 23:59:42 10.44.134.210 stm[4003]:  <501100> <NOTI> |AP Colv5021-AP325-1@10.44.134.210 stm|  Assoc success @ 23:59:42.600144: 90:cd:b6:2b:6e:48: AP 10.44.134.210-40:e3:d6:52:44:c2-Colv5021-AP325-1
Sep 16 23:59:42 10.44.134.210 stm[4003]:  <501095> <NOTI> |AP Colv5021-AP325-1@10.44.134.210 stm|  Assoc request @ 23:59:42.597176: 90:cd:b6:2b:6e:48 (SN 2056): AP 10.44.134.210-40:e3:d6:52:44:c2-Colv5021-AP325-1
Sep 16 23:59:42 10.44.134.210 stm[4003]:  <501093> <NOTI> |AP Colv5021-AP325-1@10.44.134.210 stm|  Auth success: 90:cd:b6:2b:6e:48: AP 10.44.134.210-40:e3:d6:52:44:c2-Colv5021-AP325-1
Sep 16 23:59:42 AtkiG20-C5-A7280-2 stm[2085]: <501100> <2085> <NOTI> <AtkiG20-C5-A7280-2 10.47.0.23>  Assoc success @ 23:59:42.490723: 00:17:23:e2:08:52: AP 10.44.26.82-f0:5c:19:b9:0d:20-EXT-McCoC126-AP277-1
Sep 16 23:59:42 10.44.64.109 stm[2107]:  <501105> <NOTI> |AP EXT-King104-AP275-1@10.44.64.109 stm|  Deauth from sta: 90:cd:b6:2b:6e:48: AP 10.44.64.109-b4:5d:50:13:2b:a3-EXT-King104-AP275-1 Reason Ptk Challenge Failed
Sep 16 23:59:42 10.47.0.22 stm[1806]: <501080> <3789> <NOTI> < 10.47.0.22>  Deauth to sta: 90:cd:b6:2b:6e:48: Ageout AP 10.44.64.109-b4:5d:50:13:2b:a3-EXT-King104-AP275-1 Ptk Challenge Failed
Sep 16 23:59:42 10.47.0.22 stm[1806]: <501106> <3789> <NOTI> < 10.47.0.22>  Deauth to sta: 90:cd:b6:2b:6e:48: Ageout AP 10.44.64.109-b4:5d:50:13:2b:a3-EXT-King104-AP275-1 wifi_deauth_sta
Sep 16 23:59:42 AtkiG20-C5-A7280-2 stm[2085]: <501100> <2085> <NOTI> <AtkiG20-C5-A7280-2 10.47.0.23>  Assoc success @ 23:59:42.263597: 9c:e3:3f:c9:2f:30: AP 10.44.24.133-b4:5d:50:13:43:31-EXT-Bioi104-AP275-1
Sep 16 23:59:42 AtkiG20-C5-A7280-2 stm[2085]: <501080> <2085> <NOTI> <AtkiG20-C5-A7280-2 10.47.0.23>  Deauth to sta: 9c:e3:3f:c9:2f:30: Ageout AP 10.44.24.166-b4:5d:50:13:2c:91-EXT-Bioi131-AP275-1 STA has roamed to another AP
Sep 16 23:59:42 RUP2103-2-A7280-2 stm[7160]: <501100> <7160> <NOTI> <RUP2103-2-A7280-2 10.47.0.33>  Assoc success @ 23:59:42.254958: 34:08:bc:d6:1d:5c: AP 10.44.134.246-b4:5d:50:13:24:a0-EXT-Colv2105-AP275-1
Sep 16 23:59:42 RUP2103-2-A7280-2 stm[7160]: <501080> <7160> <NOTI> <RUP2103-2-A7280-2 10.47.0.33>  Deauth to sta: 34:08:bc:d6:1d:5c: Ageout AP 10.45.64.237-94:b4:0f:2f:c8:10-EXT-Atki151C-AP275-1 STA has roamed to another AP
Sep 16 23:59:42 10.44.212.219 stm[2103]:  <501105> <NOTI> |AP EXT-FOPS105A-AP275-1@10.44.212.219 stm|  Deauth from sta: 10:94:bb:39:62:db: AP 10.44.212.219-c8:b5:ad:b9:8a:61-EXT-FOPS105A-AP275-1 Reason STA has roamed to another AP
Sep 16 23:59:42 10.47.0.22 stm[1806]: <501100> <1806> <NOTI> < 10.47.0.22>  Assoc success @ 23:59:42.187006: 10:94:bb:39:62:db: AP 10.44.212.173-38:17:c3:82:95:21-FOPS103G-AP345-2
Sep 16 23:59:42 10.44.212.173 stm[1689]:  <501100> <NOTI> |AP FOPS103G-AP345-2@10.44.212.173 stm|  Assoc success @ 23:59:42.181939: 10:94:bb:39:62:db: AP 10.44.212.173-38:17:c3:82:95:21-FOPS103G-AP345-2
Sep 16 23:59:42 10.47.0.22 stm[1806]: <501080> <1806> <NOTI> < 10.47.0.22>  Deauth to sta: 10:94:bb:39:62:db: Ageout AP 10.44.212.219-c8:b5:ad:b9:8a:61-EXT-FOPS105A-AP275-1 STA has roamed to another AP
Sep 16 23:59:42 10.44.212.173 stm[1689]:  <501095> <NOTI> |AP FOPS103G-AP345-2@10.44.212.173 stm|  Assoc request @ 23:59:42.178512: 10:94:bb:39:62:db (SN 1455): AP 10.44.212.173-38:17:c3:82:95:21-FOPS103G-AP345-2
Sep 16 23:59:42 10.44.212.173 stm[1689]:  <501093> <NOTI> |AP FOPS103G-AP345-2@10.44.212.173 stm|  Auth success: 10:94:bb:39:62:db: AP 10.44.212.173-38:17:c3:82:95:21-FOPS103G-AP345-2
Sep 16 23:59:41 10.44.72.180 stm[2734]:  <501100> <NOTI> |AP EXT-Cone244-AP275-1@10.44.72.180 stm|  Assoc success @ 23:59:41.739039: 88:19:08:c3:a9:28: AP 10.44.72.180-b4:5d:50:13:75:81-EXT-Cone244-AP275-1
Sep 16 23:59:41 10.47.0.22 stm[1806]: <501100> <1806> <NOTI> < 10.47.0.22>  Assoc success @ 23:59:41.742170: 88:19:08:c3:a9:28: AP 10.44.72.180-b4:5d:50:13:75:81-EXT-Cone244-AP275-1
Sep 16 23:59:41 10.44.72.180 stm[2734]:  <501095> <NOTI> |AP EXT-Cone244-AP275-1@10.44.72.180 stm|  Assoc request @ 23:59:41.733089: 88:19:08:c3:a9:28 (SN 1180): AP 10.44.72.180-b4:5d:50:13:75:81-EXT-Cone244-AP275-1
Sep 16 23:59:41 10.44.72.180 stm[2734]:  <501093> <NOTI> |AP EXT-Cone244-AP275-1@10.44.72.180 stm|  Auth success: 88:19:08:c3:a9:28: AP 10.44.72.180-b4:5d:50:13:75:81-EXT-Cone244-AP275-1
Sep 16 23:59:41 10.44.125.27 stm[2105]:  <501105> <NOTI> |AP EXT-HunH138-AP275-1@10.44.125.27 stm|  Deauth from sta: d8:8f:76:46:b0:cd: AP 10.44.125.27-b4:5d:50:13:76:f1-EXT-HunH138-AP275-1 Reason STA has roamed to another AP
Sep 16 23:59:41 10.44.125.26 stm[2105]:  <501100> <NOTI> |AP EXT-HunH215A-AP275-1@10.44.125.26 stm|  Assoc success @ 23:59:41.722445: d8:8f:76:46:b0:cd: AP 10.44.125.26-b4:5d:50:13:4a:f1-EXT-HunH215A-AP275-1
Sep 16 23:59:41 10.47.0.22 stm[1806]: <501100> <1806> <NOTI> < 10.47.0.22>  Assoc success @ 23:59:41.725207: d8:8f:76:46:b0:cd: AP 10.44.125.26-b4:5d:50:13:4a:f1-EXT-HunH215A-AP275-1
Sep 16 23:59:41 10.47.0.22 stm[1806]: <501080> <1806> <NOTI> < 10.47.0.22>  Deauth to sta: d8:8f:76:46:b0:cd: Ageout AP 10.44.125.27-b4:5d:50:13:76:f1-EXT-HunH138-AP275-1 STA has roamed to another AP
Sep 16 23:59:41 10.44.125.26 stm[2105]:  <501095> <NOTI> |AP EXT-HunH215A-AP275-1@10.44.125.26 stm|  Assoc request @ 23:59:41.716074: d8:8f:76:46:b0:cd (SN 906): AP 10.44.125.26-b4:5d:50:13:4a:f1-EXT-HunH215A-AP275-1
Sep 16 23:59:41 10.44.125.26 stm[2105]:  <501093> <NOTI> |AP EXT-HunH215A-AP275-1@10.44.125.26 stm|  Auth success: d8:8f:76:46:b0:cd: AP 10.44.125.26-b4:5d:50:13:4a:f1-EXT-HunH215A-AP275-1
Sep 16 23:59:41 10.44.134.236 stm[4650]:  <501100> <NOTI> |AP Colv2102-AP325-1@10.44.134.236 stm|  Assoc success @ 23:59:41.587580: 90:cd:b6:13:87:89: AP 10.44.134.236-40:e3:d6:51:c0:c2-Colv2102-AP325-1
Sep 16 23:59:41 10.47.0.22 stm[1806]: <501100> <1806> <NOTI> < 10.47.0.22>  Assoc success @ 23:59:41.590856: 90:cd:b6:13:87:89: AP 10.44.134.236-40:e3:d6:51:c0:c2-Colv2102-AP325-1
Sep 16 23:59:41 10.44.134.236 stm[4650]:  <501095> <NOTI> |AP Colv2102-AP325-1@10.44.134.236 stm|  Assoc request @ 23:59:41.583332: 90:cd:b6:13:87:89 (SN 0): AP 10.44.134.236-40:e3:d6:51:c0:c2-Colv2102-AP325-1
Sep 16 23:59:41 10.44.134.236 stm[4650]:  <501093> <NOTI> |AP Colv2102-AP325-1@10.44.134.236 stm|  Auth success: 90:cd:b6:13:87:89: AP 10.44.134.236-40:e3:d6:51:c0:c2-Colv2102-AP325-1
Sep 16 23:59:41 AtkiG20-C5-A7280-2 stm[2085]: <501100> <2085> <NOTI> <AtkiG20-C5-A7280-2 10.47.0.23>  Assoc success @ 23:59:41.543581: f0:8a:76:7b:f0:6a: AP 10.45.81.13-38:17:c3:82:97:e1-StuU240-AP345-1
Sep 16 23:59:41 RUP2103-2-A7280-1 stm[2144]: <501100> <2144> <NOTI> <RUP2103-2-A7280-1 10.47.0.32>  Assoc success @ 23:59:41.542523: 3c:15:c2:ca:62:d0: AP 10.45.83.70-90:4c:81:8e:8a:01-Wood330-AP345-2
Sep 16 23:59:41 AtkiG20-C5-A7280-2 stm[2085]: <501080> <2085> <NOTI> <AtkiG20-C5-A7280-2 10.47.0.23>  Deauth to sta: f0:8a:76:7b:f0:6a: Ageout AP 10.45.81.68-38:17:c3:84:89:21-StuU241-AP345-1 STA has roamed to another AP
Sep 16 23:59:41 RUP2103-2-A7280-1 stm[2144]: <501100> <2144> <NOTI> <RUP2103-2-A7280-1 10.47.0.32>  Assoc success @ 23:59:41.420217: 88:19:08:c3:a9:28: AP 10.44.72.180-b4:5d:50:13:75:80-EXT-Cone244-AP275-1
Sep 16 23:59:41 RUP2103-2-A7280-1 stm[2144]: <501100> <2144> <NOTI> <RUP2103-2-A7280-1 10.47.0.32>  Assoc success @ 23:59:41.329615: 88:66:a5:46:bf:51: AP 10.44.15.212-ac:a3:1e:5a:67:c0-EPIC2344-AP325-1
Sep 16 23:59:41 RUP2103-2-A7280-1 stm[2144]: <501080> <2144> <NOTI> <RUP2103-2-A7280-1 10.47.0.32>  Deauth to sta: 88:66:a5:46:bf:51: Ageout AP 10.44.15.185-ac:a3:1e:5a:65:50-EPIC2218-AP325-1 STA has roamed to another AP
Sep 16 23:59:41 10.44.134.236 stm[4650]:  <501105> <NOTI> |AP Colv2102-AP325-1@10.44.134.236 stm|  Deauth from sta: 90:cd:b6:13:87:89: AP 10.44.134.236-40:e3:d6:51:c0:c2-Colv2102-AP325-1 Reason Ptk Challenge Failed
Sep 16 23:59:41 10.47.0.22 stm[1806]: <501080> <3789> <NOTI> < 10.47.0.22>  Deauth to sta: 90:cd:b6:13:87:89: Ageout AP 10.44.134.236-40:e3:d6:51:c0:c2-Colv2102-AP325-1 Ptk Challenge Failed
Sep 16 23:59:41 10.47.0.22 stm[1806]: <501106> <3789> <NOTI> < 10.47.0.22>  Deauth to sta: 90:cd:b6:13:87:89: Ageout AP 10.44.134.236-40:e3:d6:51:c0:c2-Colv2102-AP325-1 wifi_deauth_sta
Sep 16 23:59:41 10.44.192.103 stm[1689]:  <501100> <NOTI> |AP Pros118-AP345-1@10.44.192.103 stm|  Assoc success @ 23:59:41.276545: 40:83:de:f6:d9:f9: AP 10.44.192.103-38:17:c3:82:e0:50-Pros118-AP345-1
Sep 16 23:59:41 10.47.0.22 stm[1806]: <501100> <1806> <NOTI> < 10.47.0.22>  Assoc success @ 23:59:41.276367: 40:83:de:f6:d9:f9: AP 10.44.192.103-38:17:c3:82:e0:50-Pros118-AP345-1
Sep 16 23:59:41 10.44.192.103 stm[1689]:  <501095> <NOTI> |AP Pros118-AP345-1@10.44.192.103 stm|  Assoc request @ 23:59:41.273350: 40:83:de:f6:d9:f9 (SN 3339): AP 10.44.192.103-38:17:c3:82:e0:50-Pros118-AP345-1
Sep 16 23:59:41 10.44.192.103 stm[1689]:  <501093> <NOTI> |AP Pros118-AP345-1@10.44.192.103 stm|  Auth success: 40:83:de:f6:d9:f9: AP 10.44.192.103-38:17:c3:82:e0:50-Pros118-AP345-1
Sep 16 23:59:41 10.44.125.27 stm[2105]:  <501105> <NOTI> |AP EXT-HunH138-AP275-1@10.44.125.27 stm|  Deauth from sta: f0:6e:0b:d2:c0:78: AP 10.44.125.27-b4:5d:50:13:76:f1-EXT-HunH138-AP275-1 Reason STA has roamed to another AP
Sep 16 23:59:41 10.44.125.26 stm[2105]:  <501100> <NOTI> |AP EXT-HunH215A-AP275-1@10.44.125.26 stm|  Assoc success @ 23:59:41.183849: f0:6e:0b:d2:c0:78: AP 10.44.125.26-b4:5d:50:13:4a:e1-EXT-HunH215A-AP275-1
Sep 16 23:59:41 10.47.0.22 stm[1806]: <501100> <1806> <NOTI> < 10.47.0.22>  Assoc success @ 23:59:41.186671: f0:6e:0b:d2:c0:78: AP 10.44.125.26-b4:5d:50:13:4a:e1-EXT-HunH215A-AP275-1
Sep 16 23:59:41 10.47.0.22 stm[1806]: <501080> <1806> <NOTI> < 10.47.0.22>  Deauth to sta: f0:6e:0b:d2:c0:78: Ageout AP 10.44.125.27-b4:5d:50:13:76:f1-EXT-HunH138-AP275-1 STA has roamed to another AP
Sep 16 23:59:41 10.44.125.26 stm[2105]:  <501095> <NOTI> |AP EXT-HunH215A-AP275-1@10.44.125.26 stm|  Assoc request @ 23:59:41.179035: f0:6e:0b:d2:c0:78 (SN 805): AP 10.44.125.26-b4:5d:50:13:4a:e1-EXT-HunH215A-AP275-1
Sep 16 23:59:41 RUP2103-2-A7280-2 stm[7160]: <501100> <7160> <NOTI> <RUP2103-2-A7280-2 10.47.0.33>  Assoc success @ 23:59:41.039210: e4:98:d6:90:0b:02: AP 10.45.64.195-90:4c:81:8e:dd:a1-Atki139B-AP345-1
Sep 16 23:59:41 10.44.125.26 stm[2105]:  <501093> <NOTI> |AP EXT-HunH215A-AP275-1@10.44.125.26 stm|  Auth success: f0:6e:0b:d2:c0:78: AP 10.44.125.26-b4:5d:50:13:4a:e1-EXT-HunH215A-AP275-1
Sep 16 23:59:40 RUP2103-2-A7280-2 stm[7160]: <501100> <7160> <NOTI> <RUP2103-2-A7280-2 10.47.0.33>  Assoc success @ 23:59:40.700283: 28:ff:3c:44:c5:59: AP 10.44.6.50-b4:5d:50:13:49:01-EXT-Faci131-AP275-1
Sep 16 23:59:40 AtkiG20-C5-A7280-2 stm[2085]: <501100> <2085> <NOTI> <AtkiG20-C5-A7280-2 10.47.0.23>  Assoc success @ 23:59:40.634621: 00:17:23:e2:08:52: AP 10.44.26.82-f0:5c:19:b9:0d:20-EXT-McCoC126-AP277-1
Sep 16 23:59:40 10.44.136.216 stm[1698]:  <501080> <NOTI> |AP Gage101-AP345-1@10.44.136.216 stm|  Deauth to sta: e4:98:d6:7a:da:1a: Ageout AP 10.44.136.216-90:4c:81:8c:28:d2-Gage101-AP345-1 Sapcp Ageout (internal ageout) 
Sep 16 23:59:40 10.47.194.220 stm[2433]:  <501105> <NOTI> |AP CenC002-AP324-1@10.47.194.220 stm|  Deauth from sta: 60:14:66:01:e5:96: AP 10.47.194.220-84:d4:7e:68:a8:a1-CenC002-AP324-1 Reason STA has roamed to another AP
Sep 16 23:59:40 10.47.0.22 stm[1806]: <501100> <1806> <NOTI> < 10.47.0.22>  Assoc success @ 23:59:40.192885: 60:14:66:01:e5:96: AP 10.47.194.193-ac:a3:1e:5a:ae:01-CenC050-AP325-2
Sep 16 23:59:40 10.47.194.193 stm[2422]:  <501100> <NOTI> |AP CenC050-AP325-2@10.47.194.193 stm|  Assoc success @ 23:59:40.188921: 60:14:66:01:e5:96: AP 10.47.194.193-ac:a3:1e:5a:ae:01-CenC050-AP325-2
Sep 16 23:59:40 10.47.0.22 stm[1806]: <501080> <1806> <NOTI> < 10.47.0.22>  Deauth to sta: 60:14:66:01:e5:96: Ageout AP 10.47.194.220-84:d4:7e:68:a8:a1-CenC002-AP324-1 STA has roamed to another AP
Sep 16 23:59:40 10.47.194.193 stm[2422]:  <501095> <NOTI> |AP CenC050-AP325-2@10.47.194.193 stm|  Assoc request @ 23:59:40.185703: 60:14:66:01:e5:96 (SN 1268): AP 10.47.194.193-ac:a3:1e:5a:ae:01-CenC050-AP325-2
Sep 16 23:59:40 RUP2103-2-A7280-1 stm[2144]: <501100> <2144> <NOTI> <RUP2103-2-A7280-1 10.47.0.32>  Assoc success @ 23:59:40.108250: d8:9c:67:b8:65:cd: AP 10.45.64.242-38:17:c3:82:75:80-Atki700-AP345-2
Sep 16 23:59:40 RUP2103-2-A7280-1 stm[2144]: <501080> <2144> <NOTI> <RUP2103-2-A7280-1 10.47.0.32>  Deauth to sta: d8:9c:67:b8:65:cd: Ageout AP 10.45.64.238-38:17:c3:82:a8:a0-Atki800-AP345-2 STA has roamed to another AP
Sep 16 23:59:40 10.47.194.193 stm[2422]:  <501093> <NOTI> |AP CenC050-AP325-2@10.47.194.193 stm|  Auth success: 60:14:66:01:e5:96: AP 10.47.194.193-ac:a3:1e:5a:ae:01-CenC050-AP325-2
Sep 16 23:59:39 RUP2103-2-A7280-2 stm[7160]: <501100> <7160> <NOTI> <RUP2103-2-A7280-2 10.47.0.33>  Assoc success @ 23:59:39.667952: 00:9d:6b:ec:67:13: AP 10.45.81.54-38:17:c3:82:d7:31-StuU140-AP345-3
Sep 16 23:59:39 RUP2103-2-A7280-2 stm[7160]: <501080> <7160> <NOTI> <RUP2103-2-A7280-2 10.47.0.33>  Deauth to sta: 00:9d:6b:ec:67:13: Ageout AP 10.45.81.49-38:17:c3:84:5b:c1-StuU100-AP345-1 STA has roamed to another AP
Sep 16 23:59:39 AtkiG20-C5-A7280-2 stm[2085]: <501100> <2085> <NOTI> <AtkiG20-C5-A7280-2 10.47.0.23>  Assoc success @ 23:59:39.280794: f0:8a:76:7b:f0:6a: AP 10.45.81.68-38:17:c3:84:89:21-StuU241-AP345-1
Sep 16 23:59:39 AtkiG20-C5-A7280-2 stm[2085]: <501080> <2085> <NOTI> <AtkiG20-C5-A7280-2 10.47.0.23>  Deauth to sta: f0:8a:76:7b:f0:6a: Ageout AP 10.45.81.48-38:17:c3:84:87:01-StuU231-AP345-1 STA has roamed to another AP
Sep 16 23:59:39 RUP2103-2-A7280-2 stm[7160]: <501100> <7160> <NOTI> <RUP2103-2-A7280-2 10.47.0.33>  Assoc success @ 23:59:39.189924: 28:ff:3c:44:c5:59: AP 10.44.6.50-b4:5d:50:13:49:11-EXT-Faci131-AP275-1
Sep 16 23:59:39 RUP2103-2-A7280-2 stm[7160]: <501080> <7160> <NOTI> <RUP2103-2-A7280-2 10.47.0.33>  Deauth to sta: 28:ff:3c:44:c5:59: Ageout AP 10.44.6.60-b4:5d:50:13:75:51-EXT-Faci168-AP275-1 STA has roamed to another AP
Sep 16 23:59:38 RUP2103-2-A7280-1 stm[2144]: <501100> <2144> <NOTI> <RUP2103-2-A7280-1 10.47.0.32>  Assoc success @ 23:59:38.966216: 88:19:08:c3:a9:28: AP 10.44.72.180-b4:5d:50:13:75:80-EXT-Cone244-AP275-1
Sep 16 23:59:38 AtkiG20-C5-A7280-2 stm[2085]: <501100> <2085> <NOTI> <AtkiG20-C5-A7280-2 10.47.0.23>  Assoc success @ 23:59:38.836923: f8:da:0c:49:7a:de: AP 10.44.72.189-ac:a3:1e:54:21:c0-Cone380B-AP325-1
Sep 16 23:59:38 10.45.65.31 stm[1695]:  <501105> <NOTI> |AP Atki2COR1-AP345-1@10.45.65.31 stm|  Deauth from sta: e4:b2:fb:7c:87:02: AP 10.45.65.31-38:17:c3:82:98:70-Atki2COR1-AP345-1 Reason STA has roamed to another AP
Sep 16 23:59:38 10.47.0.22 stm[1806]: <501100> <1806> <NOTI> < 10.47.0.22>  Assoc success @ 23:59:38.812911: e4:b2:fb:7c:87:02: AP 10.45.64.135-38:17:c3:89:e6:90-Atki205-AP345-1
Sep 16 23:59:38 10.47.0.22 stm[1806]: <501080> <1806> <NOTI> < 10.47.0.22>  Deauth to sta: e4:b2:fb:7c:87:02: Ageout AP 10.45.65.31-38:17:c3:82:98:70-Atki2COR1-AP345-1 STA has roamed to another AP
Sep 16 23:59:38 10.45.64.135 stm[1689]:  <501100> <NOTI> |AP Atki205-AP345-1@10.45.64.135 stm|  Assoc success @ 23:59:38.811361: e4:b2:fb:7c:87:02: AP 10.45.64.135-38:17:c3:89:e6:90-Atki205-AP345-1
Sep 16 23:59:38 10.45.64.135 stm[1689]:  <501095> <NOTI> |AP Atki205-AP345-1@10.45.64.135 stm|  Assoc request @ 23:59:38.808300: e4:b2:fb:7c:87:02 (SN 482): AP 10.45.64.135-38:17:c3:89:e6:90-Atki205-AP345-1
Sep 16 23:59:38 10.45.64.135 stm[1689]:  <501093> <NOTI> |AP Atki205-AP345-1@10.45.64.135 stm|  Auth success: e4:b2:fb:7c:87:02: AP 10.45.64.135-38:17:c3:89:e6:90-Atki205-AP345-1
Sep 16 23:59:38 AtkiG20-C5-A7280-2 stm[2085]: <501100> <2085> <NOTI> <AtkiG20-C5-A7280-2 10.47.0.23>  Assoc success @ 23:59:38.588644: 50:3e:aa:62:ca:31: AP 10.44.18.171-a8:bd:27:e3:c8:60-Duke1COR3-AP335-1
Sep 16 23:59:38 AtkiG20-C5-A7280-2 stm[2085]: <501080> <5061> <NOTI> <AtkiG20-C5-A7280-2 10.47.0.23>  Deauth to sta: f8:da:0c:49:7a:de: Ageout AP 10.44.72.189-ac:a3:1e:54:21:c0-Cone380B-AP325-1 APAE Disconnect
Sep 16 23:59:38 AtkiG20-C5-A7280-2 stm[2085]: <501106> <5061> <NOTI> <AtkiG20-C5-A7280-2 10.47.0.23>  Deauth to sta: f8:da:0c:49:7a:de: Ageout AP 10.44.72.189-ac:a3:1e:54:21:c0-Cone380B-AP325-1 wifi_deauth_sta
Sep 16 23:59:38 AtkiG20-C5-A7280-2 stm[2085]: <501100> <2085> <NOTI> <AtkiG20-C5-A7280-2 10.47.0.23>  Assoc success @ 23:59:38.503888: 00:17:23:e2:08:52: AP 10.44.26.82-f0:5c:19:b9:0d:20-EXT-McCoC126-AP277-1
Sep 16 23:59:38 10.44.64.109 stm[2107]:  <501100> <NOTI> |AP EXT-King104-AP275-1@10.44.64.109 stm|  Assoc success @ 23:59:38.293641: 90:cd:b6:2b:6e:48: AP 10.44.64.109-b4:5d:50:13:2b:a3-EXT-King104-AP275-1
Sep 16 23:59:38 10.47.0.22 stm[1806]: <501100> <1806> <NOTI> < 10.47.0.22>  Assoc success @ 23:59:38.294924: 90:cd:b6:2b:6e:48: AP 10.44.64.109-b4:5d:50:13:2b:a3-EXT-King104-AP275-1
Sep 16 23:59:38 10.44.64.109 stm[2107]:  <501095> <NOTI> |AP EXT-King104-AP275-1@10.44.64.109 stm|  Assoc request @ 23:59:38.286538: 90:cd:b6:2b:6e:48 (SN 671): AP 10.44.64.109-b4:5d:50:13:2b:a3-EXT-King104-AP275-1
Sep 16 23:59:38 10.44.64.109 stm[2107]:  <501093> <NOTI> |AP EXT-King104-AP275-1@10.44.64.109 stm|  Auth success: 90:cd:b6:2b:6e:48: AP 10.44.64.109-b4:5d:50:13:2b:a3-EXT-King104-AP275-1
Sep 16 23:59:38 AtkiG20-C5-A7280-2 stm[2085]: <501100> <2085> <NOTI> <AtkiG20-C5-A7280-2 10.47.0.23>  Assoc success @ 23:59:38.096657: 68:fe:f7:a4:37:0c: AP 10.44.125.26-b4:5d:50:13:4a:e1-EXT-HunH215A-AP275-1
Sep 16 23:59:38 AtkiG20-C5-A7280-2 stm[2085]: <501080> <2085> <NOTI> <AtkiG20-C5-A7280-2 10.47.0.23>  Deauth to sta: 68:fe:f7:a4:37:0c: Ageout AP 10.44.136.227-80:8d:b7:7d:7e:21-EXT-Gage119-AP375-1 STA has roamed to another AP
Sep 16 23:59:37 10.44.64.109 stm[2107]:  <501105> <NOTI> |AP EXT-King104-AP275-1@10.44.64.109 stm|  Deauth from sta: 90:cd:b6:2b:6e:48: AP 10.44.64.109-b4:5d:50:13:2b:a3-EXT-King104-AP275-1 Reason Ptk Challenge Failed
Sep 16 23:59:37 10.47.0.22 stm[1806]: <501080> <3789> <NOTI> < 10.47.0.22>  Deauth to sta: 90:cd:b6:2b:6e:48: Ageout AP 10.44.64.109-b4:5d:50:13:2b:a3-EXT-King104-AP275-1 Ptk Challenge Failed
Sep 16 23:59:37 10.47.0.22 stm[1806]: <501106> <3789> <NOTI> < 10.47.0.22>  Deauth to sta: 90:cd:b6:2b:6e:48: Ageout AP 10.44.64.109-b4:5d:50:13:2b:a3-EXT-King104-AP275-1 wifi_deauth_sta
Sep 16 23:59:37 RUP2103-2-A7280-1 stm[2144]: <501100> <2144> <NOTI> <RUP2103-2-A7280-1 10.47.0.32>  Assoc success @ 23:59:37.887915: a4:83:e7:87:66:f2: AP 10.44.72.180-b4:5d:50:13:75:91-EXT-Cone244-AP275-1
Sep 16 23:59:37 RUP2103-2-A7280-1 stm[2144]: <501080> <2144> <NOTI> <RUP2103-2-A7280-1 10.47.0.32>  Deauth to sta: a4:83:e7:87:66:f2: Ageout AP 10.44.64.112-f0:5c:19:b8:45:91-EXT-King140-AP275-1 STA has roamed to another AP
Sep 16 23:59:37 AtkiG20-C5-A7280-2 stm[2085]: <501100> <2085> <NOTI> <AtkiG20-C5-A7280-2 10.47.0.23>  Assoc success @ 23:59:37.656551: 44:91:60:cd:27:c6: AP 10.45.81.54-38:17:c3:82:d7:31-StuU140-AP345-3
Sep 16 23:59:37 RUP2103-2-A7280-1 stm[2144]: <501100> <2144> <NOTI> <RUP2103-2-A7280-1 10.47.0.32>  Assoc success @ 23:59:37.406699: 90:e1:7b:5e:70:66: AP 10.45.68.52-b4:5d:50:13:4a:30-EXT-RUP1201-AP275-1
Sep 16 23:59:37 RUP2103-2-A7280-1 stm[2144]: <501080> <2144> <NOTI> <RUP2103-2-A7280-1 10.47.0.32>  Deauth to sta: 90:e1:7b:5e:70:66: Ageout AP 10.45.66.67-70:3a:0e:4f:54:50-StuA-AP335-FC-Center STA has roamed to another AP
Sep 16 23:59:37 RUP2103-2-A7280-2 stm[7160]: <501100> <7160> <NOTI> <RUP2103-2-A7280-2 10.47.0.33>  Assoc success @ 23:59:37.298453: 40:cb:c0:74:5c:1c: AP 10.45.81.10-38:17:c3:82:d4:61-StuU140-AP345-2
Sep 16 23:59:37 RUP2103-2-A7280-2 stm[7160]: <501080> <7160> <NOTI> <RUP2103-2-A7280-2 10.47.0.33>  Deauth to sta: 40:cb:c0:74:5c:1c: Ageout AP 10.45.81.45-38:17:c3:82:d3:e1-StuU140-AP345-1 STA has roamed to another AP
Sep 16 23:59:36 10.44.134.236 stm[4650]:  <501100> <NOTI> |AP Colv2102-AP325-1@10.44.134.236 stm|  Assoc success @ 23:59:36.978708: 90:cd:b6:13:87:89: AP 10.44.134.236-40:e3:d6:51:c0:c2-Colv2102-AP325-1
Sep 16 23:59:36 10.47.0.22 stm[1806]: <501100> <1806> <NOTI> < 10.47.0.22>  Assoc success @ 23:59:36.981073: 90:cd:b6:13:87:89: AP 10.44.134.236-40:e3:d6:51:c0:c2-Colv2102-AP325-1
Sep 16 23:59:36 10.44.134.236 stm[4650]:  <501095> <NOTI> |AP Colv2102-AP325-1@10.44.134.236 stm|  Assoc request @ 23:59:36.974303: 90:cd:b6:13:87:89 (SN 2056): AP 10.44.134.236-40:e3:d6:51:c0:c2-Colv2102-AP325-1
Sep 16 23:59:36 10.44.134.236 stm[4650]:  <501093> <NOTI> |AP Colv2102-AP325-1@10.44.134.236 stm|  Auth success: 90:cd:b6:13:87:89: AP 10.44.134.236-40:e3:d6:51:c0:c2-Colv2102-AP325-1
Sep 16 23:59:36 10.44.134.236 stm[4650]:  <501105> <NOTI> |AP Colv2102-AP325-1@10.44.134.236 stm|  Deauth from sta: 90:cd:b6:13:87:89: AP 10.44.134.236-40:e3:d6:51:c0:c2-Colv2102-AP325-1 Reason Ptk Challenge Failed
Sep 16 23:59:36 10.47.0.22 stm[1806]: <501080> <3789> <NOTI> < 10.47.0.22>  Deauth to sta: 90:cd:b6:13:87:89: Ageout AP 10.44.134.236-40:e3:d6:51:c0:c2-Colv2102-AP325-1 Ptk Challenge Failed
Sep 16 23:59:36 10.47.0.22 stm[1806]: <501106> <3789> <NOTI> < 10.47.0.22>  Deauth to sta: 90:cd:b6:13:87:89: Ageout AP 10.44.134.236-40:e3:d6:51:c0:c2-Colv2102-AP325-1 wifi_deauth_sta
Sep 16 23:59:36 AtkiG20-C5-A7280-2 stm[2085]: <501100> <2085> <NOTI> <AtkiG20-C5-A7280-2 10.47.0.23>  Assoc success @ 23:59:36.659788: 00:17:23:e2:08:52: AP 10.44.26.82-f0:5c:19:b9:0d:20-EXT-McCoC126-AP277-1
Sep 16 23:59:36 AtkiG20-C5-A7280-2 stm[2085]: <501100> <2085> <NOTI> <AtkiG20-C5-A7280-2 10.47.0.23>  Assoc success @ 23:59:36.332289: f0:8a:76:7b:f0:6a: AP 10.45.81.48-38:17:c3:84:87:01-StuU231-AP345-1
Sep 16 23:59:36 AtkiG20-C5-A7280-2 stm[2085]: <501080> <2085> <NOTI> <AtkiG20-C5-A7280-2 10.47.0.23>  Deauth to sta: f0:8a:76:7b:f0:6a: Ageout AP 10.45.81.82-38:17:c3:82:b6:41-StuU301-AP345-1 STA has roamed to another AP
Sep 16 23:59:35 10.44.136.227 stm[2404]:  <501105> <NOTI> |AP EXT-Gage119-AP375-1@10.44.136.227 stm|  Deauth from sta: 4c:cc:34:0d:66:76: AP 10.44.136.227-80:8d:b7:7d:7e:21-EXT-Gage119-AP375-1 Reason STA has roamed to another AP
Sep 16 23:59:35 10.44.136.226 stm[2406]:  <501100> <NOTI> |AP EXT-Gage105-AP375-1@10.44.136.226 stm|  Assoc success @ 23:59:35.644544: 4c:cc:34:0d:66:76: AP 10.44.136.226-80:8d:b7:7d:59:71-EXT-Gage105-AP375-1
Sep 16 23:59:35 10.47.0.22 stm[1806]: <501100> <1806> <NOTI> < 10.47.0.22>  Assoc success @ 23:59:35.640514: 4c:cc:34:0d:66:76: AP 10.44.136.226-80:8d:b7:7d:59:71-EXT-Gage105-AP375-1
Sep 16 23:59:35 10.47.0.22 stm[1806]: <501080> <1806> <NOTI> < 10.47.0.22>  Deauth to sta: 4c:cc:34:0d:66:76: Ageout AP 10.44.136.227-80:8d:b7:7d:7e:21-EXT-Gage119-AP375-1 STA has roamed to another AP
Sep 16 23:59:35 10.44.136.226 stm[2406]:  <501095> <NOTI> |AP EXT-Gage105-AP375-1@10.44.136.226 stm|  Assoc request @ 23:59:35.641483: 4c:cc:34:0d:66:76 (SN 2056): AP 10.44.136.226-80:8d:b7:7d:59:71-EXT-Gage105-AP375-1
Sep 16 23:59:35 RUP2103-2-A7280-1 stm[2144]: <501100> <2144> <NOTI> <RUP2103-2-A7280-1 10.47.0.32>  Assoc success @ 23:59:35.577301: 90:e1:7b:5f:ba:f4: AP 10.44.15.185-ac:a3:1e:5a:65:40-EPIC2218-AP325-1
Sep 16 23:59:35 AtkiG20-C5-A7280-2 stm[2085]: <501100> <2085> <NOTI> <AtkiG20-C5-A7280-2 10.47.0.23>  Assoc success @ 23:59:35.553485: ec:2c:e2:02:09:fc: AP 10.45.72.107-ac:a3:1e:59:a9:00-BelG201-AP325-1
Sep 16 23:59:35 AtkiG20-C5-A7280-2 stm[2085]: <501080> <2085> <NOTI> <AtkiG20-C5-A7280-2 10.47.0.23>  Deauth to sta: ec:2c:e2:02:09:fc: Ageout AP 10.45.72.79-40:e3:d6:1d:2d:40-EXT-BelG101-AP277-1 STA has roamed to another AP
Sep 16 23:59:35 10.44.136.226 stm[2406]:  <501093> <NOTI> |AP EXT-Gage105-AP375-1@10.44.136.226 stm|  Auth success: 4c:cc:34:0d:66:76: AP 10.44.136.226-80:8d:b7:7d:59:71-EXT-Gage105-AP375-1
Sep 16 23:59:35 10.44.192.120 stm[1695]:  <501100> <NOTI> |AP Pros114-AP345-1@10.44.192.120 stm|  Assoc success @ 23:59:35.376566: 40:83:de:f6:d9:f9: AP 10.44.192.120-38:17:c3:82:de:70-Pros114-AP345-1
Sep 16 23:59:35 10.47.0.22 stm[1806]: <501100> <1806> <NOTI> < 10.47.0.22>  Assoc success @ 23:59:35.376140: 40:83:de:f6:d9:f9: AP 10.44.192.120-38:17:c3:82:de:70-Pros114-AP345-1
Sep 16 23:59:35 10.44.192.120 stm[1695]:  <501095> <NOTI> |AP Pros114-AP345-1@10.44.192.120 stm|  Assoc request @ 23:59:35.373322: 40:83:de:f6:d9:f9 (SN 3075): AP 10.44.192.120-38:17:c3:82:de:70-Pros114-AP345-1
Sep 16 23:59:35 10.44.192.120 stm[1695]:  <501093> <NOTI> |AP Pros114-AP345-1@10.44.192.120 stm|  Auth success: 40:83:de:f6:d9:f9: AP 10.44.192.120-38:17:c3:82:de:70-Pros114-AP345-1
Sep 16 23:59:35 RUP2103-2-A7280-1 stm[2144]: <501100> <2144> <NOTI> <RUP2103-2-A7280-1 10.47.0.32>  Assoc success @ 23:59:35.306183: 48:e9:f1:23:48:11: AP 10.44.136.220-90:4c:81:8c:2e:b2-Gage114-AP345-1
Sep 16 23:59:35 10.44.78.145 stm[2105]:  <501080> <NOTI> |AP EXT-SVDH266-AP277-1@10.44.78.145 stm|  Deauth to sta: c0:a6:00:3b:61:95: Ageout AP 10.44.78.145-40:e3:d6:1d:2e:71-EXT-SVDH266-AP277-1 Sapcp Ageout (internal ageout) 
Sep 16 23:59:35 10.44.78.145 stm[2105]:  <501106> <NOTI> |AP EXT-SVDH266-AP277-1@10.44.78.145 stm|  Deauth to sta: c0:a6:00:3b:61:95: Ageout AP 10.44.78.145-40:e3:d6:1d:2e:71-EXT-SVDH266-AP277-1 handle_sapcp
Sep 16 23:59:34 RUP2103-2-A7280-1 stm[2144]: <501100> <2144> <NOTI> <RUP2103-2-A7280-1 10.47.0.32>  Assoc success @ 23:59:34.914349: b8:d7:af:13:d1:f6: AP 10.45.68.52-b4:5d:50:13:4a:30-EXT-RUP1201-AP275-1
Sep 16 23:59:34 RUP2103-2-A7280-1 stm[2144]: <501080> <2144> <NOTI> <RUP2103-2-A7280-1 10.47.0.32>  Deauth to sta: b8:d7:af:13:d1:f6: Ageout AP 10.45.66.67-70:3a:0e:4f:54:40-StuA-AP335-FC-Center STA has roamed to another AP
Sep 16 23:59:34 AtkiG20-C5-A7280-2 stm[2085]: <501100> <2085> <NOTI> <AtkiG20-C5-A7280-2 10.47.0.23>  Assoc success @ 23:59:34.825826: 00:17:23:e2:08:52: AP 10.44.26.82-f0:5c:19:b9:0d:20-EXT-McCoC126-AP277-1
Sep 16 23:59:34 AtkiG20-C5-A7280-2 stm[2085]: <501100> <2085> <NOTI> <AtkiG20-C5-A7280-2 10.47.0.23>  Assoc success @ 23:59:34.037739: f0:8a:76:7b:f0:6a: AP 10.45.81.82-38:17:c3:82:b6:41-StuU301-AP345-1
Sep 16 23:59:34 AtkiG20-C5-A7280-2 stm[2085]: <501080> <2085> <NOTI> <AtkiG20-C5-A7280-2 10.47.0.23>  Deauth to sta: f0:8a:76:7b:f0:6a: Ageout AP 10.45.81.77-90:4c:81:8e:fc:c1-StuU101-AP345-1 STA has roamed to another AP
Sep 16 23:59:33 RUP2103-2-A7280-2 stm[7160]: <501100> <7160> <NOTI> <RUP2103-2-A7280-2 10.47.0.33>  Assoc success @ 23:59:33.602831: d0:7f:a0:e5:7e:39: AP 10.45.66.82-70:3a:0e:58:42:21-StuA0COR2-AP335-1
Sep 16 23:59:33 AtkiG20-C5-A7280-2 stm[2085]: <501100> <2085> <NOTI> <AtkiG20-C5-A7280-2 10.47.0.23>  Assoc success @ 23:59:33.586093: e0:33:8e:41:5e:1f: AP 10.44.15.190-ac:a3:1e:5a:68:31-EPIC2289-AP325-1
Sep 16 23:59:33 AtkiG20-C5-A7280-2 stm[2085]: <501080> <2085> <NOTI> <AtkiG20-C5-A7280-2 10.47.0.23>  Deauth to sta: e0:33:8e:41:5e:1f: Ageout AP 10.44.15.172-ac:a3:1e:5a:55:d1-EPIC3256-AP325-1 STA has roamed to another AP
Sep 16 23:59:33 10.44.134.254 stm[4959]:  <501105> <NOTI> |AP Colv5COR2-AP325-1@10.44.134.254 stm|  Deauth from sta: 90:cd:b6:2b:6e:48: AP 10.44.134.254-40:e3:d6:54:f6:62-Colv5COR2-AP325-1 Reason Ptk Challenge Failed
Sep 16 23:59:33 10.47.0.22 stm[1806]: <501080> <3789> <NOTI> < 10.47.0.22>  Deauth to sta: 90:cd:b6:2b:6e:48: Ageout AP 10.44.134.254-40:e3:d6:54:f6:62-Colv5COR2-AP325-1 Ptk Challenge Failed
Sep 16 23:59:33 10.47.0.22 stm[1806]: <501106> <3789> <NOTI> < 10.47.0.22>  Deauth to sta: 90:cd:b6:2b:6e:48: Ageout AP 10.44.134.254-40:e3:d6:54:f6:62-Colv5COR2-AP325-1 wifi_deauth_sta
Sep 16 23:59:33 AtkiG20-C5-A7280-2 stm[2085]: <501100> <2085> <NOTI> <AtkiG20-C5-A7280-2 10.47.0.23>  Assoc success @ 23:59:33.383959: 00:17:23:e2:08:52: AP 10.44.26.82-f0:5c:19:b9:0d:20-EXT-McCoC126-AP277-1
Sep 16 23:59:33 10.44.64.109 stm[2107]:  <501100> <NOTI> |AP EXT-King104-AP275-1@10.44.64.109 stm|  Assoc success @ 23:59:33.886297: 90:cd:b6:2b:6e:48: AP 10.44.64.109-b4:5d:50:13:2b:a3-EXT-King104-AP275-1
Sep 16 23:59:33 10.47.0.22 stm[1806]: <501100> <1806> <NOTI> < 10.47.0.22>  Assoc success @ 23:59:33.887423: 90:cd:b6:2b:6e:48: AP 10.44.64.109-b4:5d:50:13:2b:a3-EXT-King104-AP275-1
Sep 16 23:59:33 10.44.64.109 stm[2107]:  <501095> <NOTI> |AP EXT-King104-AP275-1@10.44.64.109 stm|  Assoc request @ 23:59:33.879804: 90:cd:b6:2b:6e:48 (SN 602): AP 10.44.64.109-b4:5d:50:13:2b:a3-EXT-King104-AP275-1
Sep 16 23:59:33 10.44.64.109 stm[2107]:  <501093> <NOTI> |AP EXT-King104-AP275-1@10.44.64.109 stm|  Auth success: 90:cd:b6:2b:6e:48: AP 10.44.64.109-b4:5d:50:13:2b:a3-EXT-King104-AP275-1
Sep 16 23:59:32 RUP2103-2-A7280-2 stm[7160]: <501100> <7160> <NOTI> <RUP2103-2-A7280-2 10.47.0.33>  Assoc success @ 23:59:32.913377: 28:ff:3c:44:c5:59: AP 10.44.6.60-b4:5d:50:13:75:51-EXT-Faci168-AP275-1
Sep 16 23:59:32 RUP2103-2-A7280-2 stm[7160]: <501080> <7160> <NOTI> <RUP2103-2-A7280-2 10.47.0.33>  Deauth to sta: 28:ff:3c:44:c5:59: Ageout AP 10.44.6.50-b4:5d:50:13:49:01-EXT-Faci131-AP275-1 STA has roamed to another AP
Sep 16 23:59:32 RUP2103-2-A7280-1 stm[2144]: <501100> <2144> <NOTI> <RUP2103-2-A7280-1 10.47.0.32>  Assoc success @ 23:59:32.851122: 64:5a:ed:92:e7:39: AP 10.44.18.180-a8:bd:27:e3:c1:a1-Duke241-AP335-1
Sep 16 23:59:32 RUP2103-2-A7280-1 stm[2144]: <501080> <2144> <NOTI> <RUP2103-2-A7280-1 10.47.0.32>  Deauth to sta: 64:5a:ed:92:e7:39: Ageout AP 10.44.18.150-a8:bd:27:e3:c1:e1-Duke242-AP335-1 STA has roamed to another AP
Sep 16 23:59:32 AtkiG20-C5-A7280-2 stm[2085]: <501100> <2085> <NOTI> <AtkiG20-C5-A7280-2 10.47.0.23>  Assoc success @ 23:59:32.721225: ec:2c:e2:01:e8:77: AP 10.45.65.8-38:17:c3:82:af:11-Atki2COR1-AP345-3
Sep 16 23:59:32 AtkiG20-C5-A7280-2 stm[2085]: <501080> <2085> <NOTI> <AtkiG20-C5-A7280-2 10.47.0.23>  Deauth to sta: ec:2c:e2:01:e8:77: Ageout AP 10.45.65.24-38:17:c3:82:57:01-Atki201-AP345-5 STA has roamed to another AP
Sep 16 23:59:32 RUP2103-2-A7280-1 stm[2144]: <501100> <2144> <NOTI> <RUP2103-2-A7280-1 10.47.0.32>  Assoc success @ 23:59:32.645873: 90:e1:7b:5f:ba:f4: AP 10.44.15.128-ac:a3:1e:59:ad:70-EPIC2219-AP325-1
Sep 16 23:59:32 RUP2103-2-A7280-1 stm[2144]: <501100> <2144> <NOTI> <RUP2103-2-A7280-1 10.47.0.32>  Assoc success @ 23:59:32.365342: e0:94:67:7e:65:21: AP 10.44.22.239-38:17:c3:82:bc:51-Grig111-AP345-1
Sep 16 23:59:32 10.44.134.236 stm[4650]:  <501100> <NOTI> |AP Colv2102-AP325-1@10.44.134.236 stm|  Assoc success @ 23:59:32.264775: 90:cd:b6:13:87:89: AP 10.44.134.236-40:e3:d6:51:c0:c2-Colv2102-AP325-1
Sep 16 23:59:32 10.47.0.22 stm[1806]: <501100> <1806> <NOTI> < 10.47.0.22>  Assoc success @ 23:59:32.267218: 90:cd:b6:13:87:89: AP 10.44.134.236-40:e3:d6:51:c0:c2-Colv2102-AP325-1
Sep 16 23:59:32 10.44.134.236 stm[4650]:  <501095> <NOTI> |AP Colv2102-AP325-1@10.44.134.236 stm|  Assoc request @ 23:59:32.260620: 90:cd:b6:13:87:89 (SN 2056): AP 10.44.134.236-40:e3:d6:51:c0:c2-Colv2102-AP325-1
Sep 16 23:59:32 10.44.134.236 stm[4650]:  <501093> <NOTI> |AP Colv2102-AP325-1@10.44.134.236 stm|  Auth success: 90:cd:b6:13:87:89: AP 10.44.134.236-40:e3:d6:51:c0:c2-Colv2102-AP325-1
Sep 16 23:59:32 AtkiG20-C5-A7280-2 stm[2085]: <501100> <2085> <NOTI> <AtkiG20-C5-A7280-2 10.47.0.23>  Assoc success @ 23:59:32.013711: 40:26:19:78:58:07: AP 10.44.204.44-b4:5d:50:13:24:c1-EXT-StuH158-AP275-1
Sep 16 23:59:32 AtkiG20-C5-A7280-2 stm[2085]: <501080> <2085> <NOTI> <AtkiG20-C5-A7280-2 10.47.0.23>  Deauth to sta: 40:26:19:78:58:07: Ageout AP 10.44.246.234-ac:a3:1e:5a:01:11-Hick36C-AP325-1 STA has roamed to another AP
Sep 16 23:59:32 RUP2103-2-A7280-1 stm[2144]: <501100> <2144> <NOTI> <RUP2103-2-A7280-1 10.47.0.32>  Assoc success @ 23:59:32.012358: d8:9c:67:b8:65:cd: AP 10.45.64.238-38:17:c3:82:a8:a0-Atki800-AP345-2
Sep 16 23:59:32 RUP2103-2-A7280-1 stm[2144]: <501080> <2144> <NOTI> <RUP2103-2-A7280-1 10.47.0.32>  Deauth to sta: d8:9c:67:b8:65:cd: Ageout AP 10.45.64.242-38:17:c3:82:75:80-Atki700-AP345-2 STA has roamed to another AP
Sep 16 23:59:31 10.44.134.236 stm[4650]:  <501105> <NOTI> |AP Colv2102-AP325-1@10.44.134.236 stm|  Deauth from sta: 90:cd:b6:13:87:89: AP 10.44.134.236-40:e3:d6:51:c0:c2-Colv2102-AP325-1 Reason Ptk Challenge Failed
Sep 16 23:59:31 10.47.0.22 stm[1806]: <501080> <3789> <NOTI> < 10.47.0.22>  Deauth to sta: 90:cd:b6:13:87:89: Ageout AP 10.44.134.236-40:e3:d6:51:c0:c2-Colv2102-AP325-1 Ptk Challenge Failed
Sep 16 23:59:31 10.47.0.22 stm[1806]: <501106> <3789> <NOTI> < 10.47.0.22>  Deauth to sta: 90:cd:b6:13:87:89: Ageout AP 10.44.134.236-40:e3:d6:51:c0:c2-Colv2102-AP325-1 wifi_deauth_sta
Sep 16 23:59:31 AtkiG20-C5-A7280-2 stm[2085]: <501100> <2085> <NOTI> <AtkiG20-C5-A7280-2 10.47.0.23>  Assoc success @ 23:59:31.722323: f0:8a:76:7b:f0:6a: AP 10.45.81.77-90:4c:81:8e:fc:c1-StuU101-AP345-1
Sep 16 23:59:31 AtkiG20-C5-A7280-2 stm[2085]: <501080> <2085> <NOTI> <AtkiG20-C5-A7280-2 10.47.0.23>  Deauth to sta: f0:8a:76:7b:f0:6a: Ageout AP 10.45.81.82-38:17:c3:82:b6:41-StuU301-AP345-1 STA has roamed to another AP
Sep 16 23:59:31 10.44.78.181 stm[2102]:  <501100> <NOTI> |AP EXT-SVDH201-AP277-1@10.44.78.181 stm|  Assoc success @ 23:59:31.619923: 20:ab:37:27:76:8a: AP 10.44.78.181-40:e3:d6:1d:33:01-EXT-SVDH201-AP277-1
Sep 16 23:59:31 10.47.0.22 stm[1806]: <501100> <1806> <NOTI> < 10.47.0.22>  Assoc success @ 23:59:31.621376: 20:ab:37:27:76:8a: AP 10.44.78.181-40:e3:d6:1d:33:01-EXT-SVDH201-AP277-1
Sep 16 23:59:31 10.44.78.181 stm[2102]:  <501080> <NOTI> |AP EXT-SVDH201-AP277-1@10.44.78.181 stm|  Deauth to sta: 20:ab:37:27:76:8a: Ageout AP 10.44.78.181-40:e3:d6:1d:33:11-EXT-SVDH201-AP277-1 STA has roamed to another AP
Sep 16 23:59:31 10.44.78.181 stm[2102]:  <501095> <NOTI> |AP EXT-SVDH201-AP277-1@10.44.78.181 stm|  Assoc request @ 23:59:31.603482: 20:ab:37:27:76:8a (SN 285): AP 10.44.78.181-40:e3:d6:1d:33:01-EXT-SVDH201-AP277-1
Sep 16 23:59:31 10.44.78.181 stm[2102]:  <501093> <NOTI> |AP EXT-SVDH201-AP277-1@10.44.78.181 stm|  Auth success: 20:ab:37:27:76:8a: AP 10.44.78.181-40:e3:d6:1d:33:01-EXT-SVDH201-AP277-1
Sep 16 23:59:31 RUP2103-2-A7280-2 stm[7160]: <501100> <7160> <NOTI> <RUP2103-2-A7280-2 10.47.0.33>  Assoc success @ 23:59:31.534291: e4:9a:dc:82:38:31: AP 10.45.65.31-38:17:c3:82:98:70-Atki2COR1-AP345-1
Sep 16 23:59:31 RUP2103-2-A7280-2 stm[7160]: <501080> <7160> <NOTI> <RUP2103-2-A7280-2 10.47.0.33>  Deauth to sta: e4:9a:dc:82:38:31: Ageout AP 10.45.65.48-38:17:c3:82:ed:90-Atki201-AP345-1 STA has roamed to another AP
Sep 16 23:59:31 AtkiG20-C5-A7280-2 stm[2085]: <501100> <2085> <NOTI> <AtkiG20-C5-A7280-2 10.47.0.23>  Assoc success @ 23:59:31.444407: 00:17:23:e2:08:52: AP 10.44.26.82-f0:5c:19:b9:0d:20-EXT-McCoC126-AP277-1
Sep 16 23:59:31 RUP2103-2-A7280-2 stm[7160]: <501100> <7160> <NOTI> <RUP2103-2-A7280-2 10.47.0.33>  Assoc success @ 23:59:31.430298: e8:36:17:6b:4e:54: AP 10.44.0.35-ac:a3:1e:58:4c:81-RUP2103-AP325-1
Sep 16 23:59:31 10.45.64.238 stm[1688]:  <501080> <NOTI> |AP Atki800-AP345-2@10.45.64.238 stm|  Deauth to sta: b8:b2:f8:73:2f:32: Ageout AP 10.45.64.238-38:17:c3:82:a8:b1-Atki800-AP345-2 Sapcp Ageout (internal ageout) 
Sep 16 23:59:31 AtkiG20-C5-A7280-2 stm[2085]: <501100> <2085> <NOTI> <AtkiG20-C5-A7280-2 10.47.0.23>  Assoc success @ 23:59:31.010630: 9c:e3:3f:c9:2f:30: AP 10.44.24.166-b4:5d:50:13:2c:91-EXT-Bioi131-AP275-1
Sep 16 23:59:31 AtkiG20-C5-A7280-2 stm[2085]: <501080> <2085> <NOTI> <AtkiG20-C5-A7280-2 10.47.0.23>  Deauth to sta: 9c:e3:3f:c9:2f:30: Ageout AP 10.44.20.57-b4:5d:50:13:74:71-EXT-MSII102-AP275-1 STA has roamed to another AP
Sep 16 23:59:30 RUP2103-2-A7280-2 stm[7160]: <501100> <7160> <NOTI> <RUP2103-2-A7280-2 10.47.0.33>  Assoc success @ 23:59:30.891285: f0:99:b6:5a:6b:4f: AP 10.44.0.35-ac:a3:1e:58:4c:91-RUP2103-AP325-1
Sep 16 23:59:30 RUP2103-2-A7280-2 stm[7160]: <501080> <7160> <NOTI> <RUP2103-2-A7280-2 10.47.0.33>  Deauth to sta: f0:99:b6:5a:6b:4f: Ageout AP 10.44.0.44-40:e3:d6:52:47:91-RUP2120-AP325-1 STA has roamed to another AP
Sep 16 23:59:30 RUP2103-2-A7280-1 stm[2144]: <501100> <2144> <NOTI> <RUP2103-2-A7280-1 10.47.0.32>  Assoc success @ 23:59:30.876323: e4:e0:a6:84:1b:e7: AP 10.45.64.135-38:17:c3:89:e6:81-Atki205-AP345-1
Sep 16 23:59:30 RUP2103-2-A7280-1 stm[2144]: <501080> <2144> <NOTI> <RUP2103-2-A7280-1 10.47.0.32>  Deauth to sta: e4:e0:a6:84:1b:e7: Ageout AP 10.45.64.138-38:17:c3:8a:09:61-Atki312A-AP345-1 STA has roamed to another AP
Sep 16 23:59:30 AtkiG20-C5-A7280-2 stm[2085]: <501100> <2085> <NOTI> <AtkiG20-C5-A7280-2 10.47.0.23>  Assoc success @ 23:59:30.315645: 00:17:23:e2:08:52: AP 10.44.26.82-f0:5c:19:b9:0d:20-EXT-McCoC126-AP277-1
Sep 16 23:59:30 RUP2103-2-A7280-2 stm[7160]: <501100> <7160> <NOTI> <RUP2103-2-A7280-2 10.47.0.33>  Assoc success @ 23:59:30.297237: 28:ff:3c:44:c5:59: AP 10.44.6.50-b4:5d:50:13:49:01-EXT-Faci131-AP275-1
Sep 16 23:59:30 RUP2103-2-A7280-2 stm[7160]: <501080> <7160> <NOTI> <RUP2103-2-A7280-2 10.47.0.33>  Deauth to sta: 28:ff:3c:44:c5:59: Ageout AP 10.44.60.20-b4:5d:50:13:75:31-EXT-Lync232-AP275-1 STA has roamed to another AP
Sep 16 23:59:30 10.44.84.233 stm[3356]:  <501080> <NOTI> |AP Foun112-AP325-2@10.44.84.233 stm|  Deauth to sta: 00:80:92:dc:35:bd: Ageout AP 10.44.84.233-40:e3:d6:54:fe:20-Foun112-AP325-2 Sapcp Ageout (internal ageout) 
Sep 16 23:59:30 10.44.84.233 stm[3356]:  <501106> <NOTI> |AP Foun112-AP325-2@10.44.84.233 stm|  Deauth to sta: 00:80:92:dc:35:bd: Ageout AP 10.44.84.233-40:e3:d6:54:fe:20-Foun112-AP325-2 handle_sapcp
Sep 16 23:59:30 RUP2103-2-A7280-1 stm[2144]: <501100> <2144> <NOTI> <RUP2103-2-A7280-1 10.47.0.32>  Assoc success @ 23:59:30.032709: c8:3c:85:d0:dd:9f: AP 10.45.64.140-48:4a:e9:d5:31:81-EXT-AtkiL42-AP375-1
Sep 16 23:59:30 RUP2103-2-A7280-1 stm[2144]: <501080> <2144> <NOTI> <RUP2103-2-A7280-1 10.47.0.32>  Deauth to sta: c8:3c:85:d0:dd:9f: Ageout AP 10.44.64.112-f0:5c:19:b8:45:91-EXT-King140-AP275-1 STA has roamed to another AP
Sep 16 23:59:29 AtkiG20-C5-A7280-2 stm[2085]: <501100> <2085> <NOTI> <AtkiG20-C5-A7280-2 10.47.0.23>  Assoc success @ 23:59:29.949529: a4:83:e7:63:c5:84: AP 10.45.65.47-38:17:c3:82:dc:91-Atki1COR4-AP345-2
Sep 16 23:59:29 AtkiG20-C5-A7280-2 stm[2085]: <501080> <2085> <NOTI> <AtkiG20-C5-A7280-2 10.47.0.23>  Deauth to sta: a4:83:e7:63:c5:84: Ageout AP 10.45.65.76-38:17:c3:82:e1:e1-Atki105D-AP345-4 STA has roamed to another AP
Sep 16 23:59:29 10.44.134.254 stm[4959]:  <501100> <NOTI> |AP Colv5COR2-AP325-1@10.44.134.254 stm|  Assoc success @ 23:59:29.462693: 90:cd:b6:2b:6e:48: AP 10.44.134.254-40:e3:d6:54:f6:62-Colv5COR2-AP325-1
Sep 16 23:59:29 10.47.0.22 stm[1806]: <501100> <1806> <NOTI> < 10.47.0.22>  Assoc success @ 23:59:29.463926: 90:cd:b6:2b:6e:48: AP 10.44.134.254-40:e3:d6:54:f6:62-Colv5COR2-AP325-1
Sep 16 23:59:29 10.44.134.254 stm[4959]:  <501095> <NOTI> |AP Colv5COR2-AP325-1@10.44.134.254 stm|  Assoc request @ 23:59:29.458632: 90:cd:b6:2b:6e:48 (SN 0): AP 10.44.134.254-40:e3:d6:54:f6:62-Colv5COR2-AP325-1
Sep 16 23:59:29 10.44.134.254 stm[4959]:  <501093> <NOTI> |AP Colv5COR2-AP325-1@10.44.134.254 stm|  Auth success: 90:cd:b6:2b:6e:48: AP 10.44.134.254-40:e3:d6:54:f6:62-Colv5COR2-AP325-1
Sep 16 23:59:29 10.44.84.242 stm[2422]:  <501080> <NOTI> |AP Foun104-AP325-1@10.44.84.242 stm|  Deauth to sta: 00:80:92:dc:35:bd: Ageout AP 10.44.84.242-40:e3:d6:54:f7:c0-Foun104-AP325-1 Sapcp Ageout (internal ageout) 
Sep 16 23:59:29 10.44.84.242 stm[2422]:  <501106> <NOTI> |AP Foun104-AP325-1@10.44.84.242 stm|  Deauth to sta: 00:80:92:dc:35:bd: Ageout AP 10.44.84.242-40:e3:d6:54:f7:c0-Foun104-AP325-1 handle_sapcp
Sep 16 23:59:29 10.44.84.245 stm[2423]:  <501106> <NOTI> |AP Foun111-AP325-1@10.44.84.245 stm|  Deauth to sta: 00:80:92:dc:35:bd: Ageout AP 10.44.84.245-ac:a3:1e:58:49:00-Foun111-AP325-1 handle_sapcp
Sep 16 23:59:29 10.44.84.247 stm[2734]:  <501080> <NOTI> |AP Foun103-AP325-1@10.44.84.247 stm|  Deauth to sta: 00:80:92:dc:35:bd: Ageout AP 10.44.84.247-ac:a3:1e:54:14:60-Foun103-AP325-1 Sapcp Ageout (internal ageout) 
Sep 16 23:59:29 10.44.84.247 stm[2734]:  <501106> <NOTI> |AP Foun103-AP325-1@10.44.84.247 stm|  Deauth to sta: 00:80:92:dc:35:bd: Ageout AP 10.44.84.247-ac:a3:1e:54:14:60-Foun103-AP325-1 handle_sapcp
Sep 16 23:59:29 AtkiG20-C5-A7280-2 stm[2085]: <501100> <2085> <NOTI> <AtkiG20-C5-A7280-2 10.47.0.23>  Assoc success @ 23:59:29.247964: b8:63:4d:45:b9:80: AP 10.44.125.26-b4:5d:50:13:4a:e0-EXT-HunH215A-AP275-1
Sep 16 23:59:29 10.44.64.109 stm[2107]:  <501105> <NOTI> |AP EXT-King104-AP275-1@10.44.64.109 stm|  Deauth from sta: 90:cd:b6:2b:6e:48: AP 10.44.64.109-b4:5d:50:13:2b:a3-EXT-King104-AP275-1 Reason Ptk Challenge Failed
Sep 16 23:59:29 10.47.0.22 stm[1806]: <501080> <3789> <NOTI> < 10.47.0.22>  Deauth to sta: 90:cd:b6:2b:6e:48: Ageout AP 10.44.64.109-b4:5d:50:13:2b:a3-EXT-King104-AP275-1 Ptk Challenge Failed
Sep 16 23:59:29 10.47.0.22 stm[1806]: <501106> <3789> <NOTI> < 10.47.0.22>  Deauth to sta: 90:cd:b6:2b:6e:48: Ageout AP 10.44.64.109-b4:5d:50:13:2b:a3-EXT-King104-AP275-1 wifi_deauth_sta
Sep 16 23:59:29 RUP2103-2-A7280-1 stm[2144]: <501100> <2144> <NOTI> <RUP2103-2-A7280-1 10.47.0.32>  Assoc success @ 23:59:29.107230: 34:08:bc:e9:d2:b8: AP 10.45.83.33-b4:5d:50:12:c4:91-EXT-Wood140-AP275-1
Sep 16 23:59:29 RUP2103-2-A7280-1 stm[2144]: <501080> <2144> <NOTI> <RUP2103-2-A7280-1 10.47.0.32>  Deauth to sta: 34:08:bc:e9:d2:b8: Ageout AP 10.45.74.234-b4:5d:50:13:78:d1-EXT-Unio106-AP275-1 STA has roamed to another AP
Sep 16 23:59:29 AtkiG20-C5-A7280-2 stm[2085]: <501100> <2085> <NOTI> <AtkiG20-C5-A7280-2 10.47.0.23>  Assoc success @ 23:59:29.088947: 00:17:23:e2:08:52: AP 10.44.26.82-f0:5c:19:b9:0d:20-EXT-McCoC126-AP277-1
Sep 16 23:59:29 RUP2103-2-A7280-2 stm[7160]: <501100> <7160> <NOTI> <RUP2103-2-A7280-2 10.47.0.33>  Assoc success @ 23:59:29.021377: 38:f9:d3:db:d4:99: AP 10.45.64.138-38:17:c3:8a:09:71-Atki312A-AP345-1
Sep 16 23:59:29 RUP2103-2-A7280-2 stm[7160]: <501080> <7160> <NOTI> <RUP2103-2-A7280-2 10.47.0.33>  Deauth to sta: 38:f9:d3:db:d4:99: Ageout AP 10.45.64.144-38:17:c3:89:95:71-Atki310C-AP345-1 STA has roamed to another AP
Sep 16 23:59:28 10.44.192.120 stm[1695]:  <501100> <NOTI> |AP Pros114-AP345-1@10.44.192.120 stm|  Assoc success @ 23:59:28.976076: 40:83:de:f6:d9:f9: AP 10.44.192.120-38:17:c3:82:de:70-Pros114-AP345-1
Sep 16 23:59:28 10.47.0.22 stm[1806]: <501100> <1806> <NOTI> < 10.47.0.22>  Assoc success @ 23:59:28.977783: 40:83:de:f6:d9:f9: AP 10.44.192.120-38:17:c3:82:de:70-Pros114-AP345-1
Sep 16 23:59:28 10.44.192.120 stm[1695]:  <501095> <NOTI> |AP Pros114-AP345-1@10.44.192.120 stm|  Assoc request @ 23:59:28.972947: 40:83:de:f6:d9:f9 (SN 2796): AP 10.44.192.120-38:17:c3:82:de:70-Pros114-AP345-1
Sep 16 23:59:28 10.44.192.120 stm[1695]:  <501093> <NOTI> |AP Pros114-AP345-1@10.44.192.120 stm|  Auth success: 40:83:de:f6:d9:f9: AP 10.44.192.120-38:17:c3:82:de:70-Pros114-AP345-1
Sep 16 23:59:28 RUP2103-2-A7280-1 stm[2144]: <501100> <2144> <NOTI> <RUP2103-2-A7280-1 10.47.0.32>  Assoc success @ 23:59:28.305452: a4:83:e7:87:66:f2: AP 10.44.64.112-f0:5c:19:b8:45:91-EXT-King140-AP275-1
Sep 16 23:59:28 RUP2103-2-A7280-1 stm[2144]: <501080> <2144> <NOTI> <RUP2103-2-A7280-1 10.47.0.32>  Deauth to sta: a4:83:e7:87:66:f2: Ageout AP 10.44.134.246-b4:5d:50:13:24:b1-EXT-Colv2105-AP275-1 STA has roamed to another AP
Sep 16 23:59:28 AtkiG20-C5-A7280-2 stm[2085]: <501100> <2085> <NOTI> <AtkiG20-C5-A7280-2 10.47.0.23>  Assoc success @ 23:59:28.292552: f0:8a:76:7b:f0:6a: AP 10.45.81.82-38:17:c3:82:b6:41-StuU301-AP345-1
Sep 16 23:59:28 AtkiG20-C5-A7280-2 stm[2085]: <501080> <2085> <NOTI> <AtkiG20-C5-A7280-2 10.47.0.23>  Deauth to sta: f0:8a:76:7b:f0:6a: Ageout AP 10.45.81.48-38:17:c3:84:87:01-StuU231-AP345-1 STA has roamed to another AP
Sep 16 23:59:28 RUP2103-2-A7280-2 stm[7160]: <501100> <7160> <NOTI> <RUP2103-2-A7280-2 10.47.0.33>  Assoc success @ 23:59:28.290196: 40:ed:98:5f:d5:bc: AP 10.45.0.227-38:17:c3:84:0f:b0-Kenn101-AP345-1
Sep 16 23:59:28 RUP2103-2-A7280-2 stm[7160]: <501100> <7160> <NOTI> <RUP2103-2-A7280-2 10.47.0.33>  Assoc success @ 23:59:28.038551: c0:9a:d0:78:63:f6: AP 10.45.85.200-90:4c:81:8f:2a:91-Heal341-AP345-1
Sep 16 23:59:28 RUP2103-2-A7280-2 stm[7160]: <501080> <7160> <NOTI> <RUP2103-2-A7280-2 10.47.0.33>  Deauth to sta: c0:9a:d0:78:63:f6: Ageout AP 10.45.85.161-90:4c:81:8e:f1:f1-Heal342-AP345-1 STA has roamed to another AP
Sep 16 23:59:27 AtkiG20-C5-A7280-2 stm[2085]: <501100> <2085> <NOTI> <AtkiG20-C5-A7280-2 10.47.0.23>  Assoc success @ 23:59:27.954225: 00:17:23:e2:08:52: AP 10.44.26.82-f0:5c:19:b9:0d:20-EXT-McCoC126-AP277-1
Sep 16 23:59:27 RUP2103-2-A7280-2 stm[7160]: <501100> <7160> <NOTI> <RUP2103-2-A7280-2 10.47.0.33>  Assoc success @ 23:59:27.819748: 94:bf:2d:37:af:e7: AP 10.44.204.59-40:e3:d6:54:dc:90-StuH102-AP325-1
Sep 16 23:59:27 RUP2103-2-A7280-2 stm[7160]: <501080> <7160> <NOTI> <RUP2103-2-A7280-2 10.47.0.33>  Deauth to sta: 94:bf:2d:37:af:e7: Ageout AP 10.44.247.236-f0:5c:19:35:b4:b0-Ceda31A-AP325-1 STA has roamed to another AP
Sep 16 23:59:27 10.44.134.236 stm[4650]:  <501100> <NOTI> |AP Colv2102-AP325-1@10.44.134.236 stm|  Assoc success @ 23:59:27.553341: 90:cd:b6:13:87:89: AP 10.44.134.236-40:e3:d6:51:c0:c2-Colv2102-AP325-1
Sep 16 23:59:27 10.47.0.22 stm[1806]: <501100> <1806> <NOTI> < 10.47.0.22>  Assoc success @ 23:59:27.556000: 90:cd:b6:13:87:89: AP 10.44.134.236-40:e3:d6:51:c0:c2-Colv2102-AP325-1
Sep 16 23:59:27 10.44.134.236 stm[4650]:  <501095> <NOTI> |AP Colv2102-AP325-1@10.44.134.236 stm|  Assoc request @ 23:59:27.548967: 90:cd:b6:13:87:89 (SN 0): AP 10.44.134.236-40:e3:d6:51:c0:c2-Colv2102-AP325-1
Sep 16 23:59:27 10.44.134.236 stm[4650]:  <501093> <NOTI> |AP Colv2102-AP325-1@10.44.134.236 stm|  Auth success: 90:cd:b6:13:87:89: AP 10.44.134.236-40:e3:d6:51:c0:c2-Colv2102-AP325-1
Sep 16 23:59:27 10.45.65.49 stm[1690]:  <501105> <NOTI> |AP Atki2COR1-AP345-2@10.45.65.49 stm|  Deauth from sta: e4:b2:fb:7c:87:02: AP 10.45.65.49-38:17:c3:82:ad:a0-Atki2COR1-AP345-2 Reason STA has roamed to another AP
Sep 16 23:59:27 10.45.65.31 stm[1695]:  <501100> <NOTI> |AP Atki2COR1-AP345-1@10.45.65.31 stm|  Assoc success @ 23:59:27.440942: e4:b2:fb:7c:87:02: AP 10.45.65.31-38:17:c3:82:98:70-Atki2COR1-AP345-1
Sep 16 23:59:27 10.45.65.31 stm[1695]:  <501095> <NOTI> |AP Atki2COR1-AP345-1@10.45.65.31 stm|  Assoc request @ 23:59:27.438748: e4:b2:fb:7c:87:02 (SN 443): AP 10.45.65.31-38:17:c3:82:98:70-Atki2COR1-AP345-1
Sep 16 23:59:27 10.47.0.22 stm[1806]: <501100> <1806> <NOTI> < 10.47.0.22>  Assoc success @ 23:59:27.439889: e4:b2:fb:7c:87:02: AP 10.45.65.31-38:17:c3:82:98:70-Atki2COR1-AP345-1
Sep 16 23:59:27 10.47.0.22 stm[1806]: <501080> <1806> <NOTI> < 10.47.0.22>  Deauth to sta: e4:b2:fb:7c:87:02: Ageout AP 10.45.65.49-38:17:c3:82:ad:a0-Atki2COR1-AP345-2 STA has roamed to another AP
