Sep 16 23:59:27 10.45.65.31 stm[1695]:  <501093> <NOTI> |AP Atki2COR1-AP345-1@10.45.65.31 stm|  Auth success: e4:b2:fb:7c:87:02: AP 10.45.65.31-38:17:c3:82:98:70-Atki2COR1-AP345-1
Sep 16 23:59:27 RUP2103-2-A7280-2 stm[7160]: <501100> <7160> <NOTI> <RUP2103-2-A7280-2 10.47.0.33>  Assoc success @ 23:59:27.388319: 40:cb:c0:74:5c:1c: AP 10.45.81.45-38:17:c3:82:d3:e1-StuU140-AP345-1
Sep 16 23:59:27 RUP2103-2-A7280-2 stm[7160]: <501080> <7160> <NOTI> <RUP2103-2-A7280-2 10.47.0.33>  Deauth to sta: 40:cb:c0:74:5c:1c: Ageout AP 10.45.81.64-38:17:c3:82:db:61-StuU140-AP345-4 STA has roamed to another AP
Sep 16 23:59:27 10.44.134.236 stm[4650]:  <501105> <NOTI> |AP Colv2102-AP325-1@10.44.134.236 stm|  Deauth from sta: 90:cd:b6:13:87:89: AP 10.44.134.236-40:e3:d6:51:c0:c2-Colv2102-AP325-1 Reason Ptk Challenge Failed
Sep 16 23:59:27 10.47.0.22 stm[1806]: <501080> <3789> <NOTI> < 10.47.0.22>  Deauth to sta: 90:cd:b6:13:87:89: Ageout AP 10.44.134.236-40:e3:d6:51:c0:c2-Colv2102-AP325-1 Ptk Challenge Failed
Sep 16 23:59:27 10.47.0.22 stm[1806]: <501106> <3789> <NOTI> < 10.47.0.22>  Deauth to sta: 90:cd:b6:13:87:89: Ageout AP 10.44.134.236-40:e3:d6:51:c0:c2-Colv2102-AP325-1 wifi_deauth_sta
Sep 16 23:59:27 RUP2103-2-A7280-1 stm[2144]: <501100> <2144> <NOTI> <RUP2103-2-A7280-1 10.47.0.32>  Assoc success @ 23:59:27.184432: 40:83:de:a5:cb:ad: AP 10.44.192.120-38:17:c3:82:de:70-Pros114-AP345-1
Sep 16 23:59:27 RUP2103-2-A7280-2 stm[7160]: <501100> <7160> <NOTI> <RUP2103-2-A7280-2 10.47.0.33>  Assoc success @ 23:59:27.167693: 84:41:67:b7:8f:62: AP 10.44.134.245-40:e3:d6:54:eb:90-Colv1021-AP325-1
Sep 16 23:59:27 RUP2103-2-A7280-2 stm[7160]: <501080> <7160> <NOTI> <RUP2103-2-A7280-2 10.47.0.33>  Deauth to sta: 84:41:67:b7:8f:62: Ageout AP 10.44.134.226-40:e3:d6:51:ec:b0-Colv1044A-AP325-1 STA has roamed to another AP
Sep 16 23:59:26 10.45.64.187 stm[1692]:  <501105> <NOTI> |AP Atki236-AP345-1@10.45.64.187 stm|  Deauth from sta: 64:70:33:3d:cb:9b: AP 10.45.64.187-38:17:c3:82:90:30-Atki236-AP345-1 Reason STA has roamed to another AP
Sep 16 23:59:26 10.47.0.22 stm[1806]: <501100> <1806> <NOTI> < 10.47.0.22>  Assoc success @ 23:59:26.479697: 64:70:33:3d:cb:9b: AP 10.45.65.31-38:17:c3:82:98:70-Atki2COR1-AP345-1
Sep 16 23:59:26 10.45.65.31 stm[1695]:  <501100> <NOTI> |AP Atki2COR1-AP345-1@10.45.65.31 stm|  Assoc success @ 23:59:26.478610: 64:70:33:3d:cb:9b: AP 10.45.65.31-38:17:c3:82:98:70-Atki2COR1-AP345-1
Sep 16 23:59:26 10.47.0.22 stm[1806]: <501080> <1806> <NOTI> < 10.47.0.22>  Deauth to sta: 64:70:33:3d:cb:9b: Ageout AP 10.45.64.187-38:17:c3:82:90:30-Atki236-AP345-1 STA has roamed to another AP
Sep 16 23:59:26 10.45.65.31 stm[1695]:  <501095> <NOTI> |AP Atki2COR1-AP345-1@10.45.65.31 stm|  Assoc request @ 23:59:26.476564: 64:70:33:3d:cb:9b (SN 3449): AP 10.45.65.31-38:17:c3:82:98:70-Atki2COR1-AP345-1
Sep 16 23:59:26 10.45.65.31 stm[1695]:  <501093> <NOTI> |AP Atki2COR1-AP345-1@10.45.65.31 stm|  Auth success: 64:70:33:3d:cb:9b: AP 10.45.65.31-38:17:c3:82:98:70-Atki2COR1-AP345-1
Sep 16 23:59:26 10.44.72.216 stm[2756]:  <501105> <NOTI> |AP EXT-Cone268C-AP277-1@10.44.72.216 stm|  Deauth from sta: f0:18:98:0f:01:00: AP 10.44.72.216-40:e3:d6:1d:2d:e1-EXT-Cone268C-AP277-1 Reason STA has roamed to another AP
Sep 16 23:59:26 AtkiG20-C5-A7280-2 stm[2085]: <501100> <2085> <NOTI> <AtkiG20-C5-A7280-2 10.47.0.23>  Assoc success @ 23:59:26.082723: f0:8a:76:7b:f0:6a: AP 10.45.81.48-38:17:c3:84:87:01-StuU231-AP345-1
Sep 16 23:59:26 AtkiG20-C5-A7280-2 stm[2085]: <501080> <2085> <NOTI> <AtkiG20-C5-A7280-2 10.47.0.23>  Deauth to sta: f0:8a:76:7b:f0:6a: Ageout AP 10.45.81.68-38:17:c3:84:89:21-StuU241-AP345-1 STA has roamed to another AP
Sep 16 23:59:26 10.45.68.52 stm[2107]:  <501100> <NOTI> |AP EXT-RUP1201-AP275-1@10.45.68.52 stm|  Assoc success @ 23:59:26.071655: f0:18:98:0f:01:00: AP 10.45.68.52-b4:5d:50:13:4a:31-EXT-RUP1201-AP275-1
Sep 16 23:59:26 10.47.0.22 stm[1806]: <501100> <1806> <NOTI> < 10.47.0.22>  Assoc success @ 23:59:26.078995: f0:18:98:0f:01:00: AP 10.45.68.52-b4:5d:50:13:4a:31-EXT-RUP1201-AP275-1
Sep 16 23:59:26 10.47.0.22 stm[1806]: <501080> <1806> <NOTI> < 10.47.0.22>  Deauth to sta: f0:18:98:0f:01:00: Ageout AP 10.44.72.216-40:e3:d6:1d:2d:e1-EXT-Cone268C-AP277-1 STA has roamed to another AP
Sep 16 23:59:26 10.45.68.52 stm[2107]:  <501095> <NOTI> |AP EXT-RUP1201-AP275-1@10.45.68.52 stm|  Assoc request @ 23:59:26.064817: f0:18:98:0f:01:00 (SN 2346): AP 10.45.68.52-b4:5d:50:13:4a:31-EXT-RUP1201-AP275-1
Sep 16 23:59:26 10.45.68.52 stm[2107]:  <501093> <NOTI> |AP EXT-RUP1201-AP275-1@10.45.68.52 stm|  Auth success: f0:18:98:0f:01:00: AP 10.45.68.52-b4:5d:50:13:4a:31-EXT-RUP1201-AP275-1
Sep 16 23:59:26 10.44.64.112 stm[2107]:  <501080> <NOTI> |AP EXT-King140-AP275-1@10.44.64.112 stm|  Deauth to sta: 88:19:08:c3:a9:28: Ageout AP 10.44.64.112-f0:5c:19:b8:45:91-EXT-King140-AP275-1 Sapcp Ageout (internal ageout) 
Sep 16 23:59:26 10.44.64.112 stm[2107]:  <501106> <NOTI> |AP EXT-King140-AP275-1@10.44.64.112 stm|  Deauth to sta: 88:19:08:c3:a9:28: Ageout AP 10.44.64.112-f0:5c:19:b8:45:91-EXT-King140-AP275-1 handle_sapcp
Sep 16 23:59:26 AtkiG20-C5-A7280-2 stm[2085]: <501100> <2085> <NOTI> <AtkiG20-C5-A7280-2 10.47.0.23>  Assoc success @ 23:59:26.005158: 00:17:23:e2:08:52: AP 10.44.26.82-f0:5c:19:b9:0d:20-EXT-McCoC126-AP277-1
Sep 16 23:59:25 10.44.64.109 stm[2107]:  <501100> <NOTI> |AP EXT-King104-AP275-1@10.44.64.109 stm|  Assoc success @ 23:59:25.061221: 90:cd:b6:2b:6e:48: AP 10.44.64.109-b4:5d:50:13:2b:a3-EXT-King104-AP275-1
Sep 16 23:59:25 10.47.0.22 stm[1806]: <501100> <1806> <NOTI> < 10.47.0.22>  Assoc success @ 23:59:25.061459: 90:cd:b6:2b:6e:48: AP 10.44.64.109-b4:5d:50:13:2b:a3-EXT-King104-AP275-1
Sep 16 23:59:25 10.44.64.109 stm[2107]:  <501095> <NOTI> |AP EXT-King104-AP275-1@10.44.64.109 stm|  Assoc request @ 23:59:25.054016: 90:cd:b6:2b:6e:48 (SN 466): AP 10.44.64.109-b4:5d:50:13:2b:a3-EXT-King104-AP275-1
Sep 16 23:59:25 10.44.64.109 stm[2107]:  <501093> <NOTI> |AP EXT-King104-AP275-1@10.44.64.109 stm|  Auth success: 90:cd:b6:2b:6e:48: AP 10.44.64.109-b4:5d:50:13:2b:a3-EXT-King104-AP275-1
Sep 16 23:59:24 RUP2103-2-A7280-2 stm[7160]: <501100> <7160> <NOTI> <RUP2103-2-A7280-2 10.47.0.33>  Assoc success @ 23:59:24.980346: f4:af:e7:6a:91:e7: AP 10.45.86.152-40:e3:d6:54:d9:f1-CoEd039-AP325-1
Sep 16 23:59:24 RUP2103-2-A7280-2 stm[7160]: <501080> <7160> <NOTI> <RUP2103-2-A7280-2 10.47.0.33>  Deauth to sta: f4:af:e7:6a:91:e7: Ageout AP 10.45.86.135-40:e3:d6:54:df:31-CoEd060-AP325-1 STA has roamed to another AP
Sep 16 23:59:24 RUP2103-2-A7280-2 stm[7160]: <501100> <7160> <NOTI> <RUP2103-2-A7280-2 10.47.0.33>  Assoc success @ 23:59:24.894281: 48:e9:f1:23:54:5c: AP 10.44.136.220-90:4c:81:8c:2e:b2-Gage114-AP345-1
Sep 16 23:59:24 10.44.64.109 stm[2107]:  <501105> <NOTI> |AP EXT-King104-AP275-1@10.44.64.109 stm|  Deauth from sta: 90:cd:b6:2b:6e:48: AP 10.44.64.109-b4:5d:50:13:2b:a3-EXT-King104-AP275-1 Reason Ptk Challenge Failed
Sep 16 23:59:24 10.47.0.22 stm[1806]: <501080> <3789> <NOTI> < 10.47.0.22>  Deauth to sta: 90:cd:b6:2b:6e:48: Ageout AP 10.44.64.109-b4:5d:50:13:2b:a3-EXT-King104-AP275-1 Ptk Challenge Failed
Sep 16 23:59:24 10.47.0.22 stm[1806]: <501106> <3789> <NOTI> < 10.47.0.22>  Deauth to sta: 90:cd:b6:2b:6e:48: Ageout AP 10.44.64.109-b4:5d:50:13:2b:a3-EXT-King104-AP275-1 wifi_deauth_sta
Sep 16 23:59:24 10.44.130.213 stm[3925]:  <501080> <NOTI> |AP EXT-Stor101G-AP275-1@10.44.130.213 stm|  Deauth to sta: cc:c0:79:f2:d0:59: Ageout AP 10.44.130.213-b4:5d:50:13:72:90-EXT-Stor101G-AP275-1 Sapcp Ageout (internal ageout) 
Sep 16 23:59:24 10.44.130.213 stm[3925]:  <501106> <NOTI> |AP EXT-Stor101G-AP275-1@10.44.130.213 stm|  Deauth to sta: cc:c0:79:f2:d0:59: Ageout AP 10.44.130.213-b4:5d:50:13:72:90-EXT-Stor101G-AP275-1 handle_sapcp
Sep 16 23:59:24 RUP2103-2-A7280-2 stm[7160]: <501100> <7160> <NOTI> <RUP2103-2-A7280-2 10.47.0.33>  Assoc success @ 23:59:24.214302: 38:f9:d3:66:de:c6: AP 10.44.70.60-b4:5d:50:13:2a:a1-EXT-Memo110-AP275-1
Sep 16 23:59:24 RUP2103-2-A7280-2 stm[7160]: <501080> <7160> <NOTI> <RUP2103-2-A7280-2 10.47.0.33>  Deauth to sta: 38:f9:d3:66:de:c6: Ageout AP 10.44.78.174-94:b4:0f:2f:c8:21-EXT-SVDH222-AP275-1 STA has roamed to another AP
Sep 16 23:59:24 AtkiG20-C5-A7280-2 stm[2085]: <501100> <2085> <NOTI> <AtkiG20-C5-A7280-2 10.47.0.23>  Assoc success @ 23:59:24.171126: 00:17:23:e2:08:52: AP 10.44.26.82-f0:5c:19:b9:0d:20-EXT-McCoC126-AP277-1
Sep 16 23:59:24 AtkiG20-C5-A7280-2 stm[2085]: <501100> <2085> <NOTI> <AtkiG20-C5-A7280-2 10.47.0.23>  Assoc success @ 23:59:24.082298: cc:2d:b7:c9:a6:53: AP 10.44.18.173-a8:bd:27:e3:c2:d1-Duke244-AP335-1
Sep 16 23:59:24 AtkiG20-C5-A7280-2 stm[2085]: <501100> <2085> <NOTI> <AtkiG20-C5-A7280-2 10.47.0.23>  Assoc success @ 23:59:24.077792: 1c:36:bb:2e:9f:d4: AP 10.44.251.16-b4:5d:50:13:72:d1-EXT-Mart283-AP275-1
Sep 16 23:59:23 RUP2103-2-A7280-2 stm[7160]: <501100> <7160> <NOTI> <RUP2103-2-A7280-2 10.47.0.33>  Assoc success @ 23:59:23.853272: d0:7f:a0:05:2e:47: AP 10.44.0.35-ac:a3:1e:58:4c:91-RUP2103-AP325-1
Sep 16 23:59:23 RUP2103-2-A7280-2 stm[7160]: <501080> <7160> <NOTI> <RUP2103-2-A7280-2 10.47.0.33>  Deauth to sta: d0:7f:a0:05:2e:47: Ageout AP 10.44.0.44-40:e3:d6:52:47:91-RUP2120-AP325-1 STA has roamed to another AP
Sep 16 23:59:23 AtkiG20-C5-A7280-2 stm[2085]: <501100> <2085> <NOTI> <AtkiG20-C5-A7280-2 10.47.0.23>  Assoc success @ 23:59:23.713857: f0:8a:76:7b:f0:6a: AP 10.45.81.68-38:17:c3:84:89:21-StuU241-AP345-1
Sep 16 23:59:23 AtkiG20-C5-A7280-2 stm[2085]: <501080> <2085> <NOTI> <AtkiG20-C5-A7280-2 10.47.0.23>  Deauth to sta: f0:8a:76:7b:f0:6a: Ageout AP 10.45.81.13-38:17:c3:82:97:e1-StuU240-AP345-1 STA has roamed to another AP
Sep 16 23:59:23 10.45.68.52 stm[2107]:  <501100> <NOTI> |AP EXT-RUP1201-AP275-1@10.45.68.52 stm|  Assoc success @ 23:59:23.580025: 74:1b:b2:4e:7d:c2: AP 10.45.68.52-b4:5d:50:13:4a:31-EXT-RUP1201-AP275-1
Sep 16 23:59:23 10.44.72.210 stm[2409]:  <501105> <NOTI> |AP EXT-Cone175D-AP375-1@10.44.72.210 stm|  Deauth from sta: 74:1b:b2:4e:7d:c2: AP 10.44.72.210-48:4a:e9:d5:40:61-EXT-Cone175D-AP375-1 Reason STA has roamed to another AP
Sep 16 23:59:23 10.47.0.22 stm[1806]: <501100> <1806> <NOTI> < 10.47.0.22>  Assoc success @ 23:59:23.587755: 74:1b:b2:4e:7d:c2: AP 10.45.68.52-b4:5d:50:13:4a:31-EXT-RUP1201-AP275-1
Sep 16 23:59:23 10.47.0.22 stm[1806]: <501080> <1806> <NOTI> < 10.47.0.22>  Deauth to sta: 74:1b:b2:4e:7d:c2: Ageout AP 10.44.72.210-48:4a:e9:d5:40:61-EXT-Cone175D-AP375-1 STA has roamed to another AP
Sep 16 23:59:23 10.45.68.52 stm[2107]:  <501095> <NOTI> |AP EXT-RUP1201-AP275-1@10.45.68.52 stm|  Assoc request @ 23:59:23.573098: 74:1b:b2:4e:7d:c2 (SN 1301): AP 10.45.68.52-b4:5d:50:13:4a:31-EXT-RUP1201-AP275-1
Sep 16 23:59:23 10.45.68.52 stm[2107]:  <501093> <NOTI> |AP EXT-RUP1201-AP275-1@10.45.68.52 stm|  Auth success: 74:1b:b2:4e:7d:c2: AP 10.45.68.52-b4:5d:50:13:4a:31-EXT-RUP1201-AP275-1
Sep 16 23:59:23 10.44.192.120 stm[1695]:  <501100> <NOTI> |AP Pros114-AP345-1@10.44.192.120 stm|  Assoc success @ 23:59:23.256313: 40:83:de:f6:d9:f9: AP 10.44.192.120-38:17:c3:82:de:70-Pros114-AP345-1
Sep 16 23:59:23 10.47.0.22 stm[1806]: <501100> <1806> <NOTI> < 10.47.0.22>  Assoc success @ 23:59:23.256935: 40:83:de:f6:d9:f9: AP 10.44.192.120-38:17:c3:82:de:70-Pros114-AP345-1
Sep 16 23:59:23 10.44.192.120 stm[1695]:  <501095> <NOTI> |AP Pros114-AP345-1@10.44.192.120 stm|  Assoc request @ 23:59:23.253172: 40:83:de:f6:d9:f9 (SN 2517): AP 10.44.192.120-38:17:c3:82:de:70-Pros114-AP345-1
Sep 16 23:59:23 10.44.192.120 stm[1695]:  <501093> <NOTI> |AP Pros114-AP345-1@10.44.192.120 stm|  Auth success: 40:83:de:f6:d9:f9: AP 10.44.192.120-38:17:c3:82:de:70-Pros114-AP345-1
Sep 16 23:59:23 10.45.64.209 stm[1690]:  <501105> <NOTI> |AP AtkiG37B-AP345-1@10.45.64.209 stm|  Deauth from sta: 64:c7:53:6a:11:be: AP 10.45.64.209-90:4c:81:8b:ae:71-AtkiG37B-AP345-1 Reason STA has roamed to another AP
Sep 16 23:59:23 10.45.65.39 stm[1690]:  <501100> <NOTI> |AP AtkiG37A-AP345-1@10.45.65.39 stm|  Assoc success @ 23:59:23.215296: 64:c7:53:6a:11:be: AP 10.45.65.39-38:17:c3:82:dd:21-AtkiG37A-AP345-1
Sep 16 23:59:23 10.47.0.22 stm[1806]: <501100> <1806> <NOTI> < 10.47.0.22>  Assoc success @ 23:59:23.215014: 64:c7:53:6a:11:be: AP 10.45.65.39-38:17:c3:82:dd:21-AtkiG37A-AP345-1
Sep 16 23:59:23 10.47.0.22 stm[1806]: <501080> <1806> <NOTI> < 10.47.0.22>  Deauth to sta: 64:c7:53:6a:11:be: Ageout AP 10.45.64.209-90:4c:81:8b:ae:71-AtkiG37B-AP345-1 STA has roamed to another AP
Sep 16 23:59:23 10.45.65.39 stm[1690]:  <501095> <NOTI> |AP AtkiG37A-AP345-1@10.45.65.39 stm|  Assoc request @ 23:59:23.211953: 64:c7:53:6a:11:be (SN 3806): AP 10.45.65.39-38:17:c3:82:dd:21-AtkiG37A-AP345-1
Sep 16 23:59:23 10.45.0.211 stm[1694]:  <501105> <NOTI> |AP Kenn101-AP345-2@10.45.0.211 stm|  Deauth from sta: 40:ed:98:5f:d5:bc: AP 10.45.0.211-38:17:c3:89:f8:71-Kenn101-AP345-2 Reason STA has left and is deauthenticated
Sep 16 23:59:23 10.45.65.39 stm[1690]:  <501093> <NOTI> |AP AtkiG37A-AP345-1@10.45.65.39 stm|  Auth success: 64:c7:53:6a:11:be: AP 10.45.65.39-38:17:c3:82:dd:21-AtkiG37A-AP345-1
Sep 16 23:59:23 AtkiG20-C5-A7280-2 stm[2085]: <501100> <2085> <NOTI> <AtkiG20-C5-A7280-2 10.47.0.23>  Assoc success @ 23:59:23.156362: 6c:e8:5c:60:82:87: AP 10.44.194.104-ac:a3:1e:54:19:e1-Came214-AP325-1
Sep 16 23:59:22 10.44.134.236 stm[4650]:  <501100> <NOTI> |AP Colv2102-AP325-1@10.44.134.236 stm|  Assoc success @ 23:59:22.947155: 90:cd:b6:13:87:89: AP 10.44.134.236-40:e3:d6:51:c0:c2-Colv2102-AP325-1
Sep 16 23:59:22 10.47.0.22 stm[1806]: <501100> <1806> <NOTI> < 10.47.0.22>  Assoc success @ 23:59:22.949916: 90:cd:b6:13:87:89: AP 10.44.134.236-40:e3:d6:51:c0:c2-Colv2102-AP325-1
Sep 16 23:59:22 10.44.134.236 stm[4650]:  <501095> <NOTI> |AP Colv2102-AP325-1@10.44.134.236 stm|  Assoc request @ 23:59:22.942969: 90:cd:b6:13:87:89 (SN 0): AP 10.44.134.236-40:e3:d6:51:c0:c2-Colv2102-AP325-1
Sep 16 23:59:22 10.44.134.236 stm[4650]:  <501093> <NOTI> |AP Colv2102-AP325-1@10.44.134.236 stm|  Auth success: 90:cd:b6:13:87:89: AP 10.44.134.236-40:e3:d6:51:c0:c2-Colv2102-AP325-1
Sep 16 23:59:22 AtkiG20-C5-A7280-2 stm[2085]: <501100> <2085> <NOTI> <AtkiG20-C5-A7280-2 10.47.0.23>  Assoc success @ 23:59:22.860672: 9c:e3:3f:c9:2f:30: AP 10.44.20.57-b4:5d:50:13:74:71-EXT-MSII102-AP275-1
Sep 16 23:59:22 AtkiG20-C5-A7280-2 stm[2085]: <501080> <2085> <NOTI> <AtkiG20-C5-A7280-2 10.47.0.23>  Deauth to sta: 9c:e3:3f:c9:2f:30: Ageout AP 10.44.26.101-b4:5d:50:13:37:91-EXT-McCoC150C-AP275-2 STA has roamed to another AP
Sep 16 23:59:22 AtkiG20-C5-A7280-2 stm[2085]: <501100> <2085> <NOTI> <AtkiG20-C5-A7280-2 10.47.0.23>  Assoc success @ 23:59:22.841842: 00:17:23:e2:08:52: AP 10.44.26.82-f0:5c:19:b9:0d:20-EXT-McCoC126-AP277-1
Sep 16 23:59:22 10.44.78.181 stm[2102]:  <501100> <NOTI> |AP EXT-SVDH201-AP277-1@10.44.78.181 stm|  Assoc success @ 23:59:22.813623: bc:ec:5d:f1:5e:21: AP 10.44.78.181-40:e3:d6:1d:33:01-EXT-SVDH201-AP277-1
Sep 16 23:59:22 10.47.0.22 stm[1806]: <501100> <1806> <NOTI> < 10.47.0.22>  Assoc success @ 23:59:22.817153: bc:ec:5d:f1:5e:21: AP 10.44.78.181-40:e3:d6:1d:33:01-EXT-SVDH201-AP277-1
Sep 16 23:59:22 10.44.78.181 stm[2102]:  <501080> <NOTI> |AP EXT-SVDH201-AP277-1@10.44.78.181 stm|  Deauth to sta: bc:ec:5d:f1:5e:21: Ageout AP 10.44.78.181-40:e3:d6:1d:33:11-EXT-SVDH201-AP277-1 STA has roamed to another AP
Sep 16 23:59:22 10.44.78.181 stm[2102]:  <501095> <NOTI> |AP EXT-SVDH201-AP277-1@10.44.78.181 stm|  Assoc request @ 23:59:22.800048: bc:ec:5d:f1:5e:21 (SN 1068): AP 10.44.78.181-40:e3:d6:1d:33:01-EXT-SVDH201-AP277-1
Sep 16 23:59:22 10.44.78.181 stm[2102]:  <501093> <NOTI> |AP EXT-SVDH201-AP277-1@10.44.78.181 stm|  Auth success: bc:ec:5d:f1:5e:21: AP 10.44.78.181-40:e3:d6:1d:33:01-EXT-SVDH201-AP277-1
Sep 16 23:59:22 AtkiG20-C5-A7280-2 stm[2085]: <501100> <2085> <NOTI> <AtkiG20-C5-A7280-2 10.47.0.23>  Assoc success @ 23:59:22.665560: b4:c4:fc:af:5c:be: AP 10.44.206.205-b4:5d:50:13:7e:a1-EXT-BursBOIL-AP275-1
Sep 16 23:59:22 10.44.134.236 stm[4650]:  <501105> <NOTI> |AP Colv2102-AP325-1@10.44.134.236 stm|  Deauth from sta: 90:cd:b6:13:87:89: AP 10.44.134.236-40:e3:d6:51:c0:c2-Colv2102-AP325-1 Reason Ptk Challenge Failed
Sep 16 23:59:22 10.47.0.22 stm[1806]: <501080> <3789> <NOTI> < 10.47.0.22>  Deauth to sta: 90:cd:b6:13:87:89: Ageout AP 10.44.134.236-40:e3:d6:51:c0:c2-Colv2102-AP325-1 Ptk Challenge Failed
Sep 16 23:59:22 10.47.0.22 stm[1806]: <501106> <3789> <NOTI> < 10.47.0.22>  Deauth to sta: 90:cd:b6:13:87:89: Ageout AP 10.44.134.236-40:e3:d6:51:c0:c2-Colv2102-AP325-1 wifi_deauth_sta
Sep 16 23:59:22 AtkiG20-C5-A7280-2 stm[2085]: <501100> <2085> <NOTI> <AtkiG20-C5-A7280-2 10.47.0.23>  Assoc success @ 23:59:22.319243: b8:63:4d:45:b9:80: AP 10.44.125.26-b4:5d:50:13:4a:f0-EXT-HunH215A-AP275-1
Sep 16 23:59:22 AtkiG20-C5-A7280-2 stm[2085]: <501080> <2085> <NOTI> <AtkiG20-C5-A7280-2 10.47.0.23>  Deauth to sta: b8:63:4d:45:b9:80: Ageout AP 10.44.136.226-80:8d:b7:7d:59:60-EXT-Gage105-AP375-1 STA has roamed to another AP
Sep 16 23:59:22 RUP2103-2-A7280-2 stm[7160]: <501100> <7160> <NOTI> <RUP2103-2-A7280-2 10.47.0.33>  Assoc success @ 23:59:22.154239: 84:41:67:b7:8f:62: AP 10.44.134.226-40:e3:d6:51:ec:b0-Colv1044A-AP325-1
Sep 16 23:59:22 RUP2103-2-A7280-2 stm[7160]: <501080> <7160> <NOTI> <RUP2103-2-A7280-2 10.47.0.33>  Deauth to sta: 84:41:67:b7:8f:62: Ageout AP 10.44.134.228-40:e3:d6:54:e1:10-Colv1029F-AP325-1 STA has roamed to another AP
Sep 16 23:59:22 RUP2103-2-A7280-1 stm[2144]: <501100> <2144> <NOTI> <RUP2103-2-A7280-1 10.47.0.32>  Assoc success @ 23:59:22.037479: 40:83:de:a5:cb:ad: AP 10.44.192.120-38:17:c3:82:de:70-Pros114-AP345-1
Sep 16 23:59:21 AtkiG20-C5-A7280-2 stm[2085]: <501100> <2085> <NOTI> <AtkiG20-C5-A7280-2 10.47.0.23>  Assoc success @ 23:59:21.708573: 00:17:23:e2:08:52: AP 10.44.26.82-f0:5c:19:b9:0d:20-EXT-McCoC126-AP277-1
Sep 16 23:59:21 AtkiG20-C5-A7280-2 stm[2085]: <501100> <2085> <NOTI> <AtkiG20-C5-A7280-2 10.47.0.23>  Assoc success @ 23:59:21.429136: f0:8a:76:7b:f0:6a: AP 10.45.81.13-38:17:c3:82:97:e1-StuU240-AP345-1
Sep 16 23:59:21 AtkiG20-C5-A7280-2 stm[2085]: <501080> <2085> <NOTI> <AtkiG20-C5-A7280-2 10.47.0.23>  Deauth to sta: f0:8a:76:7b:f0:6a: Ageout AP 10.45.81.68-38:17:c3:84:89:31-StuU241-AP345-1 STA has roamed to another AP
Sep 16 23:59:20 10.44.64.109 stm[2107]:  <501100> <NOTI> |AP EXT-King104-AP275-1@10.44.64.109 stm|  Assoc success @ 23:59:20.747732: 90:cd:b6:2b:6e:48: AP 10.44.64.109-b4:5d:50:13:2b:a3-EXT-King104-AP275-1
Sep 16 23:59:20 10.47.0.22 stm[1806]: <501100> <1806> <NOTI> < 10.47.0.22>  Assoc success @ 23:59:20.748158: 90:cd:b6:2b:6e:48: AP 10.44.64.109-b4:5d:50:13:2b:a3-EXT-King104-AP275-1
Sep 16 23:59:20 10.44.64.109 stm[2107]:  <501095> <NOTI> |AP EXT-King104-AP275-1@10.44.64.109 stm|  Assoc request @ 23:59:20.740924: 90:cd:b6:2b:6e:48 (SN 399): AP 10.44.64.109-b4:5d:50:13:2b:a3-EXT-King104-AP275-1
Sep 16 23:59:20 10.44.64.109 stm[2107]:  <501093> <NOTI> |AP EXT-King104-AP275-1@10.44.64.109 stm|  Auth success: 90:cd:b6:2b:6e:48: AP 10.44.64.109-b4:5d:50:13:2b:a3-EXT-King104-AP275-1
Sep 16 23:59:20 10.45.64.138 stm[1690]:  <501105> <NOTI> |AP Atki312A-AP345-1@10.45.64.138 stm|  Deauth from sta: e4:b2:fb:7c:87:02: AP 10.45.64.138-38:17:c3:8a:09:70-Atki312A-AP345-1 Reason STA has roamed to another AP
Sep 16 23:59:20 10.47.0.22 stm[1806]: <501100> <1806> <NOTI> < 10.47.0.22>  Assoc success @ 23:59:20.662005: e4:b2:fb:7c:87:02: AP 10.45.65.49-38:17:c3:82:ad:a0-Atki2COR1-AP345-2
Sep 16 23:59:20 10.45.65.49 stm[1690]:  <501100> <NOTI> |AP Atki2COR1-AP345-2@10.45.65.49 stm|  Assoc success @ 23:59:20.658171: e4:b2:fb:7c:87:02: AP 10.45.65.49-38:17:c3:82:ad:a0-Atki2COR1-AP345-2
Sep 16 23:59:20 10.47.0.22 stm[1806]: <501080> <1806> <NOTI> < 10.47.0.22>  Deauth to sta: e4:b2:fb:7c:87:02: Ageout AP 10.45.64.138-38:17:c3:8a:09:70-Atki312A-AP345-1 STA has roamed to another AP
Sep 16 23:59:20 10.45.65.49 stm[1690]:  <501095> <NOTI> |AP Atki2COR1-AP345-2@10.45.65.49 stm|  Assoc request @ 23:59:20.654711: e4:b2:fb:7c:87:02 (SN 430): AP 10.45.65.49-38:17:c3:82:ad:a0-Atki2COR1-AP345-2
Sep 16 23:59:20 10.45.65.49 stm[1690]:  <501093> <NOTI> |AP Atki2COR1-AP345-2@10.45.65.49 stm|  Auth success: e4:b2:fb:7c:87:02: AP 10.45.65.49-38:17:c3:82:ad:a0-Atki2COR1-AP345-2
Sep 16 23:59:20 RUP2103-2-A7280-2 stm[7160]: <501100> <7160> <NOTI> <RUP2103-2-A7280-2 10.47.0.33>  Assoc success @ 23:59:20.504169: 40:cb:c0:74:5c:1c: AP 10.45.81.64-38:17:c3:82:db:61-StuU140-AP345-4
Sep 16 23:59:20 RUP2103-2-A7280-2 stm[7160]: <501080> <7160> <NOTI> <RUP2103-2-A7280-2 10.47.0.33>  Deauth to sta: 40:cb:c0:74:5c:1c: Ageout AP 10.45.81.10-38:17:c3:82:d4:61-StuU140-AP345-2 STA has roamed to another AP
Sep 16 23:59:20 10.44.64.109 stm[2107]:  <501105> <NOTI> |AP EXT-King104-AP275-1@10.44.64.109 stm|  Deauth from sta: 90:cd:b6:2b:6e:48: AP 10.44.64.109-b4:5d:50:13:2b:a3-EXT-King104-AP275-1 Reason Ptk Challenge Failed
Sep 16 23:59:20 10.47.0.22 stm[1806]: <501080> <3789> <NOTI> < 10.47.0.22>  Deauth to sta: 90:cd:b6:2b:6e:48: Ageout AP 10.44.64.109-b4:5d:50:13:2b:a3-EXT-King104-AP275-1 Ptk Challenge Failed
Sep 16 23:59:20 10.47.0.22 stm[1806]: <501106> <3789> <NOTI> < 10.47.0.22>  Deauth to sta: 90:cd:b6:2b:6e:48: Ageout AP 10.44.64.109-b4:5d:50:13:2b:a3-EXT-King104-AP275-1 wifi_deauth_sta
Sep 16 23:59:20 RUP2103-2-A7280-1 stm[2144]: <501100> <2144> <NOTI> <RUP2103-2-A7280-1 10.47.0.32>  Assoc success @ 23:59:20.403327: c4:61:8b:b8:f7:9e: AP 10.45.81.49-38:17:c3:84:5b:c0-StuU100-AP345-1
Sep 16 23:59:20 RUP2103-2-A7280-1 stm[2144]: <501080> <2144> <NOTI> <RUP2103-2-A7280-1 10.47.0.32>  Deauth to sta: c4:61:8b:b8:f7:9e: Ageout AP 10.45.81.23-90:4c:81:8e:cd:70-StuU101-AP345-2 STA has roamed to another AP
Sep 16 23:59:20 10.44.74.26 stm[2107]:  <501080> <NOTI> |AP EXT-Hous107-AP277-1@10.44.74.26 stm|  Deauth to sta: 70:3c:69:8e:af:c3: Ageout AP 10.44.74.26-b4:5d:50:17:fc:b1-EXT-Hous107-AP277-1 Sapcp Ageout (internal ageout) 
Sep 16 23:59:20 10.44.74.26 stm[2107]:  <501106> <NOTI> |AP EXT-Hous107-AP277-1@10.44.74.26 stm|  Deauth to sta: 70:3c:69:8e:af:c3: Ageout AP 10.44.74.26-b4:5d:50:17:fc:b1-EXT-Hous107-AP277-1 handle_sapcp
Sep 16 23:59:19 10.45.65.38 stm[1697]:  <501105> <NOTI> |AP AtkiG46-AP345-1@10.45.65.38 stm|  Deauth from sta: 64:c7:53:6a:11:be: AP 10.45.65.38-38:17:c3:83:6b:b1-AtkiG46-AP345-1 Reason STA has roamed to another AP
Sep 16 23:59:19 10.45.64.209 stm[1690]:  <501100> <NOTI> |AP AtkiG37B-AP345-1@10.45.64.209 stm|  Assoc success @ 23:59:19.849640: 64:c7:53:6a:11:be: AP 10.45.64.209-90:4c:81:8b:ae:71-AtkiG37B-AP345-1
Sep 16 23:59:19 10.45.64.209 stm[1690]:  <501095> <NOTI> |AP AtkiG37B-AP345-1@10.45.64.209 stm|  Assoc request @ 23:59:19.847801: 64:c7:53:6a:11:be (SN 3772): AP 10.45.64.209-90:4c:81:8b:ae:71-AtkiG37B-AP345-1
Sep 16 23:59:19 10.47.0.22 stm[1806]: <501100> <1806> <NOTI> < 10.47.0.22>  Assoc success @ 23:59:19.849623: 64:c7:53:6a:11:be: AP 10.45.64.209-90:4c:81:8b:ae:71-AtkiG37B-AP345-1
Sep 16 23:59:19 10.47.0.22 stm[1806]: <501080> <1806> <NOTI> < 10.47.0.22>  Deauth to sta: 64:c7:53:6a:11:be: Ageout AP 10.45.65.38-38:17:c3:83:6b:b1-AtkiG46-AP345-1 STA has roamed to another AP
Sep 16 23:59:19 10.45.64.209 stm[1690]:  <501093> <NOTI> |AP AtkiG37B-AP345-1@10.45.64.209 stm|  Auth success: 64:c7:53:6a:11:be: AP 10.45.64.209-90:4c:81:8b:ae:71-AtkiG37B-AP345-1
Sep 16 23:59:19 AtkiG20-C5-A7280-2 stm[2085]: <501100> <2085> <NOTI> <AtkiG20-C5-A7280-2 10.47.0.23>  Assoc success @ 23:59:19.759350: 00:17:23:e2:08:52: AP 10.44.26.82-f0:5c:19:b9:0d:20-EXT-McCoC126-AP277-1
Sep 16 23:59:19 AtkiG20-C5-A7280-2 stm[2085]: <501100> <2085> <NOTI> <AtkiG20-C5-A7280-2 10.47.0.23>  Assoc success @ 23:59:19.226756: f0:8a:76:7b:f0:6a: AP 10.45.81.68-38:17:c3:84:89:31-StuU241-AP345-1
Sep 16 23:59:18 RUP2103-2-A7280-2 stm[7160]: <501100> <7160> <NOTI> <RUP2103-2-A7280-2 10.47.0.33>  Assoc success @ 23:59:18.649391: e4:b2:fb:c4:f4:6d: AP 10.44.78.181-40:e3:d6:1d:33:01-EXT-SVDH201-AP277-1
Sep 16 23:59:18 RUP2103-2-A7280-2 stm[7160]: <501080> <7160> <NOTI> <RUP2103-2-A7280-2 10.47.0.33>  Deauth to sta: e4:b2:fb:c4:f4:6d: Ageout AP 10.44.78.174-94:b4:0f:2f:c8:31-EXT-SVDH222-AP275-1 STA has roamed to another AP
Sep 16 23:59:18 AtkiG20-C5-A7280-2 stm[2085]: <501100> <2085> <NOTI> <AtkiG20-C5-A7280-2 10.47.0.23>  Assoc success @ 23:59:18.449435: ec:2c:e2:02:09:fc: AP 10.45.72.79-40:e3:d6:1d:2d:40-EXT-BelG101-AP277-1
Sep 16 23:59:18 10.44.134.236 stm[4650]:  <501100> <NOTI> |AP Colv2102-AP325-1@10.44.134.236 stm|  Assoc success @ 23:59:18.335128: 90:cd:b6:13:87:89: AP 10.44.134.236-40:e3:d6:51:c0:c2-Colv2102-AP325-1
Sep 16 23:59:18 10.47.0.22 stm[1806]: <501100> <1806> <NOTI> < 10.47.0.22>  Assoc success @ 23:59:18.337013: 90:cd:b6:13:87:89: AP 10.44.134.236-40:e3:d6:51:c0:c2-Colv2102-AP325-1
Sep 16 23:59:18 10.44.134.236 stm[4650]:  <501095> <NOTI> |AP Colv2102-AP325-1@10.44.134.236 stm|  Assoc request @ 23:59:18.330504: 90:cd:b6:13:87:89 (SN 0): AP 10.44.134.236-40:e3:d6:51:c0:c2-Colv2102-AP325-1
Sep 16 23:59:18 10.44.134.236 stm[4650]:  <501093> <NOTI> |AP Colv2102-AP325-1@10.44.134.236 stm|  Auth success: 90:cd:b6:13:87:89: AP 10.44.134.236-40:e3:d6:51:c0:c2-Colv2102-AP325-1
Sep 16 23:59:18 RUP2103-2-A7280-2 stm[7160]: <501100> <7160> <NOTI> <RUP2103-2-A7280-2 10.47.0.33>  Assoc success @ 23:59:18.191256: 6c:19:c0:61:de:9a: AP 10.44.0.35-ac:a3:1e:58:4c:91-RUP2103-AP325-1
Sep 16 23:59:18 RUP2103-2-A7280-2 stm[7160]: <501080> <7160> <NOTI> <RUP2103-2-A7280-2 10.47.0.33>  Deauth to sta: 6c:19:c0:61:de:9a: Ageout AP 10.44.0.44-40:e3:d6:52:47:91-RUP2120-AP325-1 STA has roamed to another AP
Sep 16 23:59:18 10.44.134.236 stm[4650]:  <501105> <NOTI> |AP Colv2102-AP325-1@10.44.134.236 stm|  Deauth from sta: 90:cd:b6:13:87:89: AP 10.44.134.236-40:e3:d6:51:c0:c2-Colv2102-AP325-1 Reason Ptk Challenge Failed
Sep 16 23:59:18 10.47.0.22 stm[1806]: <501080> <3789> <NOTI> < 10.47.0.22>  Deauth to sta: 90:cd:b6:13:87:89: Ageout AP 10.44.134.236-40:e3:d6:51:c0:c2-Colv2102-AP325-1 Ptk Challenge Failed
Sep 16 23:59:18 10.47.0.22 stm[1806]: <501106> <3789> <NOTI> < 10.47.0.22>  Deauth to sta: 90:cd:b6:13:87:89: Ageout AP 10.44.134.236-40:e3:d6:51:c0:c2-Colv2102-AP325-1 wifi_deauth_sta
Sep 16 23:59:17 RUP2103-2-A7280-1 stm[2144]: <501100> <2144> <NOTI> <RUP2103-2-A7280-1 10.47.0.32>  Assoc success @ 23:59:17.982238: e4:e0:a6:84:1b:e7: AP 10.45.64.138-38:17:c3:8a:09:61-Atki312A-AP345-1
Sep 16 23:59:17 RUP2103-2-A7280-1 stm[2144]: <501080> <2144> <NOTI> <RUP2103-2-A7280-1 10.47.0.32>  Deauth to sta: e4:e0:a6:84:1b:e7: Ageout AP 10.45.65.8-38:17:c3:82:af:01-Atki2COR1-AP345-3 STA has roamed to another AP
Sep 16 23:59:17 AtkiG20-C5-A7280-2 stm[2085]: <501100> <2085> <NOTI> <AtkiG20-C5-A7280-2 10.47.0.23>  Assoc success @ 23:59:17.615543: 00:17:23:e2:08:52: AP 10.44.26.82-f0:5c:19:b9:0d:20-EXT-McCoC126-AP277-1
Sep 16 23:59:17 RUP2103-2-A7280-2 stm[7160]: <501100> <7160> <NOTI> <RUP2103-2-A7280-2 10.47.0.33>  Assoc success @ 23:59:17.345327: 34:08:bc:d6:1d:5c: AP 10.45.64.237-94:b4:0f:2f:c8:10-EXT-Atki151C-AP275-1
Sep 16 23:59:17 RUP2103-2-A7280-2 stm[7160]: <501080> <7160> <NOTI> <RUP2103-2-A7280-2 10.47.0.33>  Deauth to sta: 34:08:bc:d6:1d:5c: Ageout AP 10.45.0.210-b4:5d:50:13:76:10-EXT-Kenn236-AP275-1 STA has roamed to another AP
Sep 16 23:59:16 10.44.192.120 stm[1695]:  <501100> <NOTI> |AP Pros114-AP345-1@10.44.192.120 stm|  Assoc success @ 23:59:16.908373: 40:83:de:f6:d9:f9: AP 10.44.192.120-38:17:c3:82:de:70-Pros114-AP345-1
Sep 16 23:59:16 10.47.0.22 stm[1806]: <501100> <1806> <NOTI> < 10.47.0.22>  Assoc success @ 23:59:16.910371: 40:83:de:f6:d9:f9: AP 10.44.192.120-38:17:c3:82:de:70-Pros114-AP345-1
Sep 16 23:59:16 10.44.192.120 stm[1695]:  <501095> <NOTI> |AP Pros114-AP345-1@10.44.192.120 stm|  Assoc request @ 23:59:16.905007: 40:83:de:f6:d9:f9 (SN 2243): AP 10.44.192.120-38:17:c3:82:de:70-Pros114-AP345-1
Sep 16 23:59:16 10.44.192.120 stm[1695]:  <501093> <NOTI> |AP Pros114-AP345-1@10.44.192.120 stm|  Auth success: 40:83:de:f6:d9:f9: AP 10.44.192.120-38:17:c3:82:de:70-Pros114-AP345-1
Sep 16 23:59:16 AtkiG20-C5-A7280-2 stm[2085]: <501100> <2085> <NOTI> <AtkiG20-C5-A7280-2 10.47.0.23>  Assoc success @ 23:59:16.852867: f0:8a:76:7b:f0:6a: AP 10.45.81.68-38:17:c3:84:89:21-StuU241-AP345-1
Sep 16 23:59:16 AtkiG20-C5-A7280-2 stm[2085]: <501080> <2085> <NOTI> <AtkiG20-C5-A7280-2 10.47.0.23>  Deauth to sta: f0:8a:76:7b:f0:6a: Ageout AP 10.45.81.13-38:17:c3:82:97:e1-StuU240-AP345-1 STA has roamed to another AP
Sep 16 23:59:16 RUP2103-2-A7280-1 stm[2144]: <501100> <2144> <NOTI> <RUP2103-2-A7280-1 10.47.0.32>  Assoc success @ 23:59:16.714209: 78:4f:43:ca:5d:c7: AP 10.45.83.33-b4:5d:50:12:c4:90-EXT-Wood140-AP275-1
Sep 16 23:59:16 RUP2103-2-A7280-1 stm[2144]: <501080> <2144> <NOTI> <RUP2103-2-A7280-1 10.47.0.32>  Deauth to sta: 78:4f:43:ca:5d:c7: Ageout AP 10.45.83.95-b4:5d:50:12:c1:00-EXT-Wood161C-AP275-1 STA has roamed to another AP
Sep 16 23:59:16 AtkiG20-C5-A7280-2 stm[2085]: <501100> <2085> <NOTI> <AtkiG20-C5-A7280-2 10.47.0.23>  Assoc success @ 23:59:16.493015: 00:17:23:e2:08:52: AP 10.44.26.82-f0:5c:19:b9:0d:20-EXT-McCoC126-AP277-1
Sep 16 23:59:16 10.44.64.109 stm[2107]:  <501100> <NOTI> |AP EXT-King104-AP275-1@10.44.64.109 stm|  Assoc success @ 23:59:16.442880: 90:cd:b6:2b:6e:48: AP 10.44.64.109-b4:5d:50:13:2b:a3-EXT-King104-AP275-1
Sep 16 23:59:16 10.47.0.22 stm[1806]: <501100> <1806> <NOTI> < 10.47.0.22>  Assoc success @ 23:59:16.444935: 90:cd:b6:2b:6e:48: AP 10.44.64.109-b4:5d:50:13:2b:a3-EXT-King104-AP275-1
Sep 16 23:59:16 10.44.64.109 stm[2107]:  <501095> <NOTI> |AP EXT-King104-AP275-1@10.44.64.109 stm|  Assoc request @ 23:59:16.436232: 90:cd:b6:2b:6e:48 (SN 332): AP 10.44.64.109-b4:5d:50:13:2b:a3-EXT-King104-AP275-1
Sep 16 23:59:16 10.44.64.109 stm[2107]:  <501093> <NOTI> |AP EXT-King104-AP275-1@10.44.64.109 stm|  Auth success: 90:cd:b6:2b:6e:48: AP 10.44.64.109-b4:5d:50:13:2b:a3-EXT-King104-AP275-1
Sep 16 23:59:16 RUP2103-2-A7280-2 stm[7160]: <501100> <7160> <NOTI> <RUP2103-2-A7280-2 10.47.0.33>  Assoc success @ 23:59:16.337810: 84:a1:34:99:40:6f: AP 10.44.24.169-b4:5d:50:13:2b:d1-EXT-Bioi208-AP275-1
Sep 16 23:59:16 RUP2103-2-A7280-2 stm[7160]: <501080> <7160> <NOTI> <RUP2103-2-A7280-2 10.47.0.33>  Deauth to sta: 84:a1:34:99:40:6f: Ageout AP 10.44.30.134-94:b4:0f:2f:28:21-EXT-PORT232-AP275-1 STA has roamed to another AP
Sep 16 23:59:16 10.44.84.239 stm[2422]:  <501106> <NOTI> |AP Foun223-AP325-1@10.44.84.239 stm|  Deauth to sta: 00:80:92:dc:35:bd: Ageout AP 10.44.84.239-40:e3:d6:54:f1:a0-Foun223-AP325-1 handle_sapcp
Sep 16 23:59:16 10.44.64.109 stm[2107]:  <501105> <NOTI> |AP EXT-King104-AP275-1@10.44.64.109 stm|  Deauth from sta: 90:cd:b6:2b:6e:48: AP 10.44.64.109-b4:5d:50:13:2b:a3-EXT-King104-AP275-1 Reason Ptk Challenge Failed
Sep 16 23:59:16 10.47.0.22 stm[1806]: <501080> <3789> <NOTI> < 10.47.0.22>  Deauth to sta: 90:cd:b6:2b:6e:48: Ageout AP 10.44.64.109-b4:5d:50:13:2b:a3-EXT-King104-AP275-1 Ptk Challenge Failed
Sep 16 23:59:16 10.47.0.22 stm[1806]: <501106> <3789> <NOTI> < 10.47.0.22>  Deauth to sta: 90:cd:b6:2b:6e:48: Ageout AP 10.44.64.109-b4:5d:50:13:2b:a3-EXT-King104-AP275-1 wifi_deauth_sta
Sep 16 23:59:16 RUP2103-2-A7280-1 stm[2144]: <501100> <2144> <NOTI> <RUP2103-2-A7280-1 10.47.0.32>  Assoc success @ 23:59:16.083772: a4:83:e7:87:66:f2: AP 10.44.134.246-b4:5d:50:13:24:b1-EXT-Colv2105-AP275-1
Sep 16 23:59:16 RUP2103-2-A7280-1 stm[2144]: <501080> <2144> <NOTI> <RUP2103-2-A7280-1 10.47.0.32>  Deauth to sta: a4:83:e7:87:66:f2: Ageout AP 10.44.134.178-48:4a:e9:d5:42:a1-EXT-Colv2212-AP375-1 STA has roamed to another AP
Sep 16 23:59:15 AtkiG20-C5-A7280-2 stm[2085]: <501080> <5061> <NOTI> <AtkiG20-C5-A7280-2 10.47.0.23>  Deauth to sta: 88:19:08:af:43:10: Ageout AP 10.44.72.171-b4:5d:50:13:2d:20-EXT-Cone112-AP275-1 APAE Disconnect
Sep 16 23:59:15 AtkiG20-C5-A7280-2 stm[2085]: <501106> <5061> <NOTI> <AtkiG20-C5-A7280-2 10.47.0.23>  Deauth to sta: 88:19:08:af:43:10: Ageout AP 10.44.72.171-b4:5d:50:13:2d:20-EXT-Cone112-AP275-1 wifi_deauth_sta
Sep 16 23:59:15 RUP2103-2-A7280-2 stm[7160]: <501100> <7160> <NOTI> <RUP2103-2-A7280-2 10.47.0.33>  Assoc success @ 23:59:15.317084: 94:bf:2d:37:af:e7: AP 10.44.247.236-f0:5c:19:35:b4:b0-Ceda31A-AP325-1
Sep 16 23:59:15 RUP2103-2-A7280-2 stm[7160]: <501080> <7160> <NOTI> <RUP2103-2-A7280-2 10.47.0.33>  Deauth to sta: 94:bf:2d:37:af:e7: Ageout AP 10.44.246.234-ac:a3:1e:5a:01:10-Hick36C-AP325-1 STA has roamed to another AP
Sep 16 23:59:15 10.44.84.246 stm[2423]:  <501106> <NOTI> |AP Foun212-AP325-1@10.44.84.246 stm|  Deauth to sta: 00:80:92:dc:35:bd: Ageout AP 10.44.84.246-40:e3:d6:54:e8:40-Foun212-AP325-1 handle_sapcp
Sep 16 23:59:15 10.44.84.236 stm[4622]:  <501106> <NOTI> |AP Foun206A-AP325-1@10.44.84.236 stm|  Deauth to sta: 00:80:92:dc:35:bd: Ageout AP 10.44.84.236-40:e3:d6:52:aa:e0-Foun206A-AP325-1 handle_sapcp
Sep 16 23:59:14 RUP2103-2-A7280-1 stm[2144]: <501100> <2144> <NOTI> <RUP2103-2-A7280-1 10.47.0.32>  Assoc success @ 23:59:14.965071: 40:83:de:a5:cb:ad: AP 10.44.192.120-38:17:c3:82:de:70-Pros114-AP345-1
Sep 16 23:59:14 10.44.78.181 stm[2102]:  <501100> <NOTI> |AP EXT-SVDH201-AP277-1@10.44.78.181 stm|  Assoc success @ 23:59:14.952176: 20:ab:37:27:76:8a: AP 10.44.78.181-40:e3:d6:1d:33:11-EXT-SVDH201-AP277-1
Sep 16 23:59:14 10.47.0.22 stm[1806]: <501100> <1806> <NOTI> < 10.47.0.22>  Assoc success @ 23:59:14.953537: 20:ab:37:27:76:8a: AP 10.44.78.181-40:e3:d6:1d:33:11-EXT-SVDH201-AP277-1
Sep 16 23:59:14 10.44.78.181 stm[2102]:  <501095> <NOTI> |AP EXT-SVDH201-AP277-1@10.44.78.181 stm|  Assoc request @ 23:59:14.946554: 20:ab:37:27:76:8a (SN 4092): AP 10.44.78.181-40:e3:d6:1d:33:11-EXT-SVDH201-AP277-1
Sep 16 23:59:14 10.44.78.181 stm[2102]:  <501093> <NOTI> |AP EXT-SVDH201-AP277-1@10.44.78.181 stm|  Auth success: 20:ab:37:27:76:8a: AP 10.44.78.181-40:e3:d6:1d:33:11-EXT-SVDH201-AP277-1
Sep 16 23:59:14 AtkiG20-C5-A7280-2 stm[2085]: <501100> <2085> <NOTI> <AtkiG20-C5-A7280-2 10.47.0.23>  Assoc success @ 23:59:14.641200: 00:17:23:e2:08:52: AP 10.44.26.82-f0:5c:19:b9:0d:20-EXT-McCoC126-AP277-1
Sep 16 23:59:14 AtkiG20-C5-A7280-2 stm[2085]: <501100> <2085> <NOTI> <AtkiG20-C5-A7280-2 10.47.0.23>  Assoc success @ 23:59:14.405839: f0:8a:76:7b:f0:6a: AP 10.45.81.13-38:17:c3:82:97:e1-StuU240-AP345-1
Sep 16 23:59:14 AtkiG20-C5-A7280-2 stm[2085]: <501080> <2085> <NOTI> <AtkiG20-C5-A7280-2 10.47.0.23>  Deauth to sta: f0:8a:76:7b:f0:6a: Ageout AP 10.45.81.68-38:17:c3:84:89:21-StuU241-AP345-1 STA has roamed to another AP
Sep 16 23:59:14 10.44.84.242 stm[2422]:  <501080> <NOTI> |AP Foun104-AP325-1@10.44.84.242 stm|  Deauth to sta: 00:80:92:dc:35:bd: Ageout AP 10.44.84.242-40:e3:d6:54:f7:c0-Foun104-AP325-1 Sapcp Ageout (internal ageout) 
Sep 16 23:59:14 10.44.84.242 stm[2422]:  <501106> <NOTI> |AP Foun104-AP325-1@10.44.84.242 stm|  Deauth to sta: 00:80:92:dc:35:bd: Ageout AP 10.44.84.242-40:e3:d6:54:f7:c0-Foun104-AP325-1 handle_sapcp
Sep 16 23:59:14 10.44.84.245 stm[2423]:  <501106> <NOTI> |AP Foun111-AP325-1@10.44.84.245 stm|  Deauth to sta: 00:80:92:dc:35:bd: Ageout AP 10.44.84.245-ac:a3:1e:58:49:00-Foun111-AP325-1 handle_sapcp
Sep 16 23:59:14 10.44.84.247 stm[2734]:  <501080> <NOTI> |AP Foun103-AP325-1@10.44.84.247 stm|  Deauth to sta: 00:80:92:dc:35:bd: Ageout AP 10.44.84.247-ac:a3:1e:54:14:60-Foun103-AP325-1 Sapcp Ageout (internal ageout) 
Sep 16 23:59:14 10.44.84.247 stm[2734]:  <501106> <NOTI> |AP Foun103-AP325-1@10.44.84.247 stm|  Deauth to sta: 00:80:92:dc:35:bd: Ageout AP 10.44.84.247-ac:a3:1e:54:14:60-Foun103-AP325-1 handle_sapcp
Sep 16 23:59:14 RUP2103-2-A7280-2 stm[7160]: <501100> <7160> <NOTI> <RUP2103-2-A7280-2 10.47.0.33>  Assoc success @ 23:59:14.238228: fc:2d:5e:dd:2f:82: AP 10.44.60.20-b4:5d:50:13:75:21-EXT-Lync232-AP275-1
Sep 16 23:59:14 RUP2103-2-A7280-2 stm[7160]: <501080> <7160> <NOTI> <RUP2103-2-A7280-2 10.47.0.33>  Deauth to sta: fc:2d:5e:dd:2f:82: Ageout AP 10.44.60.16-b4:5d:50:13:7a:61-EXT-Lync150-AP275-1 STA has roamed to another AP
Sep 16 23:59:14 10.44.134.254 stm[4959]:  <501100> <NOTI> |AP Colv5COR2-AP325-1@10.44.134.254 stm|  Assoc success @ 23:59:14.225580: 74:40:bb:55:76:44: AP 10.44.134.254-40:e3:d6:54:f6:60-Colv5COR2-AP325-1
Sep 16 23:59:14 10.47.0.22 stm[1806]: <501100> <1806> <NOTI> < 10.47.0.22>  Assoc success @ 23:59:14.226895: 74:40:bb:55:76:44: AP 10.44.134.254-40:e3:d6:54:f6:60-Colv5COR2-AP325-1
Sep 16 23:59:14 10.44.134.254 stm[4959]:  <501095> <NOTI> |AP Colv5COR2-AP325-1@10.44.134.254 stm|  Assoc request @ 23:59:14.221300: 74:40:bb:55:76:44 (SN 0): AP 10.44.134.254-40:e3:d6:54:f6:60-Colv5COR2-AP325-1
Sep 16 23:59:14 10.44.134.254 stm[4959]:  <501093> <NOTI> |AP Colv5COR2-AP325-1@10.44.134.254 stm|  Auth success: 74:40:bb:55:76:44: AP 10.44.134.254-40:e3:d6:54:f6:60-Colv5COR2-AP325-1
Sep 16 23:59:14 10.44.18.158 stm[1102]:  <501105> <NOTI> |AP Duke237-AP335-1@10.44.18.158 stm|  Deauth from sta: 18:af:61:c1:59:68: AP 10.44.18.158-a8:bd:27:e3:df:f1-Duke237-AP335-1 Reason STA has roamed to another AP
Sep 16 23:59:14 10.44.18.150 stm[1095]:  <501100> <NOTI> |AP Duke242-AP335-1@10.44.18.150 stm|  Assoc success @ 23:59:14.142329: 18:af:61:c1:59:68: AP 10.44.18.150-a8:bd:27:e3:c1:f1-Duke242-AP335-1
Sep 16 23:59:14 10.47.0.22 stm[1806]: <501100> <1806> <NOTI> < 10.47.0.22>  Assoc success @ 23:59:14.148463: 18:af:61:c1:59:68: AP 10.44.18.150-a8:bd:27:e3:c1:f1-Duke242-AP335-1
Sep 16 23:59:14 10.47.0.22 stm[1806]: <501080> <1806> <NOTI> < 10.47.0.22>  Deauth to sta: 18:af:61:c1:59:68: Ageout AP 10.44.18.158-a8:bd:27:e3:df:f1-Duke237-AP335-1 STA has roamed to another AP
Sep 16 23:59:14 10.44.18.150 stm[1095]:  <501095> <NOTI> |AP Duke242-AP335-1@10.44.18.150 stm|  Assoc request @ 23:59:14.135807: 18:af:61:c1:59:68 (SN 0): AP 10.44.18.150-a8:bd:27:e3:c1:f1-Duke242-AP335-1
Sep 16 23:59:14 10.44.18.150 stm[1095]:  <501093> <NOTI> |AP Duke242-AP335-1@10.44.18.150 stm|  Auth success: 18:af:61:c1:59:68: AP 10.44.18.150-a8:bd:27:e3:c1:f1-Duke242-AP335-1
Sep 16 23:59:13 RUP2103-2-A7280-1 stm[2144]: <501100> <2144> <NOTI> <RUP2103-2-A7280-1 10.47.0.32>  Assoc success @ 23:59:13.995180: 84:41:67:2c:07:ab: AP 10.44.6.56-ac:a3:1e:58:ec:b0-Faci162-AP325-1
Sep 16 23:59:13 RUP2103-2-A7280-1 stm[2144]: <501080> <2144> <NOTI> <RUP2103-2-A7280-1 10.47.0.32>  Deauth to sta: 84:41:67:2c:07:ab: Ageout AP 10.44.6.67-ac:a3:1e:5a:55:90-Faci170B-AP325-1 STA has roamed to another AP
Sep 16 23:59:13 10.44.134.254 stm[4959]:  <501105> <NOTI> |AP Colv5COR2-AP325-1@10.44.134.254 stm|  Deauth from sta: 74:40:bb:55:76:44: AP 10.44.134.254-40:e3:d6:54:f6:60-Colv5COR2-AP325-1 Reason APAE Disconnect
Sep 16 23:59:13 10.47.0.22 stm[1806]: <501080> <3789> <NOTI> < 10.47.0.22>  Deauth to sta: 74:40:bb:55:76:44: Ageout AP 10.44.134.254-40:e3:d6:54:f6:60-Colv5COR2-AP325-1 APAE Disconnect
Sep 16 23:59:13 10.47.0.22 stm[1806]: <501106> <3789> <NOTI> < 10.47.0.22>  Deauth to sta: 74:40:bb:55:76:44: Ageout AP 10.44.134.254-40:e3:d6:54:f6:60-Colv5COR2-AP325-1 wifi_deauth_sta
Sep 16 23:59:13 10.44.134.236 stm[4650]:  <501100> <NOTI> |AP Colv2102-AP325-1@10.44.134.236 stm|  Assoc success @ 23:59:13.821851: 90:cd:b6:13:87:89: AP 10.44.134.236-40:e3:d6:51:c0:c2-Colv2102-AP325-1
Sep 16 23:59:13 10.47.0.22 stm[1806]: <501100> <1806> <NOTI> < 10.47.0.22>  Assoc success @ 23:59:13.824172: 90:cd:b6:13:87:89: AP 10.44.134.236-40:e3:d6:51:c0:c2-Colv2102-AP325-1
Sep 16 23:59:13 10.44.134.236 stm[4650]:  <501095> <NOTI> |AP Colv2102-AP325-1@10.44.134.236 stm|  Assoc request @ 23:59:13.817134: 90:cd:b6:13:87:89 (SN 2056): AP 10.44.134.236-40:e3:d6:51:c0:c2-Colv2102-AP325-1
Sep 16 23:59:13 10.44.134.236 stm[4650]:  <501093> <NOTI> |AP Colv2102-AP325-1@10.44.134.236 stm|  Auth success: 90:cd:b6:13:87:89: AP 10.44.134.236-40:e3:d6:51:c0:c2-Colv2102-AP325-1
Sep 16 23:59:13 10.44.134.236 stm[4650]:  <501105> <NOTI> |AP Colv2102-AP325-1@10.44.134.236 stm|  Deauth from sta: 90:cd:b6:13:87:89: AP 10.44.134.236-40:e3:d6:51:c0:c2-Colv2102-AP325-1 Reason Ptk Challenge Failed
Sep 16 23:59:13 10.47.0.22 stm[1806]: <501080> <3789> <NOTI> < 10.47.0.22>  Deauth to sta: 90:cd:b6:13:87:89: Ageout AP 10.44.134.236-40:e3:d6:51:c0:c2-Colv2102-AP325-1 Ptk Challenge Failed
Sep 16 23:59:13 10.47.0.22 stm[1806]: <501106> <3789> <NOTI> < 10.47.0.22>  Deauth to sta: 90:cd:b6:13:87:89: Ageout AP 10.44.134.236-40:e3:d6:51:c0:c2-Colv2102-AP325-1 wifi_deauth_sta
Sep 16 23:59:12 RUP2103-2-A7280-2 stm[7160]: <501100> <7160> <NOTI> <RUP2103-2-A7280-2 10.47.0.33>  Assoc success @ 23:59:12.902091: 78:4f:43:98:fa:6e: AP 10.44.15.185-ac:a3:1e:5a:65:51-EPIC2218-AP325-1
Sep 16 23:59:12 RUP2103-2-A7280-2 stm[7160]: <501080> <7160> <NOTI> <RUP2103-2-A7280-2 10.47.0.33>  Deauth to sta: 78:4f:43:98:fa:6e: Ageout AP 10.44.15.128-ac:a3:1e:59:ad:71-EPIC2219-AP325-1 STA has roamed to another AP
Sep 16 23:59:12 AtkiG20-C5-A7280-2 stm[2085]: <501100> <2085> <NOTI> <AtkiG20-C5-A7280-2 10.47.0.23>  Assoc success @ 23:59:12.807243: 00:17:23:e2:08:52: AP 10.44.26.82-f0:5c:19:b9:0d:20-EXT-McCoC126-AP277-1
Sep 16 23:59:12 10.45.65.71 stm[1689]:  <501105> <NOTI> |AP Atki110E-AP345-1@10.45.65.71 stm|  Deauth from sta: 48:89:e7:e4:69:70: AP 10.45.65.71-90:4c:81:8b:ae:00-Atki110E-AP345-1 Reason STA has roamed to another AP
Sep 16 23:59:12 10.45.64.202 stm[1684]:  <501100> <NOTI> |AP Atki110A-AP345-1@10.45.64.202 stm|  Assoc success @ 23:59:12.548939: 48:89:e7:e4:69:70: AP 10.45.64.202-90:4c:81:8b:c3:50-Atki110A-AP345-1
Sep 16 23:59:12 10.47.0.22 stm[1806]: <501100> <1806> <NOTI> < 10.47.0.22>  Assoc success @ 23:59:12.547936: 48:89:e7:e4:69:70: AP 10.45.64.202-90:4c:81:8b:c3:50-Atki110A-AP345-1
Sep 16 23:59:12 10.45.64.202 stm[1684]:  <501095> <NOTI> |AP Atki110A-AP345-1@10.45.64.202 stm|  Assoc request @ 23:59:12.547162: 48:89:e7:e4:69:70 (SN 182): AP 10.45.64.202-90:4c:81:8b:c3:50-Atki110A-AP345-1
Sep 16 23:59:12 10.47.0.22 stm[1806]: <501080> <1806> <NOTI> < 10.47.0.22>  Deauth to sta: 48:89:e7:e4:69:70: Ageout AP 10.45.65.71-90:4c:81:8b:ae:00-Atki110E-AP345-1 STA has roamed to another AP
Sep 16 23:59:12 10.45.64.202 stm[1684]:  <501093> <NOTI> |AP Atki110A-AP345-1@10.45.64.202 stm|  Auth success: 48:89:e7:e4:69:70: AP 10.45.64.202-90:4c:81:8b:c3:50-Atki110A-AP345-1
Sep 16 23:59:12 10.44.64.109 stm[2107]:  <501100> <NOTI> |AP EXT-King104-AP275-1@10.44.64.109 stm|  Assoc success @ 23:59:12.006402: 90:cd:b6:2b:6e:48: AP 10.44.64.109-b4:5d:50:13:2b:a3-EXT-King104-AP275-1
Sep 16 23:59:12 10.47.0.22 stm[1806]: <501100> <1806> <NOTI> < 10.47.0.22>  Assoc success @ 23:59:12.007840: 90:cd:b6:2b:6e:48: AP 10.44.64.109-b4:5d:50:13:2b:a3-EXT-King104-AP275-1
Sep 16 23:59:12 10.44.64.109 stm[2107]:  <501095> <NOTI> |AP EXT-King104-AP275-1@10.44.64.109 stm|  Assoc request @ 23:59:12.001543: 90:cd:b6:2b:6e:48 (SN 263): AP 10.44.64.109-b4:5d:50:13:2b:a3-EXT-King104-AP275-1
Sep 16 23:59:12 10.44.64.109 stm[2107]:  <501093> <NOTI> |AP EXT-King104-AP275-1@10.44.64.109 stm|  Auth success: 90:cd:b6:2b:6e:48: AP 10.44.64.109-b4:5d:50:13:2b:a3-EXT-King104-AP275-1
Sep 16 23:59:11 AtkiG20-C5-A7280-2 stm[2085]: <501100> <2085> <NOTI> <AtkiG20-C5-A7280-2 10.47.0.23>  Assoc success @ 23:59:11.897272: f0:8a:76:7b:f0:6a: AP 10.45.81.68-38:17:c3:84:89:21-StuU241-AP345-1
Sep 16 23:59:11 AtkiG20-C5-A7280-2 stm[2085]: <501080> <2085> <NOTI> <AtkiG20-C5-A7280-2 10.47.0.23>  Deauth to sta: f0:8a:76:7b:f0:6a: Ageout AP 10.45.81.19-90:4c:81:8e:de:81-StuU302-AP345-2 STA has roamed to another AP
Sep 16 23:59:11 AtkiG20-C5-A7280-2 stm[2085]: <501100> <2085> <NOTI> <AtkiG20-C5-A7280-2 10.47.0.23>  Assoc success @ 23:59:11.668651: 00:17:23:e2:08:52: AP 10.44.26.82-f0:5c:19:b9:0d:20-EXT-McCoC126-AP277-1
Sep 16 23:59:11 10.45.64.187 stm[1692]:  <501105> <NOTI> |AP Atki236-AP345-1@10.45.64.187 stm|  Deauth from sta: e4:b2:fb:7c:87:02: AP 10.45.64.187-38:17:c3:82:90:30-Atki236-AP345-1 Reason STA has roamed to another AP
Sep 16 23:59:11 10.45.64.138 stm[1690]:  <501100> <NOTI> |AP Atki312A-AP345-1@10.45.64.138 stm|  Assoc success @ 23:59:11.209549: e4:b2:fb:7c:87:02: AP 10.45.64.138-38:17:c3:8a:09:70-Atki312A-AP345-1
Sep 16 23:59:11 10.47.0.22 stm[1806]: <501100> <1806> <NOTI> < 10.47.0.22>  Assoc success @ 23:59:11.208969: e4:b2:fb:7c:87:02: AP 10.45.64.138-38:17:c3:8a:09:70-Atki312A-AP345-1
Sep 16 23:59:11 10.47.0.22 stm[1806]: <501080> <1806> <NOTI> < 10.47.0.22>  Deauth to sta: e4:b2:fb:7c:87:02: Ageout AP 10.45.64.187-38:17:c3:82:90:30-Atki236-AP345-1 STA has roamed to another AP
Sep 16 23:59:11 10.45.64.138 stm[1690]:  <501095> <NOTI> |AP Atki312A-AP345-1@10.45.64.138 stm|  Assoc request @ 23:59:11.206230: e4:b2:fb:7c:87:02 (SN 364): AP 10.45.64.138-38:17:c3:8a:09:70-Atki312A-AP345-1
Sep 16 23:59:11 RUP2103-2-A7280-2 stm[7160]: <501100> <7160> <NOTI> <RUP2103-2-A7280-2 10.47.0.33>  Assoc success @ 23:59:11.206275: 28:ff:3c:20:62:a9: AP 10.44.60.17-b4:5d:50:13:7a:31-EXT-Lync101-AP275-1
Sep 16 23:59:11 10.45.64.138 stm[1690]:  <501093> <NOTI> |AP Atki312A-AP345-1@10.45.64.138 stm|  Auth success: e4:b2:fb:7c:87:02: AP 10.45.64.138-38:17:c3:8a:09:70-Atki312A-AP345-1
Sep 16 23:59:11 RUP2103-2-A7280-1 stm[2144]: <501100> <2144> <NOTI> <RUP2103-2-A7280-1 10.47.0.32>  Assoc success @ 23:59:11.195083: a8:51:5b:b4:35:e9: AP 10.45.81.68-38:17:c3:84:89:21-StuU241-AP345-1
Sep 16 23:59:11 10.44.192.120 stm[1695]:  <501100> <NOTI> |AP Pros114-AP345-1@10.44.192.120 stm|  Assoc success @ 23:59:11.019196: 40:83:de:f6:d9:f9: AP 10.44.192.120-38:17:c3:82:de:70-Pros114-AP345-1
Sep 16 23:59:11 10.47.0.22 stm[1806]: <501100> <1806> <NOTI> < 10.47.0.22>  Assoc success @ 23:59:11.019979: 40:83:de:f6:d9:f9: AP 10.44.192.120-38:17:c3:82:de:70-Pros114-AP345-1
Sep 16 23:59:11 10.44.192.120 stm[1695]:  <501095> <NOTI> |AP Pros114-AP345-1@10.44.192.120 stm|  Assoc request @ 23:59:11.016053: 40:83:de:f6:d9:f9 (SN 1969): AP 10.44.192.120-38:17:c3:82:de:70-Pros114-AP345-1
Sep 16 23:59:11 10.44.192.120 stm[1695]:  <501093> <NOTI> |AP Pros114-AP345-1@10.44.192.120 stm|  Auth success: 40:83:de:f6:d9:f9: AP 10.44.192.120-38:17:c3:82:de:70-Pros114-AP345-1
Sep 16 23:59:10 RUP2103-2-A7280-2 stm[7160]: <501100> <7160> <NOTI> <RUP2103-2-A7280-2 10.47.0.33>  Assoc success @ 23:59:10.962855: 8c:45:00:34:3c:be: AP 10.45.65.8-38:17:c3:82:af:11-Atki2COR1-AP345-3
Sep 16 23:59:10 RUP2103-2-A7280-2 stm[7160]: <501080> <7160> <NOTI> <RUP2103-2-A7280-2 10.47.0.33>  Deauth to sta: 8c:45:00:34:3c:be: Ageout AP 10.45.65.10-38:17:c3:82:69:91-Atki244-AP345-1 STA has roamed to another AP
Sep 16 23:59:10 RUP2103-2-A7280-2 stm[7160]: <501100> <7160> <NOTI> <RUP2103-2-A7280-2 10.47.0.33>  Assoc success @ 23:59:10.891583: 00:80:92:68:92:7e: AP 10.44.6.60-b4:5d:50:13:75:40-EXT-Faci168-AP275-1
Sep 16 23:59:10 AtkiG20-C5-A7280-2 stm[2085]: <501100> <2085> <NOTI> <AtkiG20-C5-A7280-2 10.47.0.23>  Assoc success @ 23:59:10.502612: 00:9d:6b:e0:be:0b: AP 10.44.15.128-ac:a3:1e:59:ad:71-EPIC2219-AP325-1
Sep 16 23:59:10 AtkiG20-C5-A7280-2 stm[2085]: <501080> <2085> <NOTI> <AtkiG20-C5-A7280-2 10.47.0.23>  Deauth to sta: 00:9d:6b:e0:be:0b: Ageout AP 10.44.15.212-ac:a3:1e:5a:67:d1-EPIC2344-AP325-1 STA has roamed to another AP
Sep 16 23:59:10 RUP2103-2-A7280-2 stm[7160]: <501100> <7160> <NOTI> <RUP2103-2-A7280-2 10.47.0.33>  Assoc success @ 23:59:10.394320: 34:08:bc:d6:1d:5c: AP 10.45.0.210-b4:5d:50:13:76:10-EXT-Kenn236-AP275-1
Sep 16 23:59:10 RUP2103-2-A7280-2 stm[7160]: <501080> <7160> <NOTI> <RUP2103-2-A7280-2 10.47.0.33>  Deauth to sta: 34:08:bc:d6:1d:5c: Ageout AP 10.44.134.205-40:e3:d6:54:f9:40-Colv2330-AP325-1 STA has roamed to another AP
Sep 16 23:59:10 10.45.65.70 stm[1694]:  <501105> <NOTI> |AP Atki102-AP345-1@10.45.65.70 stm|  Deauth from sta: a4:d9:31:02:f4:3f: AP 10.45.65.70-38:17:c3:84:54:71-Atki102-AP345-1 Reason STA has roamed to another AP
Sep 16 23:59:10 10.45.65.64 stm[1693]:  <501100> <NOTI> |AP Atki105D-AP345-2@10.45.65.64 stm|  Assoc success @ 23:59:10.270051: a4:d9:31:02:f4:3f: AP 10.45.65.64-38:17:c3:82:df:11-Atki105D-AP345-2
Sep 16 23:59:10 10.47.0.22 stm[1806]: <501100> <1806> <NOTI> < 10.47.0.22>  Assoc success @ 23:59:10.268480: a4:d9:31:02:f4:3f: AP 10.45.65.64-38:17:c3:82:df:11-Atki105D-AP345-2
Sep 16 23:59:10 10.45.65.64 stm[1693]:  <501095> <NOTI> |AP Atki105D-AP345-2@10.45.65.64 stm|  Assoc request @ 23:59:10.267806: a4:d9:31:02:f4:3f (SN 2946): AP 10.45.65.64-38:17:c3:82:df:11-Atki105D-AP345-2
Sep 16 23:59:10 10.47.0.22 stm[1806]: <501080> <1806> <NOTI> < 10.47.0.22>  Deauth to sta: a4:d9:31:02:f4:3f: Ageout AP 10.45.65.70-38:17:c3:84:54:71-Atki102-AP345-1 STA has roamed to another AP
Sep 16 23:59:10 10.45.65.64 stm[1693]:  <501093> <NOTI> |AP Atki105D-AP345-2@10.45.65.64 stm|  Auth success: a4:d9:31:02:f4:3f: AP 10.45.65.64-38:17:c3:82:df:11-Atki105D-AP345-2
Sep 16 23:59:10 10.44.134.178 stm[2413]:  <501105> <NOTI> |AP EXT-Colv2212-AP375-1@10.44.134.178 stm|  Deauth from sta: 88:19:08:c3:a9:28: AP 10.44.134.178-48:4a:e9:d5:42:b1-EXT-Colv2212-AP375-1 Reason STA has roamed to another AP
Sep 16 23:59:10 10.47.0.22 stm[1806]: <501100> <1806> <NOTI> < 10.47.0.22>  Assoc success @ 23:59:10.083466: 88:19:08:c3:a9:28: AP 10.45.65.92-38:17:c3:84:90:b1-AtkiG26-AP345-2
Sep 16 23:59:10 10.45.65.92 stm[1697]:  <501100> <NOTI> |AP AtkiG26-AP345-2@10.45.65.92 stm|  Assoc success @ 23:59:10.082038: 88:19:08:c3:a9:28: AP 10.45.65.92-38:17:c3:84:90:b1-AtkiG26-AP345-2
Sep 16 23:59:10 10.47.0.22 stm[1806]: <501080> <1806> <NOTI> < 10.47.0.22>  Deauth to sta: 88:19:08:c3:a9:28: Ageout AP 10.44.134.178-48:4a:e9:d5:42:b1-EXT-Colv2212-AP375-1 STA has roamed to another AP
Sep 16 23:59:10 10.45.65.92 stm[1697]:  <501095> <NOTI> |AP AtkiG26-AP345-2@10.45.65.92 stm|  Assoc request @ 23:59:10.079808: 88:19:08:c3:a9:28 (SN 3975): AP 10.45.65.92-38:17:c3:84:90:b1-AtkiG26-AP345-2
Sep 16 23:59:10 10.45.65.92 stm[1697]:  <501093> <NOTI> |AP AtkiG26-AP345-2@10.45.65.92 stm|  Auth success: 88:19:08:c3:a9:28: AP 10.45.65.92-38:17:c3:84:90:b1-AtkiG26-AP345-2
Sep 16 23:59:09 RUP2103-2-A7280-2 stm[7160]: <501100> <7160> <NOTI> <RUP2103-2-A7280-2 10.47.0.33>  Assoc success @ 23:59:09.928191: c0:9a:d0:78:63:f6: AP 10.45.85.161-90:4c:81:8e:f1:f1-Heal342-AP345-1
Sep 16 23:59:09 RUP2103-2-A7280-2 stm[7160]: <501080> <7160> <NOTI> <RUP2103-2-A7280-2 10.47.0.33>  Deauth to sta: c0:9a:d0:78:63:f6: Ageout AP 10.45.85.184-90:4c:81:8e:9b:91-Heal332-AP345-1 STA has roamed to another AP
