Sep 16 23:58:33 10.44.196.99 stm[2422]:  <501095> <NOTI> |AP McEn301-AP325-1@10.44.196.99 stm|  Assoc request @ 23:58:33.620923: 08:c5:e1:fc:71:24 (SN 0): AP 10.44.196.99-40:e3:d6:54:f2:20-McEn301-AP325-1
Sep 16 23:58:33 10.47.0.22 stm[1806]: <501080> <1806> <NOTI> < 10.47.0.22>  Deauth to sta: 08:c5:e1:fc:71:24: Ageout AP 10.44.196.132-40:e3:d6:4f:97:60-McEn4COR1-AP325-1 STA has roamed to another AP
Sep 16 23:58:33 10.44.196.99 stm[2422]:  <501093> <NOTI> |AP McEn301-AP325-1@10.44.196.99 stm|  Auth success: 08:c5:e1:fc:71:24: AP 10.44.196.99-40:e3:d6:54:f2:20-McEn301-AP325-1
Sep 16 23:58:33 AtkiG20-C5-A7280-2 stm[2085]: <501100> <2085> <NOTI> <AtkiG20-C5-A7280-2 10.47.0.23>  Assoc success @ 23:58:33.473238: 00:17:23:e2:08:52: AP 10.44.26.82-f0:5c:19:b9:0d:20-EXT-McCoC126-AP277-1
Sep 16 23:58:33 RUP2103-2-A7280-1 stm[2144]: <501100> <2144> <NOTI> <RUP2103-2-A7280-1 10.47.0.32>  Assoc success @ 23:58:33.415630: 30:63:6b:8a:e6:82: AP 10.44.60.20-b4:5d:50:13:75:30-EXT-Lync232-AP275-1
Sep 16 23:58:33 RUP2103-2-A7280-1 stm[2144]: <501080> <2144> <NOTI> <RUP2103-2-A7280-1 10.47.0.32>  Deauth to sta: 30:63:6b:8a:e6:82: Ageout AP 10.44.60.16-b4:5d:50:13:7a:70-EXT-Lync150-AP275-1 STA has roamed to another AP
Sep 16 23:58:33 10.44.130.206 stm[1101]:  <501100> <NOTI> |AP Stor165-AP335-1@10.44.130.206 stm|  Assoc success @ 23:58:33.189306: ec:2c:e2:0a:9d:a1: AP 10.44.130.206-70:3a:0e:52:fb:11-Stor165-AP335-1
Sep 16 23:58:33 10.47.0.22 stm[1806]: <501100> <1806> <NOTI> < 10.47.0.22>  Assoc success @ 23:58:33.191870: ec:2c:e2:0a:9d:a1: AP 10.44.130.206-70:3a:0e:52:fb:11-Stor165-AP335-1
Sep 16 23:58:33 10.44.130.206 stm[1101]:  <501080> <NOTI> |AP Stor165-AP335-1@10.44.130.206 stm|  Deauth to sta: ec:2c:e2:0a:9d:a1: Ageout AP 10.44.130.206-70:3a:0e:52:fb:01-Stor165-AP335-1 STA has roamed to another AP
Sep 16 23:58:33 10.44.130.206 stm[1101]:  <501095> <NOTI> |AP Stor165-AP335-1@10.44.130.206 stm|  Assoc request @ 23:58:33.178107: ec:2c:e2:0a:9d:a1 (SN 0): AP 10.44.130.206-70:3a:0e:52:fb:11-Stor165-AP335-1
Sep 16 23:58:33 10.44.130.206 stm[1101]:  <501093> <NOTI> |AP Stor165-AP335-1@10.44.130.206 stm|  Auth success: ec:2c:e2:0a:9d:a1: AP 10.44.130.206-70:3a:0e:52:fb:11-Stor165-AP335-1
Sep 16 23:58:32 RUP2103-2-A7280-1 stm[2144]: <501100> <2144> <NOTI> <RUP2103-2-A7280-1 10.47.0.32>  Assoc success @ 23:58:32.777845: 90:dd:5d:0f:07:8e: AP 10.45.64.150-90:4c:81:8e:aa:51-Atki105D-AP345-5
Sep 16 23:58:32 RUP2103-2-A7280-1 stm[2144]: <501080> <2144> <NOTI> <RUP2103-2-A7280-1 10.47.0.32>  Deauth to sta: 90:dd:5d:0f:07:8e: Ageout AP 10.45.65.70-38:17:c3:84:54:71-Atki102-AP345-1 STA has roamed to another AP
Sep 16 23:58:32 RUP2103-2-A7280-2 stm[7160]: <501100> <7160> <NOTI> <RUP2103-2-A7280-2 10.47.0.33>  Assoc success @ 23:58:32.449020: e4:b2:fb:c4:f4:6d: AP 10.44.78.132-40:e3:d6:1d:30:81-EXT-SVDH224-AP277-1
Sep 16 23:58:32 RUP2103-2-A7280-2 stm[7160]: <501080> <7160> <NOTI> <RUP2103-2-A7280-2 10.47.0.33>  Deauth to sta: e4:b2:fb:c4:f4:6d: Ageout AP 10.44.78.145-40:e3:d6:1d:2e:71-EXT-SVDH266-AP277-1 STA has roamed to another AP
Sep 16 23:58:32 RUP2103-2-A7280-2 stm[7160]: <501100> <7160> <NOTI> <RUP2103-2-A7280-2 10.47.0.33>  Assoc success @ 23:58:32.346210: 00:9d:6b:ec:67:13: AP 10.45.81.87-38:17:c3:82:61:71-StuU201-AP345-1
Sep 16 23:58:32 RUP2103-2-A7280-2 stm[7160]: <501080> <7160> <NOTI> <RUP2103-2-A7280-2 10.47.0.33>  Deauth to sta: 00:9d:6b:ec:67:13: Ageout AP 10.45.81.48-38:17:c3:84:87:11-StuU231-AP345-1 STA has roamed to another AP
Sep 16 23:58:32 10.45.64.209 stm[1690]:  <501105> <NOTI> |AP AtkiG37B-AP345-1@10.45.64.209 stm|  Deauth from sta: 64:c7:53:6a:11:be: AP 10.45.64.209-90:4c:81:8b:ae:71-AtkiG37B-AP345-1 Reason STA has roamed to another AP
Sep 16 23:58:32 10.45.65.39 stm[1690]:  <501100> <NOTI> |AP AtkiG37A-AP345-1@10.45.65.39 stm|  Assoc success @ 23:58:32.019723: 64:c7:53:6a:11:be: AP 10.45.65.39-38:17:c3:82:dd:21-AtkiG37A-AP345-1
Sep 16 23:58:32 10.45.65.39 stm[1690]:  <501095> <NOTI> |AP AtkiG37A-AP345-1@10.45.65.39 stm|  Assoc request @ 23:58:32.016461: 64:c7:53:6a:11:be (SN 3606): AP 10.45.65.39-38:17:c3:82:dd:21-AtkiG37A-AP345-1
Sep 16 23:58:32 10.47.0.22 stm[1806]: <501100> <1806> <NOTI> < 10.47.0.22>  Assoc success @ 23:58:32.018033: 64:c7:53:6a:11:be: AP 10.45.65.39-38:17:c3:82:dd:21-AtkiG37A-AP345-1
Sep 16 23:58:32 10.47.0.22 stm[1806]: <501080> <1806> <NOTI> < 10.47.0.22>  Deauth to sta: 64:c7:53:6a:11:be: Ageout AP 10.45.64.209-90:4c:81:8b:ae:71-AtkiG37B-AP345-1 STA has roamed to another AP
Sep 16 23:58:32 10.45.65.39 stm[1690]:  <501093> <NOTI> |AP AtkiG37A-AP345-1@10.45.65.39 stm|  Auth success: 64:c7:53:6a:11:be: AP 10.45.65.39-38:17:c3:82:dd:21-AtkiG37A-AP345-1
Sep 16 23:58:31 10.44.4.50 stm[2105]:  <501080> <NOTI> |AP EXT-MilH200-AP275-1@10.44.4.50 stm|  Deauth to sta: 10:93:e9:38:29:44: Ageout AP 10.44.4.50-b4:5d:50:13:79:d1-EXT-MilH200-AP275-1 Sapcp Ageout (internal ageout) 
Sep 16 23:58:31 10.45.86.150 stm[2423]:  <501100> <NOTI> |AP CoEd051-AP325-1@10.45.86.150 stm|  Assoc success @ 23:58:31.956607: 34:ab:37:aa:d2:b0: AP 10.45.86.150-ac:a3:1e:58:4b:f1-CoEd051-AP325-1
Sep 16 23:58:31 10.45.86.150 stm[2423]:  <501095> <NOTI> |AP CoEd051-AP325-1@10.45.86.150 stm|  Assoc request @ 23:58:31.953546: 34:ab:37:aa:d2:b0 (SN 2056): AP 10.45.86.150-ac:a3:1e:58:4b:f1-CoEd051-AP325-1
Sep 16 23:58:31 10.47.0.22 stm[1806]: <501100> <1806> <NOTI> < 10.47.0.22>  Assoc success @ 23:58:31.958072: 34:ab:37:aa:d2:b0: AP 10.45.86.150-ac:a3:1e:58:4b:f1-CoEd051-AP325-1
Sep 16 23:58:31 10.45.86.150 stm[2423]:  <501093> <NOTI> |AP CoEd051-AP325-1@10.45.86.150 stm|  Auth success: 34:ab:37:aa:d2:b0: AP 10.45.86.150-ac:a3:1e:58:4b:f1-CoEd051-AP325-1
Sep 16 23:58:31 RUP2103-2-A7280-1 stm[2144]: <501100> <2144> <NOTI> <RUP2103-2-A7280-1 10.47.0.32>  Assoc success @ 23:58:31.798532: 24:f0:94:9a:da:81: AP 10.44.128.101-ac:a3:1e:5a:55:31-Robi220-AP325-1
Sep 16 23:58:31 AtkiG20-C5-A7280-2 stm[2085]: <501100> <2085> <NOTI> <AtkiG20-C5-A7280-2 10.47.0.23>  Assoc success @ 23:58:31.643914: 00:17:23:e2:08:52: AP 10.44.26.82-f0:5c:19:b9:0d:20-EXT-McCoC126-AP277-1
Sep 16 23:58:30 10.47.0.22 stm[1806]: <501100> <1806> <NOTI> < 10.47.0.22>  Assoc success @ 23:58:30.876614: 40:83:de:f6:d9:f9: AP 10.44.192.120-38:17:c3:82:de:70-Pros114-AP345-1
Sep 16 23:58:30 10.44.192.120 stm[1695]:  <501100> <NOTI> |AP Pros114-AP345-1@10.44.192.120 stm|  Assoc success @ 23:58:30.873760: 40:83:de:f6:d9:f9: AP 10.44.192.120-38:17:c3:82:de:70-Pros114-AP345-1
Sep 16 23:58:30 10.44.192.120 stm[1695]:  <501095> <NOTI> |AP Pros114-AP345-1@10.44.192.120 stm|  Assoc request @ 23:58:30.870477: 40:83:de:f6:d9:f9 (SN 51): AP 10.44.192.120-38:17:c3:82:de:70-Pros114-AP345-1
Sep 16 23:58:30 10.44.192.120 stm[1695]:  <501093> <NOTI> |AP Pros114-AP345-1@10.44.192.120 stm|  Auth success: 40:83:de:f6:d9:f9: AP 10.44.192.120-38:17:c3:82:de:70-Pros114-AP345-1
Sep 16 23:58:30 RUP2103-2-A7280-2 stm[7160]: <501100> <7160> <NOTI> <RUP2103-2-A7280-2 10.47.0.33>  Assoc success @ 23:58:30.515785: 00:80:92:68:92:7e: AP 10.44.6.60-b4:5d:50:13:75:40-EXT-Faci168-AP275-1
Sep 16 23:58:30 AtkiG20-C5-A7280-2 stm[2085]: <501100> <2085> <NOTI> <AtkiG20-C5-A7280-2 10.47.0.23>  Assoc success @ 23:58:30.506743: 00:17:23:e2:08:52: AP 10.44.26.82-f0:5c:19:b9:0d:20-EXT-McCoC126-AP277-1
Sep 16 23:58:30 10.44.134.254 stm[4959]:  <501100> <NOTI> |AP Colv5COR2-AP325-1@10.44.134.254 stm|  Assoc success @ 23:58:30.366255: 90:cd:b6:2b:6e:48: AP 10.44.134.254-40:e3:d6:54:f6:62-Colv5COR2-AP325-1
Sep 16 23:58:30 10.47.0.22 stm[1806]: <501100> <1806> <NOTI> < 10.47.0.22>  Assoc success @ 23:58:30.368943: 90:cd:b6:2b:6e:48: AP 10.44.134.254-40:e3:d6:54:f6:62-Colv5COR2-AP325-1
Sep 16 23:58:30 10.44.134.254 stm[4959]:  <501095> <NOTI> |AP Colv5COR2-AP325-1@10.44.134.254 stm|  Assoc request @ 23:58:30.363006: 90:cd:b6:2b:6e:48 (SN 2056): AP 10.44.134.254-40:e3:d6:54:f6:62-Colv5COR2-AP325-1
Sep 16 23:58:30 10.44.134.254 stm[4959]:  <501093> <NOTI> |AP Colv5COR2-AP325-1@10.44.134.254 stm|  Auth success: 90:cd:b6:2b:6e:48: AP 10.44.134.254-40:e3:d6:54:f6:62-Colv5COR2-AP325-1
Sep 16 23:58:30 10.47.0.22 stm[1806]: <501100> <1806> <NOTI> < 10.47.0.22>  Assoc success @ 23:58:30.031931: dc:bf:e9:e1:19:ba: AP 10.44.130.213-b4:5d:50:13:72:91-EXT-Stor101G-AP275-1
Sep 16 23:58:30 10.45.10.71 stm[1701]:  <501105> <NOTI> |AP Gari240-AP345-1@10.45.10.71 stm|  Deauth from sta: dc:bf:e9:e1:19:ba: AP 10.45.10.71-90:4c:81:8b:fc:01-Gari240-AP345-1 Reason STA has roamed to another AP
Sep 16 23:58:30 10.44.130.213 stm[3925]:  <501100> <NOTI> |AP EXT-Stor101G-AP275-1@10.44.130.213 stm|  Assoc success @ 23:58:30.023740: dc:bf:e9:e1:19:ba: AP 10.44.130.213-b4:5d:50:13:72:91-EXT-Stor101G-AP275-1
Sep 16 23:58:30 10.47.0.22 stm[1806]: <501080> <1806> <NOTI> < 10.47.0.22>  Deauth to sta: dc:bf:e9:e1:19:ba: Ageout AP 10.45.10.71-90:4c:81:8b:fc:01-Gari240-AP345-1 STA has roamed to another AP
Sep 16 23:58:30 10.44.130.213 stm[3925]:  <501095> <NOTI> |AP EXT-Stor101G-AP275-1@10.44.130.213 stm|  Assoc request @ 23:58:30.016769: dc:bf:e9:e1:19:ba (SN 2431): AP 10.44.130.213-b4:5d:50:13:72:91-EXT-Stor101G-AP275-1
Sep 16 23:58:30 10.44.134.210 stm[4003]:  <501105> <NOTI> |AP Colv5021-AP325-1@10.44.134.210 stm|  Deauth from sta: 90:cd:b6:2b:6e:48: AP 10.44.134.210-40:e3:d6:52:44:c2-Colv5021-AP325-1 Reason Ptk Challenge Failed
Sep 16 23:58:30 10.47.0.22 stm[1806]: <501080> <3789> <NOTI> < 10.47.0.22>  Deauth to sta: 90:cd:b6:2b:6e:48: Ageout AP 10.44.134.210-40:e3:d6:52:44:c2-Colv5021-AP325-1 Ptk Challenge Failed
Sep 16 23:58:30 10.47.0.22 stm[1806]: <501106> <3789> <NOTI> < 10.47.0.22>  Deauth to sta: 90:cd:b6:2b:6e:48: Ageout AP 10.44.134.210-40:e3:d6:52:44:c2-Colv5021-AP325-1 wifi_deauth_sta
Sep 16 23:58:29 10.44.130.213 stm[3925]:  <501093> <NOTI> |AP EXT-Stor101G-AP275-1@10.44.130.213 stm|  Auth success: dc:bf:e9:e1:19:ba: AP 10.44.130.213-b4:5d:50:13:72:91-EXT-Stor101G-AP275-1
Sep 16 23:58:29 RUP2103-2-A7280-1 stm[2144]: <501100> <2144> <NOTI> <RUP2103-2-A7280-1 10.47.0.32>  Assoc success @ 23:58:29.795187: f8:e9:4e:95:0d:81: AP 10.44.28.23-b4:5d:50:13:79:31-EXT-BelH201-AP275-1
Sep 16 23:58:29 10.44.134.236 stm[4650]:  <501100> <NOTI> |AP Colv2102-AP325-1@10.44.134.236 stm|  Assoc success @ 23:58:29.721132: 90:cd:b6:13:87:89: AP 10.44.134.236-40:e3:d6:51:c0:c2-Colv2102-AP325-1
Sep 16 23:58:29 10.47.0.22 stm[1806]: <501100> <1806> <NOTI> < 10.47.0.22>  Assoc success @ 23:58:29.723223: 90:cd:b6:13:87:89: AP 10.44.134.236-40:e3:d6:51:c0:c2-Colv2102-AP325-1
Sep 16 23:58:29 10.44.134.236 stm[4650]:  <501095> <NOTI> |AP Colv2102-AP325-1@10.44.134.236 stm|  Assoc request @ 23:58:29.717102: 90:cd:b6:13:87:89 (SN 2056): AP 10.44.134.236-40:e3:d6:51:c0:c2-Colv2102-AP325-1
Sep 16 23:58:29 10.44.134.236 stm[4650]:  <501093> <NOTI> |AP Colv2102-AP325-1@10.44.134.236 stm|  Auth success: 90:cd:b6:13:87:89: AP 10.44.134.236-40:e3:d6:51:c0:c2-Colv2102-AP325-1
Sep 16 23:58:29 10.44.134.236 stm[4650]:  <501105> <NOTI> |AP Colv2102-AP325-1@10.44.134.236 stm|  Deauth from sta: 90:cd:b6:13:87:89: AP 10.44.134.236-40:e3:d6:51:c0:c2-Colv2102-AP325-1 Reason Ptk Challenge Failed
Sep 16 23:58:29 10.47.0.22 stm[1806]: <501080> <3789> <NOTI> < 10.47.0.22>  Deauth to sta: 90:cd:b6:13:87:89: Ageout AP 10.44.134.236-40:e3:d6:51:c0:c2-Colv2102-AP325-1 Ptk Challenge Failed
Sep 16 23:58:29 10.47.0.22 stm[1806]: <501106> <3789> <NOTI> < 10.47.0.22>  Deauth to sta: 90:cd:b6:13:87:89: Ageout AP 10.44.134.236-40:e3:d6:51:c0:c2-Colv2102-AP325-1 wifi_deauth_sta
Sep 16 23:58:29 RUP2103-2-A7280-1 stm[2144]: <501100> <2144> <NOTI> <RUP2103-2-A7280-1 10.47.0.32>  Assoc success @ 23:58:29.233473: 88:e9:fe:84:02:e5: AP 10.45.4.92-b4:5d:50:13:79:91-EXT-Cato111-AP275-1
Sep 16 23:58:29 RUP2103-2-A7280-1 stm[2144]: <501080> <2144> <NOTI> <RUP2103-2-A7280-1 10.47.0.32>  Deauth to sta: 88:e9:fe:84:02:e5: Ageout AP 10.45.2.144-b4:5d:50:13:4b:11-EXT-Fret100-AP275-1 STA has roamed to another AP
Sep 16 23:58:29 RUP2103-2-A7280-2 stm[7160]: <501100> <7160> <NOTI> <RUP2103-2-A7280-2 10.47.0.33>  Assoc success @ 23:58:29.162924: 54:33:cb:be:69:e4: AP 10.44.80.229-f0:5c:19:b9:11:11-EXT-Levi113-AP277-1
Sep 16 23:58:29 RUP2103-2-A7280-2 stm[7160]: <501080> <7160> <NOTI> <RUP2103-2-A7280-2 10.47.0.33>  Deauth to sta: 54:33:cb:be:69:e4: Ageout AP 10.44.134.184-48:4a:e9:d5:d3:31-EXT-Colv1017B-AP375-1 STA has roamed to another AP
Sep 16 23:58:28 RUP2103-2-A7280-1 stm[2144]: <501100> <2144> <NOTI> <RUP2103-2-A7280-1 10.47.0.32>  Assoc success @ 23:58:28.785953: 48:e9:f1:23:48:11: AP 10.44.136.220-90:4c:81:8c:2e:b2-Gage114-AP345-1
Sep 16 23:58:28 AtkiG20-C5-A7280-2 stm[2085]: <501100> <2085> <NOTI> <AtkiG20-C5-A7280-2 10.47.0.23>  Assoc success @ 23:58:28.671866: 00:17:23:e2:08:52: AP 10.44.26.82-f0:5c:19:b9:0d:20-EXT-McCoC126-AP277-1
Sep 16 23:58:28 RUP2103-2-A7280-2 stm[7160]: <501100> <7160> <NOTI> <RUP2103-2-A7280-2 10.47.0.33>  Assoc success @ 23:58:28.614865: ec:2c:e2:14:a1:2e: AP 10.44.255.29-b4:5d:50:13:80:21-EXT-McMi013-AP275-1
Sep 16 23:58:28 RUP2103-2-A7280-2 stm[7160]: <501080> <7160> <NOTI> <RUP2103-2-A7280-2 10.47.0.33>  Deauth to sta: ec:2c:e2:14:a1:2e: Ageout AP 10.44.198.27-b4:5d:50:13:32:61-EXT-Auxi114-AP275-1 STA has roamed to another AP
Sep 16 23:58:28 RUP2103-2-A7280-1 stm[2144]: <501100> <2144> <NOTI> <RUP2103-2-A7280-1 10.47.0.32>  Assoc success @ 23:58:28.516369: b8:d7:af:13:d1:f6: AP 10.45.66.87-70:3a:0e:4f:53:f0-StuA-AP335-FC-West
Sep 16 23:58:28 RUP2103-2-A7280-1 stm[2144]: <501080> <2144> <NOTI> <RUP2103-2-A7280-1 10.47.0.32>  Deauth to sta: b8:d7:af:13:d1:f6: Ageout AP 10.45.66.92-f0:5c:19:b8:44:90-EXT-StuA-Ticket-AP275-North STA has roamed to another AP
Sep 16 23:58:28 RUP2103-2-A7280-1 stm[2144]: <501100> <2144> <NOTI> <RUP2103-2-A7280-1 10.47.0.32>  Assoc success @ 23:58:28.326161: e8:36:17:6f:87:2c: AP 10.45.64.209-90:4c:81:8b:ae:61-AtkiG37B-AP345-1
Sep 16 23:58:28 RUP2103-2-A7280-1 stm[2144]: <501080> <2144> <NOTI> <RUP2103-2-A7280-1 10.47.0.32>  Deauth to sta: e8:36:17:6f:87:2c: Ageout AP 10.45.64.153-38:17:c3:84:5e:41-Atki125-AP345-3 STA has roamed to another AP
Sep 16 23:58:27 RUP2103-2-A7280-1 stm[2144]: <501100> <2144> <NOTI> <RUP2103-2-A7280-1 10.47.0.32>  Assoc success @ 23:58:27.764250: ec:2c:e2:c9:fa:f9: AP 10.45.66.84-70:3a:0e:53:05:90-StuA-AP335-FC-East
Sep 16 23:58:27 RUP2103-2-A7280-1 stm[2144]: <501080> <2144> <NOTI> <RUP2103-2-A7280-1 10.47.0.32>  Deauth to sta: ec:2c:e2:c9:fa:f9: Ageout AP 10.45.66.92-f0:5c:19:b8:44:90-EXT-StuA-Ticket-AP275-North STA has roamed to another AP
Sep 16 23:58:27 AtkiG20-C5-A7280-2 stm[2085]: <501100> <2085> <NOTI> <AtkiG20-C5-A7280-2 10.47.0.23>  Assoc success @ 23:58:27.524974: 00:17:23:e2:08:52: AP 10.44.26.82-f0:5c:19:b9:0d:20-EXT-McCoC126-AP277-1
Sep 16 23:58:27 RUP2103-2-A7280-1 stm[2144]: <501100> <2144> <NOTI> <RUP2103-2-A7280-1 10.47.0.32>  Assoc success @ 23:58:27.052704: 24:f0:94:9a:da:81: AP 10.44.128.101-ac:a3:1e:5a:55:21-Robi220-AP325-1
Sep 16 23:58:26 RUP2103-2-A7280-2 stm[7160]: <501100> <7160> <NOTI> <RUP2103-2-A7280-2 10.47.0.33>  Assoc success @ 23:58:26.605775: 00:80:92:68:92:7e: AP 10.44.56.41-b4:5d:50:13:2d:40-EXT-JBui100B-AP275-1
Sep 16 23:58:26 RUP2103-2-A7280-2 stm[7160]: <501100> <7160> <NOTI> <RUP2103-2-A7280-2 10.47.0.33>  Assoc success @ 23:58:26.600963: 34:08:bc:d6:1d:5c: AP 10.44.134.219-94:b4:0f:2f:1b:90-EXT-Colv1053A-AP275-1
Sep 16 23:58:26 RUP2103-2-A7280-2 stm[7160]: <501080> <7160> <NOTI> <RUP2103-2-A7280-2 10.47.0.33>  Deauth to sta: 34:08:bc:d6:1d:5c: Ageout AP 10.45.14.112-b4:5d:50:13:79:00-EXT-Winn103C-AP275-1 STA has roamed to another AP
Sep 16 23:58:26 10.44.78.174 stm[2105]:  <501105> <NOTI> |AP EXT-SVDH222-AP275-1@10.44.78.174 stm|  Deauth from sta: d8:8f:76:46:b0:cd: AP 10.44.78.174-94:b4:0f:2f:c8:21-EXT-SVDH222-AP275-1 Reason STA has roamed to another AP
Sep 16 23:58:26 10.44.125.27 stm[2105]:  <501100> <NOTI> |AP EXT-HunH138-AP275-1@10.44.125.27 stm|  Assoc success @ 23:58:26.456704: d8:8f:76:46:b0:cd: AP 10.44.125.27-b4:5d:50:13:76:f1-EXT-HunH138-AP275-1
Sep 16 23:58:26 10.47.0.22 stm[1806]: <501100> <1806> <NOTI> < 10.47.0.22>  Assoc success @ 23:58:26.459928: d8:8f:76:46:b0:cd: AP 10.44.125.27-b4:5d:50:13:76:f1-EXT-HunH138-AP275-1
Sep 16 23:58:26 10.47.0.22 stm[1806]: <501080> <1806> <NOTI> < 10.47.0.22>  Deauth to sta: d8:8f:76:46:b0:cd: Ageout AP 10.44.78.174-94:b4:0f:2f:c8:21-EXT-SVDH222-AP275-1 STA has roamed to another AP
Sep 16 23:58:26 10.44.125.27 stm[2105]:  <501095> <NOTI> |AP EXT-HunH138-AP275-1@10.44.125.27 stm|  Assoc request @ 23:58:26.449840: d8:8f:76:46:b0:cd (SN 622): AP 10.44.125.27-b4:5d:50:13:76:f1-EXT-HunH138-AP275-1
Sep 16 23:58:26 10.44.125.27 stm[2105]:  <501093> <NOTI> |AP EXT-HunH138-AP275-1@10.44.125.27 stm|  Auth success: d8:8f:76:46:b0:cd: AP 10.44.125.27-b4:5d:50:13:76:f1-EXT-HunH138-AP275-1
Sep 16 23:58:26 AtkiG20-C5-A7280-2 stm[2085]: <501100> <2085> <NOTI> <AtkiG20-C5-A7280-2 10.47.0.23>  Assoc success @ 23:58:26.310306: 00:17:23:e2:08:52: AP 10.44.26.82-f0:5c:19:b9:0d:20-EXT-McCoC126-AP277-1
Sep 16 23:58:26 10.44.212.218 stm[2110]:  <501100> <NOTI> |AP EXT-FOPS125A-AP275-1@10.44.212.218 stm|  Assoc success @ 23:58:26.157150: 58:e6:ba:48:27:49: AP 10.44.212.218-c8:b5:ad:ba:39:41-EXT-FOPS125A-AP275-1
Sep 16 23:58:26 10.44.212.218 stm[2110]:  <501080> <NOTI> |AP EXT-FOPS125A-AP275-1@10.44.212.218 stm|  Deauth to sta: 58:e6:ba:48:27:49: Ageout AP 10.44.212.218-c8:b5:ad:ba:39:51-EXT-FOPS125A-AP275-1 STA has roamed to another AP
Sep 16 23:58:26 10.47.0.22 stm[1806]: <501100> <1806> <NOTI> < 10.47.0.22>  Assoc success @ 23:58:26.158335: 58:e6:ba:48:27:49: AP 10.44.212.218-c8:b5:ad:ba:39:41-EXT-FOPS125A-AP275-1
Sep 16 23:58:26 10.44.212.218 stm[2110]:  <501095> <NOTI> |AP EXT-FOPS125A-AP275-1@10.44.212.218 stm|  Assoc request @ 23:58:26.147004: 58:e6:ba:48:27:49 (SN 1135): AP 10.44.212.218-c8:b5:ad:ba:39:41-EXT-FOPS125A-AP275-1
Sep 16 23:58:26 10.44.212.218 stm[2110]:  <501093> <NOTI> |AP EXT-FOPS125A-AP275-1@10.44.212.218 stm|  Auth success: 58:e6:ba:48:27:49: AP 10.44.212.218-c8:b5:ad:ba:39:41-EXT-FOPS125A-AP275-1
Sep 16 23:58:25 10.44.134.210 stm[4003]:  <501100> <NOTI> |AP Colv5021-AP325-1@10.44.134.210 stm|  Assoc success @ 23:58:25.819200: 90:cd:b6:2b:6e:48: AP 10.44.134.210-40:e3:d6:52:44:c2-Colv5021-AP325-1
Sep 16 23:58:25 RUP2103-2-A7280-1 stm[2144]: <501100> <2144> <NOTI> <RUP2103-2-A7280-1 10.47.0.32>  Assoc success @ 23:58:25.824263: 90:e1:7b:5e:70:66: AP 10.44.72.179-b4:5d:50:13:78:e0-EXT-Cone163-AP275-1
Sep 16 23:58:25 10.47.0.22 stm[1806]: <501100> <1806> <NOTI> < 10.47.0.22>  Assoc success @ 23:58:25.823238: 90:cd:b6:2b:6e:48: AP 10.44.134.210-40:e3:d6:52:44:c2-Colv5021-AP325-1
Sep 16 23:58:25 RUP2103-2-A7280-1 stm[2144]: <501080> <2144> <NOTI> <RUP2103-2-A7280-1 10.47.0.32>  Deauth to sta: 90:e1:7b:5e:70:66: Ageout AP 10.45.66.92-f0:5c:19:b8:44:90-EXT-StuA-Ticket-AP275-North STA has roamed to another AP
Sep 16 23:58:25 10.44.134.210 stm[4003]:  <501095> <NOTI> |AP Colv5021-AP325-1@10.44.134.210 stm|  Assoc request @ 23:58:25.816264: 90:cd:b6:2b:6e:48 (SN 0): AP 10.44.134.210-40:e3:d6:52:44:c2-Colv5021-AP325-1
Sep 16 23:58:25 10.44.134.210 stm[4003]:  <501093> <NOTI> |AP Colv5021-AP325-1@10.44.134.210 stm|  Auth success: 90:cd:b6:2b:6e:48: AP 10.44.134.210-40:e3:d6:52:44:c2-Colv5021-AP325-1
Sep 16 23:58:25 10.44.64.109 stm[2107]:  <501105> <NOTI> |AP EXT-King104-AP275-1@10.44.64.109 stm|  Deauth from sta: 90:cd:b6:2b:6e:48: AP 10.44.64.109-b4:5d:50:13:2b:a3-EXT-King104-AP275-1 Reason Ptk Challenge Failed
Sep 16 23:58:25 10.47.0.22 stm[1806]: <501080> <3789> <NOTI> < 10.47.0.22>  Deauth to sta: 90:cd:b6:2b:6e:48: Ageout AP 10.44.64.109-b4:5d:50:13:2b:a3-EXT-King104-AP275-1 Ptk Challenge Failed
Sep 16 23:58:25 10.47.0.22 stm[1806]: <501106> <3789> <NOTI> < 10.47.0.22>  Deauth to sta: 90:cd:b6:2b:6e:48: Ageout AP 10.44.64.109-b4:5d:50:13:2b:a3-EXT-King104-AP275-1 wifi_deauth_sta
Sep 16 23:58:25 10.44.192.120 stm[1695]:  <501100> <NOTI> |AP Pros114-AP345-1@10.44.192.120 stm|  Assoc success @ 23:58:25.241376: 40:83:de:f6:d9:f9: AP 10.44.192.120-38:17:c3:82:de:70-Pros114-AP345-1
Sep 16 23:58:25 10.47.0.22 stm[1806]: <501100> <1806> <NOTI> < 10.47.0.22>  Assoc success @ 23:58:25.241735: 40:83:de:f6:d9:f9: AP 10.44.192.120-38:17:c3:82:de:70-Pros114-AP345-1
Sep 16 23:58:25 10.44.192.120 stm[1695]:  <501095> <NOTI> |AP Pros114-AP345-1@10.44.192.120 stm|  Assoc request @ 23:58:25.238142: 40:83:de:f6:d9:f9 (SN 3873): AP 10.44.192.120-38:17:c3:82:de:70-Pros114-AP345-1
Sep 16 23:58:25 10.44.192.120 stm[1695]:  <501093> <NOTI> |AP Pros114-AP345-1@10.44.192.120 stm|  Auth success: 40:83:de:f6:d9:f9: AP 10.44.192.120-38:17:c3:82:de:70-Pros114-AP345-1
Sep 16 23:58:25 10.47.0.22 stm[1806]: <501100> <1806> <NOTI> < 10.47.0.22>  Assoc success @ 23:58:25.117743: 90:cd:b6:13:87:89: AP 10.44.134.236-40:e3:d6:51:c0:c2-Colv2102-AP325-1
Sep 16 23:58:25 10.47.194.193 stm[2422]:  <501105> <NOTI> |AP CenC050-AP325-2@10.47.194.193 stm|  Deauth from sta: 60:14:66:01:e5:96: AP 10.47.194.193-ac:a3:1e:5a:ae:01-CenC050-AP325-2 Reason STA has roamed to another AP
Sep 16 23:58:25 10.47.0.22 stm[1806]: <501100> <1806> <NOTI> < 10.47.0.22>  Assoc success @ 23:58:25.113114: 60:14:66:01:e5:96: AP 10.47.194.220-84:d4:7e:68:a8:a1-CenC002-AP324-1
Sep 16 23:58:25 10.44.134.236 stm[4650]:  <501100> <NOTI> |AP Colv2102-AP325-1@10.44.134.236 stm|  Assoc success @ 23:58:25.108168: 90:cd:b6:13:87:89: AP 10.44.134.236-40:e3:d6:51:c0:c2-Colv2102-AP325-1
Sep 16 23:58:25 10.47.0.22 stm[1806]: <501080> <1806> <NOTI> < 10.47.0.22>  Deauth to sta: 60:14:66:01:e5:96: Ageout AP 10.47.194.193-ac:a3:1e:5a:ae:01-CenC050-AP325-2 STA has roamed to another AP
Sep 16 23:58:25 10.44.134.236 stm[4650]:  <501095> <NOTI> |AP Colv2102-AP325-1@10.44.134.236 stm|  Assoc request @ 23:58:25.103263: 90:cd:b6:13:87:89 (SN 2056): AP 10.44.134.236-40:e3:d6:51:c0:c2-Colv2102-AP325-1
Sep 16 23:58:25 10.44.134.236 stm[4650]:  <501093> <NOTI> |AP Colv2102-AP325-1@10.44.134.236 stm|  Auth success: 90:cd:b6:13:87:89: AP 10.44.134.236-40:e3:d6:51:c0:c2-Colv2102-AP325-1
Sep 16 23:58:25 10.47.194.220 stm[2433]:  <501100> <NOTI> |AP CenC002-AP324-1@10.47.194.220 stm|  Assoc success @ 23:58:25.068099: 60:14:66:01:e5:96: AP 10.47.194.220-84:d4:7e:68:a8:a1-CenC002-AP324-1
Sep 16 23:58:25 10.47.194.220 stm[2433]:  <501095> <NOTI> |AP CenC002-AP324-1@10.47.194.220 stm|  Assoc request @ 23:58:25.064975: 60:14:66:01:e5:96 (SN 1268): AP 10.47.194.220-84:d4:7e:68:a8:a1-CenC002-AP324-1
Sep 16 23:58:24 RUP2103-2-A7280-1 stm[2144]: <501100> <2144> <NOTI> <RUP2103-2-A7280-1 10.47.0.32>  Assoc success @ 23:58:24.923374: 68:ab:1e:9c:08:7a: AP 10.45.4.92-b4:5d:50:13:79:90-EXT-Cato111-AP275-1
Sep 16 23:58:24 RUP2103-2-A7280-1 stm[2144]: <501080> <2144> <NOTI> <RUP2103-2-A7280-1 10.47.0.32>  Deauth to sta: 68:ab:1e:9c:08:7a: Ageout AP 10.45.2.93-94:b4:0f:2f:1d:30-EXT-Fret109-AP275-1 STA has roamed to another AP
Sep 16 23:58:24 10.47.194.220 stm[2433]:  <501093> <NOTI> |AP CenC002-AP324-1@10.47.194.220 stm|  Auth success: 60:14:66:01:e5:96: AP 10.47.194.220-84:d4:7e:68:a8:a1-CenC002-AP324-1
Sep 16 23:58:24 AtkiG20-C5-A7280-2 stm[2085]: <501100> <2085> <NOTI> <AtkiG20-C5-A7280-2 10.47.0.23>  Assoc success @ 23:58:24.829781: 00:9d:6b:e0:be:0b: AP 10.44.15.135-ac:a3:1e:5a:70:d1-EPIC1282-AP325-1
Sep 16 23:58:24 AtkiG20-C5-A7280-2 stm[2085]: <501080> <2085> <NOTI> <AtkiG20-C5-A7280-2 10.47.0.23>  Deauth to sta: 00:9d:6b:e0:be:0b: Ageout AP 10.44.15.150-ac:a3:1e:5a:5f:11-EPIC1225-AP325-1 STA has roamed to another AP
Sep 16 23:58:24 10.44.134.236 stm[4650]:  <501105> <NOTI> |AP Colv2102-AP325-1@10.44.134.236 stm|  Deauth from sta: 90:cd:b6:13:87:89: AP 10.44.134.236-40:e3:d6:51:c0:c2-Colv2102-AP325-1 Reason Ptk Challenge Failed
Sep 16 23:58:24 10.47.0.22 stm[1806]: <501080> <3789> <NOTI> < 10.47.0.22>  Deauth to sta: 90:cd:b6:13:87:89: Ageout AP 10.44.134.236-40:e3:d6:51:c0:c2-Colv2102-AP325-1 Ptk Challenge Failed
Sep 16 23:58:24 10.47.0.22 stm[1806]: <501106> <3789> <NOTI> < 10.47.0.22>  Deauth to sta: 90:cd:b6:13:87:89: Ageout AP 10.44.134.236-40:e3:d6:51:c0:c2-Colv2102-AP325-1 wifi_deauth_sta
Sep 16 23:58:24 AtkiG20-C5-A7280-2 stm[2085]: <501100> <2085> <NOTI> <AtkiG20-C5-A7280-2 10.47.0.23>  Assoc success @ 23:58:24.474110: ac:5f:3e:2d:2e:6a: AP 10.45.4.100-94:b4:0f:2d:6b:61-EXT-Cato142A-AP277-1
Sep 16 23:58:24 AtkiG20-C5-A7280-2 stm[2085]: <501080> <2085> <NOTI> <AtkiG20-C5-A7280-2 10.47.0.23>  Deauth to sta: ac:5f:3e:2d:2e:6a: Ageout AP 10.45.2.147-b4:5d:50:13:87:b1-EXT-Fret235D-AP275-1 STA has roamed to another AP
Sep 16 23:58:24 AtkiG20-C5-A7280-2 stm[2085]: <501100> <2085> <NOTI> <AtkiG20-C5-A7280-2 10.47.0.23>  Assoc success @ 23:58:24.461465: 00:17:23:e2:08:52: AP 10.44.26.82-f0:5c:19:b9:0d:20-EXT-McCoC126-AP277-1
Sep 16 23:58:24 AtkiG20-C5-A7280-2 stm[2085]: <501100> <2085> <NOTI> <AtkiG20-C5-A7280-2 10.47.0.23>  Assoc success @ 23:58:24.095692: cc:2d:b7:c9:a6:53: AP 10.44.18.173-a8:bd:27:e3:c2:d1-Duke244-AP335-1
Sep 16 23:58:24 10.44.84.244 stm[4624]:  <501080> <NOTI> |AP Foun205-AP325-1@10.44.84.244 stm|  Deauth to sta: 00:80:92:dc:35:bd: Ageout AP 10.44.84.244-40:e3:d6:4f:b3:20-Foun205-AP325-1 Sapcp Ageout (internal ageout) 
Sep 16 23:58:24 10.44.84.244 stm[4624]:  <501106> <NOTI> |AP Foun205-AP325-1@10.44.84.244 stm|  Deauth to sta: 00:80:92:dc:35:bd: Ageout AP 10.44.84.244-40:e3:d6:4f:b3:20-Foun205-AP325-1 handle_sapcp
Sep 16 23:58:24 10.44.84.236 stm[4622]:  <501106> <NOTI> |AP Foun206A-AP325-1@10.44.84.236 stm|  Deauth to sta: 00:80:92:dc:35:bd: Ageout AP 10.44.84.236-40:e3:d6:52:aa:e0-Foun206A-AP325-1 handle_sapcp
Sep 16 23:58:23 RUP2103-2-A7280-1 stm[2144]: <501100> <2144> <NOTI> <RUP2103-2-A7280-1 10.47.0.32>  Assoc success @ 23:58:23.547349: fc:2a:9c:af:a7:41: AP 10.45.65.39-38:17:c3:82:dd:21-AtkiG37A-AP345-1
Sep 16 23:58:23 RUP2103-2-A7280-1 stm[2144]: <501080> <2144> <NOTI> <RUP2103-2-A7280-1 10.47.0.32>  Deauth to sta: fc:2a:9c:af:a7:41: Ageout AP 10.45.64.153-38:17:c3:84:5e:41-Atki125-AP345-3 STA has roamed to another AP
Sep 16 23:58:23 AtkiG20-C5-A7280-2 stm[2085]: <501100> <2085> <NOTI> <AtkiG20-C5-A7280-2 10.47.0.23>  Assoc success @ 23:58:23.529084: f8:da:0c:49:7a:de: AP 10.44.72.189-ac:a3:1e:54:21:c0-Cone380B-AP325-1
Sep 16 23:58:23 RUP2103-2-A7280-2 stm[7160]: <501100> <7160> <NOTI> <RUP2103-2-A7280-2 10.47.0.33>  Assoc success @ 23:58:23.414206: 24:f0:94:2d:e2:57: AP 10.44.20.53-b4:5d:50:13:74:f1-EXT-MSII113-AP275-1
Sep 16 23:58:23 RUP2103-2-A7280-2 stm[7160]: <501080> <7160> <NOTI> <RUP2103-2-A7280-2 10.47.0.33>  Deauth to sta: 24:f0:94:2d:e2:57: Ageout AP 10.44.18.140-b4:5d:50:13:2a:51-EXT-Duke106A-AP275-1 STA has roamed to another AP
Sep 16 23:58:23 RUP2103-2-A7280-1 stm[2144]: <501100> <2144> <NOTI> <RUP2103-2-A7280-1 10.47.0.32>  Assoc success @ 23:58:23.372175: c8:3c:85:d0:dd:9f: AP 10.44.134.178-48:4a:e9:d5:42:b1-EXT-Colv2212-AP375-1
Sep 16 23:58:23 RUP2103-2-A7280-1 stm[2144]: <501080> <2144> <NOTI> <RUP2103-2-A7280-1 10.47.0.32>  Deauth to sta: c8:3c:85:d0:dd:9f: Ageout AP 10.44.134.184-48:4a:e9:d5:d3:31-EXT-Colv1017B-AP375-1 STA has roamed to another AP
Sep 16 23:58:23 AtkiG20-C5-A7280-2 stm[2085]: <501080> <5061> <NOTI> <AtkiG20-C5-A7280-2 10.47.0.23>  Deauth to sta: f8:da:0c:49:7a:de: Ageout AP 10.44.72.189-ac:a3:1e:54:21:c0-Cone380B-AP325-1 APAE Disconnect
Sep 16 23:58:23 AtkiG20-C5-A7280-2 stm[2085]: <501106> <5061> <NOTI> <AtkiG20-C5-A7280-2 10.47.0.23>  Deauth to sta: f8:da:0c:49:7a:de: Ageout AP 10.44.72.189-ac:a3:1e:54:21:c0-Cone380B-AP325-1 wifi_deauth_sta
Sep 16 23:58:23 10.44.84.242 stm[2422]:  <501080> <NOTI> |AP Foun104-AP325-1@10.44.84.242 stm|  Deauth to sta: 00:80:92:dc:35:bd: Ageout AP 10.44.84.242-40:e3:d6:54:f7:c0-Foun104-AP325-1 Sapcp Ageout (internal ageout) 
Sep 16 23:58:23 10.44.84.242 stm[2422]:  <501106> <NOTI> |AP Foun104-AP325-1@10.44.84.242 stm|  Deauth to sta: 00:80:92:dc:35:bd: Ageout AP 10.44.84.242-40:e3:d6:54:f7:c0-Foun104-AP325-1 handle_sapcp
Sep 16 23:58:23 10.44.15.185 stm[2423]:  <501100> <NOTI> |AP EPIC2218-AP325-1@10.44.15.185 stm|  Assoc success @ 23:58:23.111731: b8:8a:60:5c:ef:59: AP 10.44.15.185-ac:a3:1e:5a:65:51-EPIC2218-AP325-1
Sep 16 23:58:23 10.47.0.22 stm[1806]: <501100> <1806> <NOTI> < 10.47.0.22>  Assoc success @ 23:58:23.112993: b8:8a:60:5c:ef:59: AP 10.44.15.185-ac:a3:1e:5a:65:51-EPIC2218-AP325-1
Sep 16 23:58:23 10.44.15.185 stm[2423]:  <501095> <NOTI> |AP EPIC2218-AP325-1@10.44.15.185 stm|  Assoc request @ 23:58:23.107670: b8:8a:60:5c:ef:59 (SN 0): AP 10.44.15.185-ac:a3:1e:5a:65:51-EPIC2218-AP325-1
Sep 16 23:58:23 10.44.15.185 stm[2423]:  <501093> <NOTI> |AP EPIC2218-AP325-1@10.44.15.185 stm|  Auth success: b8:8a:60:5c:ef:59: AP 10.44.15.185-ac:a3:1e:5a:65:51-EPIC2218-AP325-1
Sep 16 23:58:23 10.44.130.206 stm[1101]:  <501100> <NOTI> |AP Stor165-AP335-1@10.44.130.206 stm|  Assoc success @ 23:58:23.038721: ec:2c:e2:0a:9d:a1: AP 10.44.130.206-70:3a:0e:52:fb:01-Stor165-AP335-1
Sep 16 23:58:23 10.47.0.22 stm[1806]: <501100> <1806> <NOTI> < 10.47.0.22>  Assoc success @ 23:58:23.042402: ec:2c:e2:0a:9d:a1: AP 10.44.130.206-70:3a:0e:52:fb:01-Stor165-AP335-1
Sep 16 23:58:23 10.44.130.206 stm[1101]:  <501080> <NOTI> |AP Stor165-AP335-1@10.44.130.206 stm|  Deauth to sta: ec:2c:e2:0a:9d:a1: Ageout AP 10.44.130.206-70:3a:0e:52:fb:11-Stor165-AP335-1 STA has roamed to another AP
Sep 16 23:58:23 10.44.130.206 stm[1101]:  <501095> <NOTI> |AP Stor165-AP335-1@10.44.130.206 stm|  Assoc request @ 23:58:23.029509: ec:2c:e2:0a:9d:a1 (SN 806): AP 10.44.130.206-70:3a:0e:52:fb:01-Stor165-AP335-1
Sep 16 23:58:23 10.44.130.206 stm[1101]:  <501093> <NOTI> |AP Stor165-AP335-1@10.44.130.206 stm|  Auth success: ec:2c:e2:0a:9d:a1: AP 10.44.130.206-70:3a:0e:52:fb:01-Stor165-AP335-1
Sep 16 23:58:22 10.44.84.237 stm[2770]:  <501106> <NOTI> |AP Foun202-AP325-1@10.44.84.237 stm|  Deauth to sta: 00:80:92:dc:35:bd: Ageout AP 10.44.84.237-ac:a3:1e:54:1e:a0-Foun202-AP325-1 handle_sapcp
Sep 16 23:58:22 10.44.84.235 stm[3381]:  <501080> <NOTI> |AP Foun112-AP325-1@10.44.84.235 stm|  Deauth to sta: 00:80:92:dc:35:bd: Ageout AP 10.44.84.235-ac:a3:1e:58:50:80-Foun112-AP325-1 Denied; STA Blacklisted
Sep 16 23:58:22 10.44.84.235 stm[3381]:  <501100> <NOTI> |AP Foun112-AP325-1@10.44.84.235 stm|  Assoc success @ 23:58:22.743540: 00:80:92:dc:35:bd: AP 10.44.84.235-ac:a3:1e:58:50:80-Foun112-AP325-1
Sep 16 23:58:22 10.44.84.235 stm[3381]:  <501095> <NOTI> |AP Foun112-AP325-1@10.44.84.235 stm|  Assoc request @ 23:58:22.740041: 00:80:92:dc:35:bd (SN 0): AP 10.44.84.235-ac:a3:1e:58:50:80-Foun112-AP325-1
Sep 16 23:58:22 10.44.84.235 stm[3381]:  <501093> <NOTI> |AP Foun112-AP325-1@10.44.84.235 stm|  Auth success: 00:80:92:dc:35:bd: AP 10.44.84.235-ac:a3:1e:58:50:80-Foun112-AP325-1
Sep 16 23:58:22 AtkiG20-C5-A7280-2 stm[2085]: <501100> <2085> <NOTI> <AtkiG20-C5-A7280-2 10.47.0.23>  Assoc success @ 23:58:22.609915: 00:17:23:e2:08:52: AP 10.44.26.82-f0:5c:19:b9:0d:20-EXT-McCoC126-AP277-1
Sep 16 23:58:22 RUP2103-2-A7280-2 stm[7160]: <501100> <7160> <NOTI> <RUP2103-2-A7280-2 10.47.0.33>  Assoc success @ 23:58:22.469976: 00:9d:6b:ec:67:13: AP 10.45.81.48-38:17:c3:84:87:11-StuU231-AP345-1
Sep 16 23:58:22 RUP2103-2-A7280-2 stm[7160]: <501080> <7160> <NOTI> <RUP2103-2-A7280-2 10.47.0.33>  Deauth to sta: 00:9d:6b:ec:67:13: Ageout AP 10.45.81.71-38:17:c3:82:db:f1-StuU301-AP345-2 STA has roamed to another AP
Sep 16 23:58:22 RUP2103-2-A7280-1 stm[2144]: <501100> <2144> <NOTI> <RUP2103-2-A7280-1 10.47.0.32>  Assoc success @ 23:58:22.333473: f4:06:16:d6:bd:41: AP 10.44.60.20-b4:5d:50:13:75:31-EXT-Lync232-AP275-1
Sep 16 23:58:22 RUP2103-2-A7280-1 stm[2144]: <501080> <2144> <NOTI> <RUP2103-2-A7280-1 10.47.0.32>  Deauth to sta: f4:06:16:d6:bd:41: Ageout AP 10.44.60.16-b4:5d:50:13:7a:71-EXT-Lync150-AP275-1 STA has roamed to another AP
Sep 16 23:58:22 RUP2103-2-A7280-2 stm[7160]: <501100> <7160> <NOTI> <RUP2103-2-A7280-2 10.47.0.33>  Assoc success @ 23:58:22.274210: 54:33:cb:be:69:e4: AP 10.44.134.184-48:4a:e9:d5:d3:31-EXT-Colv1017B-AP375-1
Sep 16 23:58:22 RUP2103-2-A7280-2 stm[7160]: <501080> <7160> <NOTI> <RUP2103-2-A7280-2 10.47.0.33>  Deauth to sta: 54:33:cb:be:69:e4: Ageout AP 10.44.76.112-b4:5d:50:13:2a:d1-EXT-Rees122-AP275-1 STA has roamed to another AP
Sep 16 23:58:22 10.44.84.245 stm[2423]:  <501106> <NOTI> |AP Foun111-AP325-1@10.44.84.245 stm|  Deauth to sta: 00:80:92:dc:35:bd: Ageout AP 10.44.84.245-ac:a3:1e:58:49:00-Foun111-AP325-1 handle_sapcp
Sep 16 23:58:21 RUP2103-2-A7280-2 stm[7160]: <501100> <7160> <NOTI> <RUP2103-2-A7280-2 10.47.0.33>  Assoc success @ 23:58:21.754572: f8:2d:7c:89:67:dd: AP 10.44.72.179-b4:5d:50:13:78:e1-EXT-Cone163-AP275-1
Sep 16 23:58:21 RUP2103-2-A7280-2 stm[7160]: <501080> <7160> <NOTI> <RUP2103-2-A7280-2 10.47.0.33>  Deauth to sta: f8:2d:7c:89:67:dd: Ageout AP 10.44.72.180-b4:5d:50:13:75:81-EXT-Cone244-AP275-1 STA has roamed to another AP
Sep 16 23:58:21 10.44.64.109 stm[2107]:  <501100> <NOTI> |AP EXT-King104-AP275-1@10.44.64.109 stm|  Assoc success @ 23:58:21.414528: 90:cd:b6:2b:6e:48: AP 10.44.64.109-b4:5d:50:13:2b:a3-EXT-King104-AP275-1
Sep 16 23:58:21 10.47.0.22 stm[1806]: <501100> <1806> <NOTI> < 10.47.0.22>  Assoc success @ 23:58:21.417136: 90:cd:b6:2b:6e:48: AP 10.44.64.109-b4:5d:50:13:2b:a3-EXT-King104-AP275-1
Sep 16 23:58:21 10.44.64.109 stm[2107]:  <501095> <NOTI> |AP EXT-King104-AP275-1@10.44.64.109 stm|  Assoc request @ 23:58:21.410451: 90:cd:b6:2b:6e:48 (SN 3737): AP 10.44.64.109-b4:5d:50:13:2b:a3-EXT-King104-AP275-1
Sep 16 23:58:21 10.44.64.109 stm[2107]:  <501093> <NOTI> |AP EXT-King104-AP275-1@10.44.64.109 stm|  Auth success: 90:cd:b6:2b:6e:48: AP 10.44.64.109-b4:5d:50:13:2b:a3-EXT-King104-AP275-1
Sep 16 23:58:21 AtkiG20-C5-A7280-2 stm[2085]: <501100> <2085> <NOTI> <AtkiG20-C5-A7280-2 10.47.0.23>  Assoc success @ 23:58:21.394282: 00:17:23:e2:08:52: AP 10.44.26.82-f0:5c:19:b9:0d:20-EXT-McCoC126-AP277-1
Sep 16 23:58:21 10.44.64.109 stm[2107]:  <501105> <NOTI> |AP EXT-King104-AP275-1@10.44.64.109 stm|  Deauth from sta: 90:cd:b6:2b:6e:48: AP 10.44.64.109-b4:5d:50:13:2b:a3-EXT-King104-AP275-1 Reason Ptk Challenge Failed
Sep 16 23:58:21 10.47.0.22 stm[1806]: <501080> <3789> <NOTI> < 10.47.0.22>  Deauth to sta: 90:cd:b6:2b:6e:48: Ageout AP 10.44.64.109-b4:5d:50:13:2b:a3-EXT-King104-AP275-1 Ptk Challenge Failed
Sep 16 23:58:21 10.47.0.22 stm[1806]: <501106> <3789> <NOTI> < 10.47.0.22>  Deauth to sta: 90:cd:b6:2b:6e:48: Ageout AP 10.44.64.109-b4:5d:50:13:2b:a3-EXT-King104-AP275-1 wifi_deauth_sta
Sep 16 23:58:20 RUP2103-2-A7280-2 stm[7160]: <501100> <7160> <NOTI> <RUP2103-2-A7280-2 10.47.0.33>  Assoc success @ 23:58:20.753385: ec:2c:e2:14:a1:2e: AP 10.44.198.27-b4:5d:50:13:32:61-EXT-Auxi114-AP275-1
Sep 16 23:58:20 10.44.134.236 stm[4650]:  <501100> <NOTI> |AP Colv2102-AP325-1@10.44.134.236 stm|  Assoc success @ 23:58:20.506106: 90:cd:b6:13:87:89: AP 10.44.134.236-40:e3:d6:51:c0:c2-Colv2102-AP325-1
Sep 16 23:58:20 10.47.0.22 stm[1806]: <501100> <1806> <NOTI> < 10.47.0.22>  Assoc success @ 23:58:20.508049: 90:cd:b6:13:87:89: AP 10.44.134.236-40:e3:d6:51:c0:c2-Colv2102-AP325-1
Sep 16 23:58:20 10.44.134.236 stm[4650]:  <501095> <NOTI> |AP Colv2102-AP325-1@10.44.134.236 stm|  Assoc request @ 23:58:20.501826: 90:cd:b6:13:87:89 (SN 2056): AP 10.44.134.236-40:e3:d6:51:c0:c2-Colv2102-AP325-1
Sep 16 23:58:20 10.44.134.236 stm[4650]:  <501093> <NOTI> |AP Colv2102-AP325-1@10.44.134.236 stm|  Auth success: 90:cd:b6:13:87:89: AP 10.44.134.236-40:e3:d6:51:c0:c2-Colv2102-AP325-1
Sep 16 23:58:20 RUP2103-2-A7280-2 stm[7160]: <501100> <7160> <NOTI> <RUP2103-2-A7280-2 10.47.0.33>  Assoc success @ 23:58:20.430422: ec:2c:e2:14:a1:2e: AP 10.44.198.27-b4:5d:50:13:32:61-EXT-Auxi114-AP275-1
Sep 16 23:58:20 RUP2103-2-A7280-2 stm[7160]: <501080> <7160> <NOTI> <RUP2103-2-A7280-2 10.47.0.33>  Deauth to sta: ec:2c:e2:14:a1:2e: Ageout AP 10.44.194.75-b4:5d:50:13:76:a1-EXT-Came001-AP275-1 STA has roamed to another AP
Sep 16 23:58:20 10.47.194.220 stm[2433]:  <501105> <NOTI> |AP CenC002-AP324-1@10.47.194.220 stm|  Deauth from sta: 60:14:66:01:e5:96: AP 10.47.194.220-84:d4:7e:68:a8:a1-CenC002-AP324-1 Reason STA has roamed to another AP
Sep 16 23:58:20 10.47.0.22 stm[1806]: <501100> <1806> <NOTI> < 10.47.0.22>  Assoc success @ 23:58:20.200594: 60:14:66:01:e5:96: AP 10.47.194.193-ac:a3:1e:5a:ae:01-CenC050-AP325-2
Sep 16 23:58:20 10.44.134.236 stm[4650]:  <501105> <NOTI> |AP Colv2102-AP325-1@10.44.134.236 stm|  Deauth from sta: 90:cd:b6:13:87:89: AP 10.44.134.236-40:e3:d6:51:c0:c2-Colv2102-AP325-1 Reason Ptk Challenge Failed
Sep 16 23:58:20 10.47.0.22 stm[1806]: <501080> <1806> <NOTI> < 10.47.0.22>  Deauth to sta: 60:14:66:01:e5:96: Ageout AP 10.47.194.220-84:d4:7e:68:a8:a1-CenC002-AP324-1 STA has roamed to another AP
Sep 16 23:58:20 10.47.194.193 stm[2422]:  <501100> <NOTI> |AP CenC050-AP325-2@10.47.194.193 stm|  Assoc success @ 23:58:20.192764: 60:14:66:01:e5:96: AP 10.47.194.193-ac:a3:1e:5a:ae:01-CenC050-AP325-2
Sep 16 23:58:20 10.47.0.22 stm[1806]: <501080> <3789> <NOTI> < 10.47.0.22>  Deauth to sta: 90:cd:b6:13:87:89: Ageout AP 10.44.134.236-40:e3:d6:51:c0:c2-Colv2102-AP325-1 Ptk Challenge Failed
Sep 16 23:58:20 10.47.0.22 stm[1806]: <501106> <3789> <NOTI> < 10.47.0.22>  Deauth to sta: 90:cd:b6:13:87:89: Ageout AP 10.44.134.236-40:e3:d6:51:c0:c2-Colv2102-AP325-1 wifi_deauth_sta
Sep 16 23:58:20 10.47.194.193 stm[2422]:  <501095> <NOTI> |AP CenC050-AP325-2@10.47.194.193 stm|  Assoc request @ 23:58:20.188390: 60:14:66:01:e5:96 (SN 0): AP 10.47.194.193-ac:a3:1e:5a:ae:01-CenC050-AP325-2
Sep 16 23:58:20 10.47.194.193 stm[2422]:  <501093> <NOTI> |AP CenC050-AP325-2@10.47.194.193 stm|  Auth success: 60:14:66:01:e5:96: AP 10.47.194.193-ac:a3:1e:5a:ae:01-CenC050-AP325-2
Sep 16 23:58:20 10.45.8.178 stm[2103]:  <501105> <NOTI> |AP EXT-Denn105-AP275-1@10.45.8.178 stm|  Deauth from sta: dc:bf:e9:e1:19:ba: AP 10.45.8.178-b4:5d:50:13:86:d1-EXT-Denn105-AP275-1 Reason STA has roamed to another AP
Sep 16 23:58:20 10.47.0.22 stm[1806]: <501100> <1806> <NOTI> < 10.47.0.22>  Assoc success @ 23:58:20.114534: dc:bf:e9:e1:19:ba: AP 10.45.10.71-90:4c:81:8b:fc:01-Gari240-AP345-1
Sep 16 23:58:20 10.45.10.71 stm[1701]:  <501100> <NOTI> |AP Gari240-AP345-1@10.45.10.71 stm|  Assoc success @ 23:58:20.110492: dc:bf:e9:e1:19:ba: AP 10.45.10.71-90:4c:81:8b:fc:01-Gari240-AP345-1
Sep 16 23:58:20 10.47.0.22 stm[1806]: <501080> <1806> <NOTI> < 10.47.0.22>  Deauth to sta: dc:bf:e9:e1:19:ba: Ageout AP 10.45.8.178-b4:5d:50:13:86:d1-EXT-Denn105-AP275-1 STA has roamed to another AP
Sep 16 23:58:20 10.45.10.71 stm[1701]:  <501095> <NOTI> |AP Gari240-AP345-1@10.45.10.71 stm|  Assoc request @ 23:58:20.106896: dc:bf:e9:e1:19:ba (SN 2406): AP 10.45.10.71-90:4c:81:8b:fc:01-Gari240-AP345-1
Sep 16 23:58:19 10.45.10.71 stm[1701]:  <501093> <NOTI> |AP Gari240-AP345-1@10.45.10.71 stm|  Auth success: dc:bf:e9:e1:19:ba: AP 10.45.10.71-90:4c:81:8b:fc:01-Gari240-AP345-1
Sep 16 23:58:19 AtkiG20-C5-A7280-2 stm[2085]: <501100> <2085> <NOTI> <AtkiG20-C5-A7280-2 10.47.0.23>  Assoc success @ 23:58:19.348001: 00:17:23:e2:08:52: AP 10.44.26.82-f0:5c:19:b9:0d:20-EXT-McCoC126-AP277-1
Sep 16 23:58:19 10.44.192.120 stm[1695]:  <501100> <NOTI> |AP Pros114-AP345-1@10.44.192.120 stm|  Assoc success @ 23:58:19.195045: 40:83:de:f6:d9:f9: AP 10.44.192.120-38:17:c3:82:de:70-Pros114-AP345-1
Sep 16 23:58:19 10.47.0.22 stm[1806]: <501100> <1806> <NOTI> < 10.47.0.22>  Assoc success @ 23:58:19.196260: 40:83:de:f6:d9:f9: AP 10.44.192.120-38:17:c3:82:de:70-Pros114-AP345-1
Sep 16 23:58:19 10.44.192.120 stm[1695]:  <501095> <NOTI> |AP Pros114-AP345-1@10.44.192.120 stm|  Assoc request @ 23:58:19.191742: 40:83:de:f6:d9:f9 (SN 3619): AP 10.44.192.120-38:17:c3:82:de:70-Pros114-AP345-1
Sep 16 23:58:19 10.44.192.120 stm[1695]:  <501093> <NOTI> |AP Pros114-AP345-1@10.44.192.120 stm|  Auth success: 40:83:de:f6:d9:f9: AP 10.44.192.120-38:17:c3:82:de:70-Pros114-AP345-1
Sep 16 23:58:18 AtkiG20-C5-A7280-2 stm[2085]: <501100> <2085> <NOTI> <AtkiG20-C5-A7280-2 10.47.0.23>  Assoc success @ 23:58:18.958717: 6c:72:e7:06:d2:71: AP 10.44.60.17-b4:5d:50:13:7a:31-EXT-Lync101-AP275-1
Sep 16 23:58:17 RUP2103-2-A7280-2 stm[7160]: <501100> <7160> <NOTI> <RUP2103-2-A7280-2 10.47.0.33>  Assoc success @ 23:58:17.808692: 94:b0:1f:90:39:3f: AP 10.44.57.18-f0:5c:19:b9:10:f1-EXT-With100-AP277-1
Sep 16 23:58:17 RUP2103-2-A7280-2 stm[7160]: <501080> <7160> <NOTI> <RUP2103-2-A7280-2 10.47.0.33>  Deauth to sta: 94:b0:1f:90:39:3f: Ageout AP 10.44.60.16-b4:5d:50:13:7a:71-EXT-Lync150-AP275-1 STA has roamed to another AP
Sep 16 23:58:17 AtkiG20-C5-A7280-2 stm[2085]: <501100> <2085> <NOTI> <AtkiG20-C5-A7280-2 10.47.0.23>  Assoc success @ 23:58:17.587749: 00:17:23:e2:08:52: AP 10.44.26.82-f0:5c:19:b9:0d:20-EXT-McCoC126-AP277-1
Sep 16 23:58:17 10.45.0.211 stm[1694]:  <501100> <NOTI> |AP Kenn101-AP345-2@10.45.0.211 stm|  Assoc success @ 23:58:17.517120: 40:ed:98:5f:d5:bc: AP 10.45.0.211-38:17:c3:89:f8:71-Kenn101-AP345-2
Sep 16 23:58:17 10.47.0.22 stm[1806]: <501100> <1806> <NOTI> < 10.47.0.22>  Assoc success @ 23:58:17.517997: 40:ed:98:5f:d5:bc: AP 10.45.0.211-38:17:c3:89:f8:71-Kenn101-AP345-2
Sep 16 23:58:17 10.45.0.211 stm[1694]:  <501095> <NOTI> |AP Kenn101-AP345-2@10.45.0.211 stm|  Assoc request @ 23:58:17.513797: 40:ed:98:5f:d5:bc (SN 2504): AP 10.45.0.211-38:17:c3:89:f8:71-Kenn101-AP345-2
Sep 16 23:58:17 10.45.0.211 stm[1694]:  <501093> <NOTI> |AP Kenn101-AP345-2@10.45.0.211 stm|  Auth success: 40:ed:98:5f:d5:bc: AP 10.45.0.211-38:17:c3:89:f8:71-Kenn101-AP345-2
Sep 16 23:58:17 10.44.64.109 stm[2107]:  <501100> <NOTI> |AP EXT-King104-AP275-1@10.44.64.109 stm|  Assoc success @ 23:58:17.103367: 90:cd:b6:2b:6e:48: AP 10.44.64.109-b4:5d:50:13:2b:a3-EXT-King104-AP275-1
Sep 16 23:58:17 10.47.0.22 stm[1806]: <501100> <1806> <NOTI> < 10.47.0.22>  Assoc success @ 23:58:17.104086: 90:cd:b6:2b:6e:48: AP 10.44.64.109-b4:5d:50:13:2b:a3-EXT-King104-AP275-1
Sep 16 23:58:17 10.44.64.109 stm[2107]:  <501095> <NOTI> |AP EXT-King104-AP275-1@10.44.64.109 stm|  Assoc request @ 23:58:17.096679: 90:cd:b6:2b:6e:48 (SN 3664): AP 10.44.64.109-b4:5d:50:13:2b:a3-EXT-King104-AP275-1
Sep 16 23:58:17 10.44.64.109 stm[2107]:  <501093> <NOTI> |AP EXT-King104-AP275-1@10.44.64.109 stm|  Auth success: 90:cd:b6:2b:6e:48: AP 10.44.64.109-b4:5d:50:13:2b:a3-EXT-King104-AP275-1
Sep 16 23:58:16 RUP2103-2-A7280-1 stm[2144]: <501100> <2144> <NOTI> <RUP2103-2-A7280-1 10.47.0.32>  Assoc success @ 23:58:16.920669: b0:ca:68:9a:2c:b3: AP 10.44.78.174-94:b4:0f:2f:c8:31-EXT-SVDH222-AP275-1
Sep 16 23:58:16 RUP2103-2-A7280-1 stm[2144]: <501080> <2144> <NOTI> <RUP2103-2-A7280-1 10.47.0.32>  Deauth to sta: b0:ca:68:9a:2c:b3: Ageout AP 10.44.125.27-b4:5d:50:13:76:f1-EXT-HunH138-AP275-1 STA has roamed to another AP
Sep 16 23:58:16 AtkiG20-C5-A7280-2 stm[2085]: <501100> <2085> <NOTI> <AtkiG20-C5-A7280-2 10.47.0.23>  Assoc success @ 23:58:16.830179: 9c:8b:a0:ea:19:f3: AP 10.44.6.69-b4:5d:50:13:2b:11-EXT-Faci108-AP275-1
Sep 16 23:58:16 AtkiG20-C5-A7280-2 stm[2085]: <501080> <2085> <NOTI> <AtkiG20-C5-A7280-2 10.47.0.23>  Deauth to sta: 9c:8b:a0:ea:19:f3: Ageout AP 10.44.6.50-b4:5d:50:13:49:11-EXT-Faci131-AP275-1 STA has roamed to another AP
Sep 16 23:58:16 10.44.134.210 stm[4003]:  <501105> <NOTI> |AP Colv5021-AP325-1@10.44.134.210 stm|  Deauth from sta: 90:cd:b6:2b:6e:48: AP 10.44.134.210-40:e3:d6:52:44:c2-Colv5021-AP325-1 Reason Ptk Challenge Failed
Sep 16 23:58:16 10.47.0.22 stm[1806]: <501080> <3789> <NOTI> < 10.47.0.22>  Deauth to sta: 90:cd:b6:2b:6e:48: Ageout AP 10.44.134.210-40:e3:d6:52:44:c2-Colv5021-AP325-1 Ptk Challenge Failed
Sep 16 23:58:16 10.47.0.22 stm[1806]: <501106> <3789> <NOTI> < 10.47.0.22>  Deauth to sta: 90:cd:b6:2b:6e:48: Ageout AP 10.44.134.210-40:e3:d6:52:44:c2-Colv5021-AP325-1 wifi_deauth_sta
Sep 16 23:58:16 RUP2103-2-A7280-1 stm[2144]: <501100> <2144> <NOTI> <RUP2103-2-A7280-1 10.47.0.32>  Assoc success @ 23:58:16.619003: a8:51:5b:b4:35:e9: AP 10.45.81.68-38:17:c3:84:89:31-StuU241-AP345-1
Sep 16 23:58:16 RUP2103-2-A7280-1 stm[2144]: <501080> <2144> <NOTI> <RUP2103-2-A7280-1 10.47.0.32>  Deauth to sta: a8:51:5b:b4:35:e9: Ageout AP 10.45.81.48-38:17:c3:84:87:11-StuU231-AP345-1 STA has roamed to another AP
Sep 16 23:58:16 10.44.204.30 stm[3045]:  <501080> <NOTI> |AP StuH275-AP325-1@10.44.204.30 stm|  Deauth to sta: 40:26:19:5e:f9:58: Ageout AP 10.44.204.30-ac:a3:1e:54:16:d1-StuH275-AP325-1 Sapcp Ageout (internal ageout) 
Sep 16 23:58:16 AtkiG20-C5-A7280-2 stm[2085]: <501100> <2085> <NOTI> <AtkiG20-C5-A7280-2 10.47.0.23>  Assoc success @ 23:58:16.519001: 44:91:60:a6:31:77: AP 10.44.130.182-70:3a:0e:53:09:51-Stor2COR9-AP335-1
Sep 16 23:58:16 AtkiG20-C5-A7280-2 stm[2085]: <501080> <2085> <NOTI> <AtkiG20-C5-A7280-2 10.47.0.23>  Deauth to sta: 44:91:60:a6:31:77: Ageout AP 10.44.130.210-70:3a:0e:53:17:31-Stor222B-AP335-1 STA has roamed to another AP
Sep 16 23:58:16 10.44.196.117 stm[2421]:  <501105> <NOTI> |AP McEn401-AP325-1@10.44.196.117 stm|  Deauth from sta: 08:c5:e1:fc:71:24: AP 10.44.196.117-ac:a3:1e:5a:4a:e0-McEn401-AP325-1 Reason STA has roamed to another AP
Sep 16 23:58:16 10.47.0.22 stm[1806]: <501100> <1806> <NOTI> < 10.47.0.22>  Assoc success @ 23:58:16.446578: 08:c5:e1:fc:71:24: AP 10.44.196.132-40:e3:d6:4f:97:60-McEn4COR1-AP325-1
Sep 16 23:58:16 10.44.196.132 stm[2421]:  <501100> <NOTI> |AP McEn4COR1-AP325-1@10.44.196.132 stm|  Assoc success @ 23:58:16.440944: 08:c5:e1:fc:71:24: AP 10.44.196.132-40:e3:d6:4f:97:60-McEn4COR1-AP325-1
Sep 16 23:58:16 10.47.0.22 stm[1806]: <501080> <1806> <NOTI> < 10.47.0.22>  Deauth to sta: 08:c5:e1:fc:71:24: Ageout AP 10.44.196.117-ac:a3:1e:5a:4a:e0-McEn401-AP325-1 STA has roamed to another AP
Sep 16 23:58:16 10.44.196.132 stm[2421]:  <501095> <NOTI> |AP McEn4COR1-AP325-1@10.44.196.132 stm|  Assoc request @ 23:58:16.436601: 08:c5:e1:fc:71:24 (SN 0): AP 10.44.196.132-40:e3:d6:4f:97:60-McEn4COR1-AP325-1
Sep 16 23:58:16 10.44.196.132 stm[2421]:  <501093> <NOTI> |AP McEn4COR1-AP325-1@10.44.196.132 stm|  Auth success: 08:c5:e1:fc:71:24: AP 10.44.196.132-40:e3:d6:4f:97:60-McEn4COR1-AP325-1
Sep 16 23:58:16 AtkiG20-C5-A7280-2 stm[2085]: <501100> <2085> <NOTI> <AtkiG20-C5-A7280-2 10.47.0.23>  Assoc success @ 23:58:16.413843: fc:18:3c:d3:e5:29: AP 10.45.4.100-94:b4:0f:2d:6b:61-EXT-Cato142A-AP277-1
Sep 16 23:58:16 AtkiG20-C5-A7280-2 stm[2085]: <501080> <2085> <NOTI> <AtkiG20-C5-A7280-2 10.47.0.23>  Deauth to sta: fc:18:3c:d3:e5:29: Ageout AP 10.45.2.147-b4:5d:50:13:87:a1-EXT-Fret235D-AP275-1 STA has roamed to another AP
Sep 16 23:58:16 AtkiG20-C5-A7280-2 stm[2085]: <501100> <2085> <NOTI> <AtkiG20-C5-A7280-2 10.47.0.23>  Assoc success @ 23:58:16.378327: 00:17:23:e2:08:52: AP 10.44.26.82-f0:5c:19:b9:0d:20-EXT-McCoC126-AP277-1
Sep 16 23:58:16 RUP2103-2-A7280-1 stm[2144]: <501100> <2144> <NOTI> <RUP2103-2-A7280-1 10.47.0.32>  Assoc success @ 23:58:16.150180: fc:2a:9c:af:a7:41: AP 10.45.64.153-38:17:c3:84:5e:41-Atki125-AP345-3
Sep 16 23:58:16 RUP2103-2-A7280-1 stm[2144]: <501080> <2144> <NOTI> <RUP2103-2-A7280-1 10.47.0.32>  Deauth to sta: fc:2a:9c:af:a7:41: Ageout AP 10.45.65.37-38:17:c3:82:d6:31-AtkiG39-AP345-1 STA has roamed to another AP
Sep 16 23:58:15 10.44.134.236 stm[4650]:  <501100> <NOTI> |AP Colv2102-AP325-1@10.44.134.236 stm|  Assoc success @ 23:58:15.887674: 90:cd:b6:13:87:89: AP 10.44.134.236-40:e3:d6:51:c0:c2-Colv2102-AP325-1
Sep 16 23:58:15 10.47.0.22 stm[1806]: <501100> <1806> <NOTI> < 10.47.0.22>  Assoc success @ 23:58:15.889175: 90:cd:b6:13:87:89: AP 10.44.134.236-40:e3:d6:51:c0:c2-Colv2102-AP325-1
Sep 16 23:58:15 10.44.134.236 stm[4650]:  <501095> <NOTI> |AP Colv2102-AP325-1@10.44.134.236 stm|  Assoc request @ 23:58:15.883582: 90:cd:b6:13:87:89 (SN 2056): AP 10.44.134.236-40:e3:d6:51:c0:c2-Colv2102-AP325-1
Sep 16 23:58:15 10.44.134.236 stm[4650]:  <501093> <NOTI> |AP Colv2102-AP325-1@10.44.134.236 stm|  Auth success: 90:cd:b6:13:87:89: AP 10.44.134.236-40:e3:d6:51:c0:c2-Colv2102-AP325-1
Sep 16 23:58:15 10.44.134.236 stm[4650]:  <501105> <NOTI> |AP Colv2102-AP325-1@10.44.134.236 stm|  Deauth from sta: 90:cd:b6:13:87:89: AP 10.44.134.236-40:e3:d6:51:c0:c2-Colv2102-AP325-1 Reason Ptk Challenge Failed
Sep 16 23:58:15 10.47.0.22 stm[1806]: <501080> <3789> <NOTI> < 10.47.0.22>  Deauth to sta: 90:cd:b6:13:87:89: Ageout AP 10.44.134.236-40:e3:d6:51:c0:c2-Colv2102-AP325-1 Ptk Challenge Failed
Sep 16 23:58:15 10.47.0.22 stm[1806]: <501106> <3789> <NOTI> < 10.47.0.22>  Deauth to sta: 90:cd:b6:13:87:89: Ageout AP 10.44.134.236-40:e3:d6:51:c0:c2-Colv2102-AP325-1 wifi_deauth_sta
Sep 16 23:58:15 RUP2103-2-A7280-2 stm[7160]: <501100> <7160> <NOTI> <RUP2103-2-A7280-2 10.47.0.33>  Assoc success @ 23:58:15.293398: 20:a2:e4:c3:31:2e: AP 10.45.65.42-38:17:c3:82:dd:b1-Atki105D-AP345-1
Sep 16 23:58:15 RUP2103-2-A7280-2 stm[7160]: <501080> <7160> <NOTI> <RUP2103-2-A7280-2 10.47.0.33>  Deauth to sta: 20:a2:e4:c3:31:2e: Ageout AP 10.45.64.150-90:4c:81:8e:aa:41-Atki105D-AP345-5 STA has roamed to another AP
Sep 16 23:58:15 10.45.65.19 stm[1693]:  <501100> <NOTI> |AP Atki153C-AP345-1@10.45.65.19 stm|  Assoc success @ 23:58:15.222353: 5c:f9:38:7c:b8:da: AP 10.45.65.19-38:17:c3:82:de:10-Atki153C-AP345-1
Sep 16 23:58:15 10.47.0.22 stm[1806]: <501100> <1806> <NOTI> < 10.47.0.22>  Assoc success @ 23:58:15.219373: 5c:f9:38:7c:b8:da: AP 10.45.65.19-38:17:c3:82:de:10-Atki153C-AP345-1
Sep 16 23:58:15 10.45.65.19 stm[1693]:  <501095> <NOTI> |AP Atki153C-AP345-1@10.45.65.19 stm|  Assoc request @ 23:58:15.219121: 5c:f9:38:7c:b8:da (SN 4): AP 10.45.65.19-38:17:c3:82:de:10-Atki153C-AP345-1
Sep 16 23:58:15 10.45.65.19 stm[1693]:  <501093> <NOTI> |AP Atki153C-AP345-1@10.45.65.19 stm|  Auth success: 5c:f9:38:7c:b8:da: AP 10.45.65.19-38:17:c3:82:de:10-Atki153C-AP345-1
Sep 16 23:58:14 RUP2103-2-A7280-1 stm[2144]: <501100> <2144> <NOTI> <RUP2103-2-A7280-1 10.47.0.32>  Assoc success @ 23:58:14.769396: b8:b2:f8:73:2f:32: AP 10.45.64.238-38:17:c3:82:a8:b1-Atki800-AP345-2
Sep 16 23:58:14 RUP2103-2-A7280-2 stm[7160]: <501100> <7160> <NOTI> <RUP2103-2-A7280-2 10.47.0.33>  Assoc success @ 23:58:14.567213: cc:2d:b7:54:76:1f: AP 10.45.4.92-b4:5d:50:13:79:81-EXT-Cato111-AP275-1
Sep 16 23:58:14 RUP2103-2-A7280-2 stm[7160]: <501080> <7160> <NOTI> <RUP2103-2-A7280-2 10.47.0.33>  Deauth to sta: cc:2d:b7:54:76:1f: Ageout AP 10.45.2.144-b4:5d:50:13:4b:01-EXT-Fret100-AP275-1 STA has roamed to another AP
